{
  "acquire": {
    "failingTests": [
      "Team Acquire | Acceptance | Teammate Settings: Changing permissions for an invite",
      "Team Acquire | Acceptance | Teammate Settings: Inviting a member to the app",
      "Team Acquire | Integration: Component - Team - Member Component: should display avatars of all teams that the admin belongs to",
      "Team Acquire | Integration: Messages - Visitor Auto Message List V2: Acquire Standard customers can see the visitor auto message list and do not see the paywall icon for new messages",
      "Team Acquire | Integration: Messages - Visitor Auto Message List V2: Loading auto messages in the live message list",
      "Team Acquire | Integration: Messages - Visitor Auto Message List V2: Loading auto messages in the paused message list",
      "Team Acquire | Integration: Messages - Visitor Auto Message List V2: Searching messages",
      "Team Acquire | Integration: Show page for visitor auto messages: Can update live/paused state",
      "Team Acquire | Integration: Show page for visitor auto messages: correct buttons are visible",
      "Team Acquire | Unit: Component - Team - Pending Invite Component: clicking on resend invitation button should call resend on admin model",
      "Team Acquire | Unit: Component - Team - Pending Invite Component: clicking on revoke invitation button and confirming the modal should call deleteRecord on admin model"
    ],
    "testMeta": {
      "Team Acquire | Integration: Messages - Visitor Auto Message List V2: Loading auto messages in the paused message list": {
        "0pomsnlnp8dqseiyqbyugzaor": "1",
        "23oybqxov3zd1jt79no2lhxgvi": "1",
        "3j9y9nh47kt5wh9oax4huayvi": "1",
        "5l1l5ptouf32gloi3xlqziwwmi": "1",
        "654u0ahlr334w8dn5y1svsfw29": "1",
        "7tyuqe1k1o5nbe3xtp0c7919k9": "1",
        "7zh8mgesvsbj29q5qjd3oko6r": "1",
        "9mswtjrkjfpjyi7v7lksp2e29": "1",
        "bpp66c40dvr8tvp487c2wewmi": "1",
        "cxsy6mnvzkljrt4pzcgtlnmi": "1",
        "dcd7neidfjyjcd9lfm4ovquxr": "1",
        "epzmjd3y3lbhl3k1kd4sfw29": "1",
        "gb7hrmpsag7yigh8hjs8aor": "1",
        "klsh08xwy25co71omtfhia4i": "1",
        "kxeatjy8pv72q01d2zqv3g14i": "1",
        "ltyahh52ri7z5k01ap3gi7ldi": "1",
        "m4mzkny7m9fir8127mnlgzaor": "1",
        "mjyktigxpyh4p0l34x92akyb9": "1",
        "mw8j937k4mm35ddo2gvcayvi": "1",
        "ohrzcohwqcfibgpi1j4mzehfr": "1",
        "rr2yg46awozkz264p7ej6ecdi": "1",
        "rxlgcwyszod9437wy1b9h33di": "1",
        "vigf2irhxuyjc143g0bo11yvi": "1",
        "vj10t7vk3baauq57t3q3hm2t9": "1",
        "vjapqn3tdd914agpfn4tjra4i": "1",
        "xf3wsz3fu0qglfcmyemdq85mi": "1",
        "z84kxkcg8o30vmca71kinewmi": "1"
      },
      "Team Acquire | Integration: Messages - Visitor Auto Message List V2: Loading auto messages in the live message list": {
        "0pomsnlnp8dqseiyqbyugzaor": "1",
        "23oybqxov3zd1jt79no2lhxgvi": "1",
        "3j9y9nh47kt5wh9oax4huayvi": "1",
        "5l1l5ptouf32gloi3xlqziwwmi": "1",
        "654u0ahlr334w8dn5y1svsfw29": "1",
        "7tyuqe1k1o5nbe3xtp0c7919k9": "1",
        "7zh8mgesvsbj29q5qjd3oko6r": "1",
        "9mswtjrkjfpjyi7v7lksp2e29": "1",
        "bpp66c40dvr8tvp487c2wewmi": "1",
        "cxsy6mnvzkljrt4pzcgtlnmi": "1",
        "dcd7neidfjyjcd9lfm4ovquxr": "1",
        "epzmjd3y3lbhl3k1kd4sfw29": "1",
        "gb7hrmpsag7yigh8hjs8aor": "1",
        "klsh08xwy25co71omtfhia4i": "1",
        "kxeatjy8pv72q01d2zqv3g14i": "1",
        "ltyahh52ri7z5k01ap3gi7ldi": "1",
        "m4mzkny7m9fir8127mnlgzaor": "1",
        "mjyktigxpyh4p0l34x92akyb9": "1",
        "mw8j937k4mm35ddo2gvcayvi": "1",
        "ohrzcohwqcfibgpi1j4mzehfr": "1",
        "rr2yg46awozkz264p7ej6ecdi": "1",
        "rxlgcwyszod9437wy1b9h33di": "1",
        "vigf2irhxuyjc143g0bo11yvi": "1",
        "vj10t7vk3baauq57t3q3hm2t9": "1",
        "vjapqn3tdd914agpfn4tjra4i": "1",
        "xf3wsz3fu0qglfcmyemdq85mi": "1",
        "z84kxkcg8o30vmca71kinewmi": "1"
      },
      "Team Acquire | Integration: Messages - Visitor Auto Message List V2: Acquire Standard customers can see the visitor auto message list and do not see the paywall icon for new messages": {
        "0pomsnlnp8dqseiyqbyugzaor": "1",
        "23oybqxov3zd1jt79no2lhxgvi": "1",
        "3j9y9nh47kt5wh9oax4huayvi": "1",
        "5l1l5ptouf32gloi3xlqziwwmi": "1",
        "654u0ahlr334w8dn5y1svsfw29": "1",
        "7tyuqe1k1o5nbe3xtp0c7919k9": "1",
        "7zh8mgesvsbj29q5qjd3oko6r": "1",
        "9mswtjrkjfpjyi7v7lksp2e29": "1",
        "bpp66c40dvr8tvp487c2wewmi": "1",
        "cxsy6mnvzkljrt4pzcgtlnmi": "1",
        "dcd7neidfjyjcd9lfm4ovquxr": "1",
        "epzmjd3y3lbhl3k1kd4sfw29": "1",
        "gb7hrmpsag7yigh8hjs8aor": "1",
        "klsh08xwy25co71omtfhia4i": "1",
        "kxeatjy8pv72q01d2zqv3g14i": "1",
        "ltyahh52ri7z5k01ap3gi7ldi": "1",
        "m4mzkny7m9fir8127mnlgzaor": "1",
        "mjyktigxpyh4p0l34x92akyb9": "1",
        "mw8j937k4mm35ddo2gvcayvi": "1",
        "ohrzcohwqcfibgpi1j4mzehfr": "1",
        "rr2yg46awozkz264p7ej6ecdi": "1",
        "rxlgcwyszod9437wy1b9h33di": "1",
        "vigf2irhxuyjc143g0bo11yvi": "1",
        "vj10t7vk3baauq57t3q3hm2t9": "1",
        "vjapqn3tdd914agpfn4tjra4i": "1",
        "xf3wsz3fu0qglfcmyemdq85mi": "1",
        "z84kxkcg8o30vmca71kinewmi": "1"
      },
      "Team Acquire | Integration: Messages - Visitor Auto Message List V2: Searching messages": {
        "0pomsnlnp8dqseiyqbyugzaor": "1",
        "23oybqxov3zd1jt79no2lhxgvi": "1",
        "3j9y9nh47kt5wh9oax4huayvi": "1",
        "5l1l5ptouf32gloi3xlqziwwmi": "1",
        "654u0ahlr334w8dn5y1svsfw29": "1",
        "7tyuqe1k1o5nbe3xtp0c7919k9": "1",
        "7zh8mgesvsbj29q5qjd3oko6r": "1",
        "9mswtjrkjfpjyi7v7lksp2e29": "1",
        "bpp66c40dvr8tvp487c2wewmi": "1",
        "cxsy6mnvzkljrt4pzcgtlnmi": "1",
        "dcd7neidfjyjcd9lfm4ovquxr": "1",
        "epzmjd3y3lbhl3k1kd4sfw29": "1",
        "gb7hrmpsag7yigh8hjs8aor": "1",
        "klsh08xwy25co71omtfhia4i": "1",
        "kxeatjy8pv72q01d2zqv3g14i": "1",
        "ltyahh52ri7z5k01ap3gi7ldi": "1",
        "m4mzkny7m9fir8127mnlgzaor": "1",
        "mjyktigxpyh4p0l34x92akyb9": "1",
        "mw8j937k4mm35ddo2gvcayvi": "1",
        "ohrzcohwqcfibgpi1j4mzehfr": "1",
        "rr2yg46awozkz264p7ej6ecdi": "1",
        "rxlgcwyszod9437wy1b9h33di": "1",
        "vigf2irhxuyjc143g0bo11yvi": "1",
        "vj10t7vk3baauq57t3q3hm2t9": "1",
        "vjapqn3tdd914agpfn4tjra4i": "1",
        "xf3wsz3fu0qglfcmyemdq85mi": "1",
        "z84kxkcg8o30vmca71kinewmi": "1"
      },
      "Team Acquire | Integration: Show page for visitor auto messages: correct buttons are visible": {
        "0pomsnlnp8dqseiyqbyugzaor": "4",
        "23oybqxov3zd1jt79no2lhxgvi": "4",
        "3j9y9nh47kt5wh9oax4huayvi": "4",
        "5l1l5ptouf32gloi3xlqziwwmi": "4",
        "654u0ahlr334w8dn5y1svsfw29": "4",
        "7tyuqe1k1o5nbe3xtp0c7919k9": "4",
        "7zh8mgesvsbj29q5qjd3oko6r": "4",
        "9mswtjrkjfpjyi7v7lksp2e29": "4",
        "bpp66c40dvr8tvp487c2wewmi": "4",
        "cxsy6mnvzkljrt4pzcgtlnmi": "4",
        "dcd7neidfjyjcd9lfm4ovquxr": "4",
        "epzmjd3y3lbhl3k1kd4sfw29": "4",
        "gb7hrmpsag7yigh8hjs8aor": "4",
        "klsh08xwy25co71omtfhia4i": "4",
        "kxeatjy8pv72q01d2zqv3g14i": "4",
        "ltyahh52ri7z5k01ap3gi7ldi": "4",
        "m4mzkny7m9fir8127mnlgzaor": "4",
        "mjyktigxpyh4p0l34x92akyb9": "4",
        "mw8j937k4mm35ddo2gvcayvi": "4",
        "ohrzcohwqcfibgpi1j4mzehfr": "4",
        "rr2yg46awozkz264p7ej6ecdi": "4",
        "rxlgcwyszod9437wy1b9h33di": "4",
        "vigf2irhxuyjc143g0bo11yvi": "4",
        "vj10t7vk3baauq57t3q3hm2t9": "4",
        "vjapqn3tdd914agpfn4tjra4i": "4",
        "xf3wsz3fu0qglfcmyemdq85mi": "4",
        "z84kxkcg8o30vmca71kinewmi": "4"
      },
      "Team Acquire | Integration: Show page for visitor auto messages: Can update live/paused state": {
        "0pomsnlnp8dqseiyqbyugzaor": "4",
        "23oybqxov3zd1jt79no2lhxgvi": "4",
        "3j9y9nh47kt5wh9oax4huayvi": "4",
        "5l1l5ptouf32gloi3xlqziwwmi": "4",
        "654u0ahlr334w8dn5y1svsfw29": "4",
        "7tyuqe1k1o5nbe3xtp0c7919k9": "4",
        "7zh8mgesvsbj29q5qjd3oko6r": "4",
        "9mswtjrkjfpjyi7v7lksp2e29": "4",
        "bpp66c40dvr8tvp487c2wewmi": "4",
        "cxsy6mnvzkljrt4pzcgtlnmi": "4",
        "dcd7neidfjyjcd9lfm4ovquxr": "4",
        "epzmjd3y3lbhl3k1kd4sfw29": "4",
        "gb7hrmpsag7yigh8hjs8aor": "4",
        "klsh08xwy25co71omtfhia4i": "4",
        "kxeatjy8pv72q01d2zqv3g14i": "4",
        "ltyahh52ri7z5k01ap3gi7ldi": "4",
        "m4mzkny7m9fir8127mnlgzaor": "4",
        "mjyktigxpyh4p0l34x92akyb9": "4",
        "mw8j937k4mm35ddo2gvcayvi": "4",
        "ohrzcohwqcfibgpi1j4mzehfr": "4",
        "rr2yg46awozkz264p7ej6ecdi": "4",
        "rxlgcwyszod9437wy1b9h33di": "4",
        "vigf2irhxuyjc143g0bo11yvi": "4",
        "vj10t7vk3baauq57t3q3hm2t9": "4",
        "vjapqn3tdd914agpfn4tjra4i": "4",
        "xf3wsz3fu0qglfcmyemdq85mi": "4",
        "z84kxkcg8o30vmca71kinewmi": "4"
      },
      "Team Acquire | Integration: Component - Team - Member Component: should display avatars of all teams that the admin belongs to": {
        "0pomsnlnp8dqseiyqbyugzaor": "16",
        "23oybqxov3zd1jt79no2lhxgvi": "16",
        "3j9y9nh47kt5wh9oax4huayvi": "16",
        "5l1l5ptouf32gloi3xlqziwwmi": "16",
        "7tyuqe1k1o5nbe3xtp0c7919k9": "16",
        "7zh8mgesvsbj29q5qjd3oko6r": "16",
        "9mswtjrkjfpjyi7v7lksp2e29": "16",
        "bpp66c40dvr8tvp487c2wewmi": "16",
        "cxsy6mnvzkljrt4pzcgtlnmi": "16",
        "dcd7neidfjyjcd9lfm4ovquxr": "16",
        "epzmjd3y3lbhl3k1kd4sfw29": "16",
        "gb7hrmpsag7yigh8hjs8aor": "16",
        "klsh08xwy25co71omtfhia4i": "16",
        "kxeatjy8pv72q01d2zqv3g14i": "16",
        "ltyahh52ri7z5k01ap3gi7ldi": "16",
        "m4mzkny7m9fir8127mnlgzaor": "16",
        "mjyktigxpyh4p0l34x92akyb9": "16",
        "mw8j937k4mm35ddo2gvcayvi": "16",
        "ohrzcohwqcfibgpi1j4mzehfr": "16",
        "rr2yg46awozkz264p7ej6ecdi": "16",
        "rxlgcwyszod9437wy1b9h33di": "16",
        "vigf2irhxuyjc143g0bo11yvi": "16",
        "vj10t7vk3baauq57t3q3hm2t9": "16",
        "vjapqn3tdd914agpfn4tjra4i": "16",
        "xf3wsz3fu0qglfcmyemdq85mi": "16",
        "z84kxkcg8o30vmca71kinewmi": "16"
      },
      "Team Acquire | Acceptance | Teammate Settings: Changing permissions for an invite": {
        "23oybqxov3zd1jt79no2lhxgvi": "38",
        "3j9y9nh47kt5wh9oax4huayvi": "38",
        "5l1l5ptouf32gloi3xlqziwwmi": "38",
        "7tyuqe1k1o5nbe3xtp0c7919k9": "38",
        "7zh8mgesvsbj29q5qjd3oko6r": "38",
        "9mswtjrkjfpjyi7v7lksp2e29": "38",
        "dcd7neidfjyjcd9lfm4ovquxr": "38",
        "klsh08xwy25co71omtfhia4i": "38",
        "kxeatjy8pv72q01d2zqv3g14i": "38",
        "ltyahh52ri7z5k01ap3gi7ldi": "38",
        "m4mzkny7m9fir8127mnlgzaor": "38",
        "mjyktigxpyh4p0l34x92akyb9": "38",
        "ohrzcohwqcfibgpi1j4mzehfr": "38",
        "rxlgcwyszod9437wy1b9h33di": "38",
        "vigf2irhxuyjc143g0bo11yvi": "38",
        "vj10t7vk3baauq57t3q3hm2t9": "38",
        "z84kxkcg8o30vmca71kinewmi": "38"
      },
      "Team Acquire | Unit: Component - Team - Pending Invite Component: clicking on revoke invitation button and confirming the modal should call deleteRecord on admin model": {
        "5l1l5ptouf32gloi3xlqziwwmi": "50",
        "7tyuqe1k1o5nbe3xtp0c7919k9": "50",
        "bpp66c40dvr8tvp487c2wewmi": "50",
        "epzmjd3y3lbhl3k1kd4sfw29": "50",
        "gb7hrmpsag7yigh8hjs8aor": "50",
        "rxlgcwyszod9437wy1b9h33di": "50",
        "vigf2irhxuyjc143g0bo11yvi": "50",
        "vjapqn3tdd914agpfn4tjra4i": "50",
        "xf3wsz3fu0qglfcmyemdq85mi": "50"
      },
      "Team Acquire | Unit: Component - Team - Pending Invite Component: clicking on resend invitation button should call resend on admin model": {
        "5l1l5ptouf32gloi3xlqziwwmi": "50",
        "7tyuqe1k1o5nbe3xtp0c7919k9": "50",
        "bpp66c40dvr8tvp487c2wewmi": "50",
        "epzmjd3y3lbhl3k1kd4sfw29": "50",
        "gb7hrmpsag7yigh8hjs8aor": "50",
        "rxlgcwyszod9437wy1b9h33di": "50",
        "vigf2irhxuyjc143g0bo11yvi": "50",
        "vjapqn3tdd914agpfn4tjra4i": "50",
        "xf3wsz3fu0qglfcmyemdq85mi": "50"
      },
      "Team Acquire | Acceptance | Teammate Settings: Inviting a member to the app": {
        "7zh8mgesvsbj29q5qjd3oko6r": "38",
        "9mswtjrkjfpjyi7v7lksp2e29": "38",
        "cxsy6mnvzkljrt4pzcgtlnmi": "38",
        "klsh08xwy25co71omtfhia4i": "38",
        "ltyahh52ri7z5k01ap3gi7ldi": "38",
        "m4mzkny7m9fir8127mnlgzaor": "38",
        "mjyktigxpyh4p0l34x92akyb9": "38",
        "mw8j937k4mm35ddo2gvcayvi": "38",
        "ohrzcohwqcfibgpi1j4mzehfr": "38",
        "rr2yg46awozkz264p7ej6ecdi": "38",
        "rxlgcwyszod9437wy1b9h33di": "38",
        "vigf2irhxuyjc143g0bo11yvi": "38",
        "xf3wsz3fu0qglfcmyemdq85mi": "38",
        "z84kxkcg8o30vmca71kinewmi": "38"
      }
    }
  },
  "engage": {
    "failingTests": [
      "Team Engage 1 | Integration: Component - Campaign Setup | Integration | Component | campaigns/setup/campaign-setup: is in draft editing mode",
      "Team Engage 1 | Integration: Component - Campaign Setup | Integration | Component | campaigns/setup/campaign-setup: is in live mode",
      "Team Engage 1 | Integration: Component - Campaign Setup | Integration | Component | campaigns/setup/campaign-setup: is in stopped mode",
      "Team Engage 1 | Integration: Component - Campaigns Goal Editor | Integration | Component | campaigns/setup/campaign-goal-editor: Adding predicates",
      "Team Engage 1 | Integration: Component - Campaigns Goal Editor | Integration | Component | campaigns/setup/campaign-goal-editor: Existing predicates in edit mode",
      "Team Engage 1 | Integration: Component - Campaigns Goal Editor | Integration | Component | campaigns/setup/campaign-goal-editor: Existing predicates in non-edit mode",
      "Team Engage 1 | Integration: Component - Campaigns Goal Editor | Integration | Component | campaigns/setup/campaign-goal-editor: Removing predicates",
      "Team Engage 1 | Integration: Component - Campaigns Goal Editor | Integration | Component | campaigns/setup/campaign-goal-editor: User type header",
      "Team Engage 1 | Integration: Component - Campaigns Goal Editor | Integration | Component | campaigns/setup/campaign-goal-editor: with no predicates",
      "Team Engage 1 | Integration: Component - Campaigns User Preview | Integration | Component | campaigns/setup/user-preview: Lead stats",
      "Team Engage 1 | Integration: Component - Campaigns User Preview | Integration | Component | campaigns/setup/user-preview: Preview user requests are not made for invalid predicateGroups",
      "Team Engage 1 | Integration: Component - Campaigns User Preview | Integration | Component | campaigns/setup/user-preview: Rendering actual users",
      "Team Engage 1 | Integration: Component - Campaigns User Preview | Integration | Component | campaigns/setup/user-preview: Rendering empty and actual users",
      "Team Engage 1 | Integration: Component - Campaigns User Preview | Integration | Component | campaigns/setup/user-preview: Rendering users when there are more than can be shown",
      "Team Engage 1 | Integration: Component - Campaigns User Preview | Integration | Component | campaigns/setup/user-preview: Switching between campaigns should re-render the users",
      "Team Engage 1 | Integration: Component - Campaigns User Preview | Integration | Component | campaigns/setup/user-preview: When getting preview users the overlay displays",
      "Team Engage 1 | Integration: Component - Campaigns User Preview | Integration | Component | campaigns/setup/user-preview: title for a draft message",
      "Team Engage 1 | Integration: Component - Campaigns User Preview | Integration | Component | campaigns/setup/user-preview: title for a draft message with leads",
      "Team Engage 1 | Integration: Component - Campaigns User Preview | Integration | Component | campaigns/setup/user-preview: title for a live/stopped message",
      "Team Engage 1 | Integration: Component - Campaigns User Preview | Integration | Component | campaigns/setup/user-preview: title for a live/stopped message in edit mode",
      "Team Engage 1 | Integration: Component - Campaigns User Preview | Integration | Component | campaigns/setup/user-preview: title for a live/stopped message in edit mode with leads",
      "Team Engage 1 | Integration: Component - Message Audience Editor Component | Integration | Component | message-audience-editor-component: It shows the correct text when it's a limited response",
      "Team Engage 1 | Integration: Component - Message Audience Editor Component | Integration | Component | message-audience-editor-component: It shows the correct text when it's not a limited response",
      "Team Engage 1 | Integration: Component - Message Content Editor | Integration | Component | messages/editor/message-content-editor: the company attributes explanation shows if the message contents contains company attributes",
      "Team Engage 1 | Integration: Component - Message Editor Push Chrome | Integration | Component | message-editor/content/push/chrome: renders the component",
      "Team Engage 1 | Integration: Component - Message Editor Schedule Component | Integration | Component | message-editor/schedule-component: renders the schedule for a scheduled message",
      "Team Engage 1 | Integration: Component - Message Editor Stats Pre Send Info | Integration | Component | message-editor/stats/pre-send-info: With a manual in-app message selection state that has a count and targets users",
      "Team Engage 1 | Integration: Component - Message In-App Sidebar | Integration | Component | messages/editor/message-in-app-sidebar: Selecting reactions sets a default reaction set of four reactions",
      "Team Engage 1 | Integration: Component - Numeric Editor | Integration | Component | predicates/value-editors/numeric-editor: changing from has any value back to equal",
      "Team Engage 1 | Integration: Component - Numeric Editor | Integration | Component | predicates/value-editors/numeric-editor: changing from unknown back to equal",
      "Team Engage 1 | Integration: Component - Numeric Editor | Integration | Component | predicates/value-editors/numeric-editor: changing the comparator changes the predicate comparator",
      "Team Engage 1 | Integration: Component - Numeric Editor | Integration | Component | predicates/value-editors/numeric-editor: changing the value changes the predicate value",
      "Team Engage 1 | Integration: Component - Numeric Editor | Integration | Component | predicates/value-editors/numeric-editor: delete button is present and functional for all comparison types",
      "Team Engage 1 | Integration: Component - Numeric Editor | Integration | Component | predicates/value-editors/numeric-editor: hovering over delete button shows and hides highlight",
      "Team Engage 1 | Integration: Component - Numeric Editor | Integration | Component | predicates/value-editors/numeric-editor: it shows the correct options in the dropdown",
      "Team Engage 1 | Integration: Component - String Editor | Integration | Component | predicates/value-editors/string-editor: changing from unknown back to equal",
      "Team Engage 1 | Integration: Component - String Editor | Integration | Component | predicates/value-editors/string-editor: changing the comparator changes the predicate comparator",
      "Team Engage 1 | Integration: Component - String Editor | Integration | Component | predicates/value-editors/string-editor: changing the value changes the predicate value",
      "Team Engage 1 | Integration: Component - String Editor | Integration | Component | predicates/value-editors/string-editor: delete button is present and functional for all comparison types",
      "Team Engage 1 | Integration: Component - Variation Content Editor | Integration | Component | messages/editor/variation-content-editor: device toggle appears for read-only beckett in-apps",
      "Team Engage 1 | Integration: Component - Variation Content Editor | Integration | Component | messages/editor/variation-content-editor: device toggle does not appear for read-only beckett emails",
      "Team Engage 1 | Integration: Component - Variation Content Editor | Integration | Component | messages/editor/variation-content-editor: device toggle does not appear on push messages",
      "Team Engage 1 | Integration: Messages - Message Editor - Content: Deleting reactions from a draft message doesn't show a warning modal",
      "Team Engage 1 | Integration: Messages - Message Editor - Content: Deleting reactions from a live message shows a warning modal on the first edit only",
      "Team Engage 1 | Integration: Messages - Message Editor - Content: Editing reactions from a live message shows a warning modal on the first edit only",
      "Team Engage 1 | Integration: Messages - Message Editor Save and Revert: Auto save does not trigger on opening a draft and opening each of the panels",
      "Team Engage 1 | Integration: Messages - Message Editor Save and Revert: Auto save does not trigger on opening a draft and opening each of the panels with ember_engage_messenger_v3 enabled",
      "Team Engage 1 | Integration: Messages - Message Editor Save and Revert: Auto save should trigger on editing a variation attribute",
      "Team Engage 1 | Integration: Messages - Message Editor Save and Revert: Auto save should trigger on editing a variation attribute with ember_engage_messenger_v3 enabled",
      "Team Engage 1 | Integration: Messages - Message List - Manual Messages: Loading live manual messges show sending badge",
      "Team Engage 1 | Integration: Messages - Message List - Manual Messages: Loading manual messages in the draft message list",
      "Team Engage 1 | Integration: Messages - Message List - Manual Messages: Loading manual messages in the scheduled message list",
      "Team Engage 1 | Integration: Messages - Message List - Manual Messages: Loading manual messages in the sent message list",
      "Team Engage 1 | Integration: Messages - Message List - Manual Messages: Loading manual messages in the sent message list does not show failed stats",
      "Team Engage 1 | Integration: Messages - Message List - Manual Messages: Loading manual messages in the sent message list shows failed stats",
      "Team Engage 1 | Integration: Messages - Message List - Manual Messages: Searching messages",
      "Team Engage 1 | Integration: Messages - Message Scheduling: Channel editor opens a modal if switching a message with a message delivery window from email to in-app",
      "Team Engage 1 | Integration: Messages - Message Scheduling: Message Scheduling Form schedule/cancel behaviour",
      "Team Engage 1 | Integration: Messages - Message Scheduling: Message Scheduling works correctly",
      "Team Engage 1 | Integration: Messages - Message Scheduling: Removing Message Scheduling works correctly",
      "Team Engage 1 | Integration: Messages Editor - Folders & Campaigns: Assigning a campaign message to a folder and visa versa",
      "Team Engage 1 | Integration: Messages Editor - Folders & Campaigns: Editing the campaign in the Title Editing section",
      "Team Engage 1 | Integration: Messages Editor - Folders & Campaigns: Editing the folder in the Title Editing section",
      "Team Engage 1 | Unit | Controller | apps/app/engage/messages/auto/campaigns/campaign/index: autosave always fires on draft campaigns",
      "Team Engage 1 | Unit | Controller | apps/app/engage/messages/auto/campaigns/campaign/index: autosave does not fire on invalid predicates on draft campaigns",
      "Team Engage 1 | Unit: Component - Campaigns - Campaign Spacing Editor: Changing the spacing value works",
      "Team Engage 1 | Unit: Component - Message Editor - Title Header Component: A message with a campaign",
      "Team Engage 1 | Unit: Component - Message Editor - Title Header Component: A message with a folder",
      "Team Engage 1 | Unit: Component - Message Editor - Title Header Component: A message with no folder or campaign",
      "Team Engage 1 | Unit: NewMessage Model: saving does not clobber the local copy of the message - Really a test of RestAdapter(WithReload)",
      "Team Engage 2 | Acceptance | Legacy Message Show page Messenger v2: the Acquire show page",
      "Team Engage 2 | Acceptance | Legacy Message Show page Messenger v2: the Acquire show page direct url",
      "Team Engage 2 | Acceptance | Legacy Message Show page Messenger v2: the Engage Auto show page",
      "Team Engage 2 | Acceptance | Legacy Message Show page Messenger v2: the Engage Auto show page direct url",
      "Team Engage 2 | Acceptance | Legacy Message Show page Messenger v2: the Engage Manual show page",
      "Team Engage 2 | Acceptance | Legacy Message Show page Messenger v2: the Engage Manual show page direct url",
      "Team Engage 2 | Acceptance | Legacy Message Show page Messenger v3: the Acquire show page",
      "Team Engage 2 | Acceptance | Legacy Message Show page Messenger v3: the Acquire show page direct url",
      "Team Engage 2 | Acceptance | Legacy Message Show page Messenger v3: the Engage Auto show page",
      "Team Engage 2 | Acceptance | Legacy Message Show page Messenger v3: the Engage Auto show page direct url",
      "Team Engage 2 | Acceptance | Legacy Message Show page Messenger v3: the Engage Manual show page",
      "Team Engage 2 | Acceptance | Legacy Message Show page Messenger v3: the Engage Manual show page direct url",
      "Team Engage 2 | Acceptance | Message Summary Page Rerouting: Acquire message from index",
      "Team Engage 2 | Acceptance | Message Summary Page Rerouting: Always reroute to acquire beckett housing for visitor auto messages",
      "Team Engage 2 | Acceptance | Message Summary Page Rerouting: Always reroute to engage beckett housing for auto messages",
      "Team Engage 2 | Acceptance | Message Summary Page Rerouting: Always reroute to engage beckett housing for manual messages",
      "Team Engage 2 | Acceptance | Message Summary Page Rerouting: Engage auto message from index",
      "Team Engage 2 | Acceptance | Message Summary Page Rerouting: Engage manual message from index",
      "Team Engage 2 | Integration: Messages - Message Show Page: Admins without permission cannot go to the auto message show page",
      "Team Engage 2 | Integration: Messages - Message Show Page: Message Show page shows the delivery window panel and pending users count",
      "Team Engage 2 | Integration: Messages - Message Show Page: Show auto message stats page filters have correct paths",
      "Team Engage 2 | Integration: Messages - Message Show Page: Show manual message stats page filters have correct paths",
      "Team Engage 2 | Integration: Messages - Mobile Push: Enabling and editing a Mobile Push message triggers a modal if the content panel has been opened",
      "Team Engage 2 | Integration: Messages - Mobile Push: Enabling and editing a Mobile Push message triggers a modal if the content panel has been opened with ember_engage_messenger_v3 enabled",
      "Team Engage 2 | Unit: Model - Messages / Audience Preview: It loads correctly",
      "Team Engage 2 | Unit: Model - Messages / Goal: goal is invalid if it contains an invalid predicate",
      "Team Engage 2 | Unit: Model - Messages / Goal: goal is valid if it contains an empty predicate list",
      "Team Engage 2 | Unit: Model - Messages / Goal: predicatesAsJSON is correct",
      "Team Engage 2 | Unit: Model - Predicate: Test get the correct user type for a user-role predicate",
      "Team Engage 3 | Acceptance | message-view-and-edit/message-actions: Moving a message to a campaign",
      "Team Engage 3 | Acceptance | message-view-and-edit/message-actions: Moving a message to a folder",
      "Team Engage 3 | Acceptance | message-view-and-edit/message-actions: Removing a message from a campaign",
      "Team Engage 3 | Acceptance | message-view-and-edit/message-actions: Removing a message from a folder",
      "Team Engage 3 | Acceptance | message-view-and-edit/message-actions: You cannot move a campaign with dependencies",
      "Team Engage 3 | Acceptance | message-view-and-edit/route-error-handling: Opening a message",
      "Team Engage 3 | Acceptance | message-view-and-edit/route-error-handling: Visiting the message route populates the store with the default email templates",
      "Team Engage 3 | Acceptance | message-view-and-edit/summary stats: Acquire: Switching to opened stat should not work",
      "Team Engage 3 | Acceptance | message-view-and-edit/summary stats: Bulk Messaging users should work",
      "Team Engage 3 | Acceptance | message-view-and-edit/summary stats: Bulk Messaging users should work with reactions",
      "Team Engage 3 | Acceptance | message-view-and-edit/summary stats: Bulk Tagging users should work",
      "Team Engage 3 | Acceptance | message-view-and-edit/summary stats: Bulk Tagging users should work with reactions",
      "Team Engage 3 | Acceptance | message-view-and-edit/summary stats: Engage Auto: Switching to the inverse of a stat works",
      "Team Engage 3 | Acceptance | message-view-and-edit/summary stats: Engage Manual: Switching to the inverse of a stat works",
      "Team Engage 3 | Acceptance | message-view-and-edit/summary stats: Paging works",
      "Team Engage 3 | Acceptance | message-view-and-edit/summary stats: Switching between conversations and replied should work",
      "Team Engage 3 | Acceptance | message-view-and-edit/summary stats: Switching to different reactions stats should work",
      "Team Engage 3 | Acceptance | message-view-and-edit/summary stats: clicking a stat tab should not have the stat inverted by default",
      "Team Engage 3 | Acceptance | message-view-and-edit/summary stats: clicking between variations should always default to the content tab",
      "Team Engage 3 | Integration: Component - Message Editor Stats List Headers | Integration | Component | message-editor/stats/tables/list-headers: The list headers are correct for leads",
      "Team Engage 3 | Integration: Component - Message Editor Users List Component | Integration | Component | message-editor/stats/users-list: Paging with select all checked and unchecked works correctly",
      "Team Engage 3 | Integration: Component - Message Editor Users List Component | Integration | Component | message-editor/stats/users-list: Paging with select all checked works correctly",
      "Team Engage 3 | Integration: Component - Message Editor Users List Component | Integration | Component | message-editor/stats/users-list: Paging works",
      "Team Engage 3 | Integration: Component - Message View and Edit Component | Integration | Component | messages/message-view-and-edit-component: Loading an auto message shows the correct panel indices",
      "Team Engage 3 | Integration: Component - Message View and Edit Component | Integration | Component | messages/message-view-and-edit-component: Loading an auto message shows the correct panels in the correct order",
      "Team Engage 3 | Integration: Component - Message View and Edit Component | Integration | Component | messages/message-view-and-edit-component: The component contains the message editor with chrome",
      "Team Engage 3 | Integration: Component - Message View and Edit Component | Integration | Component | messages/message-view-and-edit-component: We render the correct email from address when it is custom",
      "Team Engage 3 | Integration: Component - Message View and Edit Component | Integration | Component | messages/message-view-and-edit-component: clicking activate on a stopped message results in the relevant task action being performed",
      "Team Engage 3 | Integration: Component - Message View and Edit Component | Integration | Component | messages/message-view-and-edit-component: clicking deactivate on a live message results in the relevant task action being performed",
      "Team Engage 3 | Integration: Component - Message View and Edit Component | Integration | Component | messages/message-view-and-edit-component: clicking delete on a message results in the relevant task action being performed",
      "Team Engage 3 | Integration: Component - Message View and Edit Component | Integration | Component | messages/message-view-and-edit-component: clicking duplicate on a message results in the relevant task action being performed",
      "Team Engage 3 | Integration: Component - Message View and Edit Component | Integration | Component | messages/message-view-and-edit-component: clicking removeSchedule results in the relevant task action being performed",
      "Team Engage 3 | Integration: Component - Message View and Edit Component | Integration | Component | messages/message-view-and-edit-component: clicking stop on a live manual message results in the relevant task action being performed",
      "Team Engage 3 | Integration: Component - Message View and Edit Component | Integration | Component | messages/message-view-and-edit-component: it does not show the temporary close edit mode button in show mode",
      "Team Engage 3 | Integration: Copy message to parent app: Messages do not have copy button on test apps if feature is disabled",
      "Team Engage 3 | Integration: Copy message to parent app: Messages have copy button on tests apps if feature is enabled",
      "Team Engage 3 | Integration: Messages - Folders: Creating a folder",
      "Team Engage 3 | Integration: Messages - Folders: Removing messages from folders when not in folder view",
      "Team Engage 3 | Integration: Messages - Message List - Auto Messages: Loading auto messages does not show failed stats",
      "Team Engage 3 | Integration: Messages - Message List - Auto Messages: Loading auto messages in the draft message list",
      "Team Engage 3 | Integration: Messages - Message List - Auto Messages: Loading auto messages in the live message list",
      "Team Engage 3 | Integration: Messages - Message List - Auto Messages: Loading auto messages in the paused message list",
      "Team Engage 3 | Integration: Messages - Message List - Auto Messages: Loading auto messages in the scheduled message list",
      "Team Engage 3 | Integration: Messages - Message List - Auto Messages: Loading auto messages shows failed stats",
      "Team Engage 3 | Integration: Messages - Message List - Auto Messages: Searching messages",
      "Team Engage 3 | Integration: Messages - Message List - Auto Messages: Selecting messages"
    ],
    "testMeta": {
      "Team Engage 1 | Integration: Component - Message Editor Push Chrome | Integration | Component | message-editor/content/push/chrome: renders the component": {
        "0pomsnlnp8dqseiyqbyugzaor": "1",
        "23oybqxov3zd1jt79no2lhxgvi": "1",
        "3j9y9nh47kt5wh9oax4huayvi": "1",
        "5l1l5ptouf32gloi3xlqziwwmi": "1",
        "7zh8mgesvsbj29q5qjd3oko6r": "1",
        "9mswtjrkjfpjyi7v7lksp2e29": "1",
        "bpp66c40dvr8tvp487c2wewmi": "1",
        "cxsy6mnvzkljrt4pzcgtlnmi": "1",
        "klsh08xwy25co71omtfhia4i": "1",
        "kxeatjy8pv72q01d2zqv3g14i": "1",
        "m4mzkny7m9fir8127mnlgzaor": "1",
        "ohrzcohwqcfibgpi1j4mzehfr": "1",
        "vjapqn3tdd914agpfn4tjra4i": "1"
      },
      "Team Engage 2 | Integration: Messages - Message Show Page: Show manual message stats page filters have correct paths": {
        "0pomsnlnp8dqseiyqbyugzaor": "4",
        "23oybqxov3zd1jt79no2lhxgvi": "4",
        "3j9y9nh47kt5wh9oax4huayvi": "4",
        "5l1l5ptouf32gloi3xlqziwwmi": "4",
        "654u0ahlr334w8dn5y1svsfw29": "4",
        "7tyuqe1k1o5nbe3xtp0c7919k9": "4",
        "7zh8mgesvsbj29q5qjd3oko6r": "4",
        "9mswtjrkjfpjyi7v7lksp2e29": "4",
        "bpp66c40dvr8tvp487c2wewmi": "4",
        "cxsy6mnvzkljrt4pzcgtlnmi": "4",
        "dcd7neidfjyjcd9lfm4ovquxr": "4",
        "epzmjd3y3lbhl3k1kd4sfw29": "4",
        "gb7hrmpsag7yigh8hjs8aor": "4",
        "klsh08xwy25co71omtfhia4i": "4",
        "kxeatjy8pv72q01d2zqv3g14i": "4",
        "ltyahh52ri7z5k01ap3gi7ldi": "4",
        "m4mzkny7m9fir8127mnlgzaor": "4",
        "mjyktigxpyh4p0l34x92akyb9": "4",
        "mw8j937k4mm35ddo2gvcayvi": "4",
        "ohrzcohwqcfibgpi1j4mzehfr": "4",
        "rr2yg46awozkz264p7ej6ecdi": "4",
        "rxlgcwyszod9437wy1b9h33di": "4",
        "vigf2irhxuyjc143g0bo11yvi": "4",
        "vj10t7vk3baauq57t3q3hm2t9": "4",
        "vjapqn3tdd914agpfn4tjra4i": "4",
        "xf3wsz3fu0qglfcmyemdq85mi": "4",
        "z84kxkcg8o30vmca71kinewmi": "4"
      },
      "Team Engage 2 | Integration: Messages - Message Show Page: Show auto message stats page filters have correct paths": {
        "0pomsnlnp8dqseiyqbyugzaor": "4",
        "23oybqxov3zd1jt79no2lhxgvi": "4",
        "3j9y9nh47kt5wh9oax4huayvi": "4",
        "5l1l5ptouf32gloi3xlqziwwmi": "4",
        "654u0ahlr334w8dn5y1svsfw29": "4",
        "7tyuqe1k1o5nbe3xtp0c7919k9": "4",
        "7zh8mgesvsbj29q5qjd3oko6r": "4",
        "9mswtjrkjfpjyi7v7lksp2e29": "4",
        "bpp66c40dvr8tvp487c2wewmi": "4",
        "cxsy6mnvzkljrt4pzcgtlnmi": "4",
        "dcd7neidfjyjcd9lfm4ovquxr": "4",
        "epzmjd3y3lbhl3k1kd4sfw29": "4",
        "gb7hrmpsag7yigh8hjs8aor": "4",
        "klsh08xwy25co71omtfhia4i": "4",
        "kxeatjy8pv72q01d2zqv3g14i": "4",
        "ltyahh52ri7z5k01ap3gi7ldi": "4",
        "m4mzkny7m9fir8127mnlgzaor": "4",
        "mjyktigxpyh4p0l34x92akyb9": "4",
        "mw8j937k4mm35ddo2gvcayvi": "4",
        "ohrzcohwqcfibgpi1j4mzehfr": "4",
        "rr2yg46awozkz264p7ej6ecdi": "4",
        "rxlgcwyszod9437wy1b9h33di": "4",
        "vigf2irhxuyjc143g0bo11yvi": "4",
        "vj10t7vk3baauq57t3q3hm2t9": "4",
        "vjapqn3tdd914agpfn4tjra4i": "4",
        "xf3wsz3fu0qglfcmyemdq85mi": "4",
        "z84kxkcg8o30vmca71kinewmi": "4"
      },
      "Team Engage 3 | Integration: Copy message to parent app: Messages do not have copy button on test apps if feature is disabled": {
        "0pomsnlnp8dqseiyqbyugzaor": "4",
        "23oybqxov3zd1jt79no2lhxgvi": "4",
        "3j9y9nh47kt5wh9oax4huayvi": "4",
        "5l1l5ptouf32gloi3xlqziwwmi": "4",
        "654u0ahlr334w8dn5y1svsfw29": "4",
        "7tyuqe1k1o5nbe3xtp0c7919k9": "4",
        "7zh8mgesvsbj29q5qjd3oko6r": "4",
        "9mswtjrkjfpjyi7v7lksp2e29": "4",
        "bpp66c40dvr8tvp487c2wewmi": "4",
        "cxsy6mnvzkljrt4pzcgtlnmi": "4",
        "dcd7neidfjyjcd9lfm4ovquxr": "4",
        "epzmjd3y3lbhl3k1kd4sfw29": "4",
        "gb7hrmpsag7yigh8hjs8aor": "4",
        "klsh08xwy25co71omtfhia4i": "4",
        "kxeatjy8pv72q01d2zqv3g14i": "4",
        "ltyahh52ri7z5k01ap3gi7ldi": "4",
        "m4mzkny7m9fir8127mnlgzaor": "4",
        "mjyktigxpyh4p0l34x92akyb9": "4",
        "mw8j937k4mm35ddo2gvcayvi": "4",
        "ohrzcohwqcfibgpi1j4mzehfr": "4",
        "rr2yg46awozkz264p7ej6ecdi": "4",
        "rxlgcwyszod9437wy1b9h33di": "4",
        "vigf2irhxuyjc143g0bo11yvi": "4",
        "vj10t7vk3baauq57t3q3hm2t9": "4",
        "vjapqn3tdd914agpfn4tjra4i": "4",
        "xf3wsz3fu0qglfcmyemdq85mi": "4",
        "z84kxkcg8o30vmca71kinewmi": "4"
      },
      "Team Engage 2 | Integration: Messages - Message Show Page: Message Show page shows the delivery window panel and pending users count": {
        "0pomsnlnp8dqseiyqbyugzaor": "4",
        "23oybqxov3zd1jt79no2lhxgvi": "4",
        "3j9y9nh47kt5wh9oax4huayvi": "4",
        "5l1l5ptouf32gloi3xlqziwwmi": "4",
        "654u0ahlr334w8dn5y1svsfw29": "4",
        "7tyuqe1k1o5nbe3xtp0c7919k9": "4",
        "7zh8mgesvsbj29q5qjd3oko6r": "4",
        "9mswtjrkjfpjyi7v7lksp2e29": "4",
        "bpp66c40dvr8tvp487c2wewmi": "4",
        "cxsy6mnvzkljrt4pzcgtlnmi": "4",
        "dcd7neidfjyjcd9lfm4ovquxr": "4",
        "epzmjd3y3lbhl3k1kd4sfw29": "4",
        "gb7hrmpsag7yigh8hjs8aor": "4",
        "klsh08xwy25co71omtfhia4i": "4",
        "kxeatjy8pv72q01d2zqv3g14i": "4",
        "ltyahh52ri7z5k01ap3gi7ldi": "4",
        "m4mzkny7m9fir8127mnlgzaor": "4",
        "mjyktigxpyh4p0l34x92akyb9": "4",
        "mw8j937k4mm35ddo2gvcayvi": "4",
        "ohrzcohwqcfibgpi1j4mzehfr": "4",
        "rr2yg46awozkz264p7ej6ecdi": "4",
        "rxlgcwyszod9437wy1b9h33di": "4",
        "vigf2irhxuyjc143g0bo11yvi": "4",
        "vj10t7vk3baauq57t3q3hm2t9": "4",
        "vjapqn3tdd914agpfn4tjra4i": "4",
        "xf3wsz3fu0qglfcmyemdq85mi": "4",
        "z84kxkcg8o30vmca71kinewmi": "4"
      },
      "Team Engage 3 | Integration: Copy message to parent app: Messages have copy button on tests apps if feature is enabled": {
        "0pomsnlnp8dqseiyqbyugzaor": "4",
        "23oybqxov3zd1jt79no2lhxgvi": "4",
        "3j9y9nh47kt5wh9oax4huayvi": "4",
        "5l1l5ptouf32gloi3xlqziwwmi": "4",
        "654u0ahlr334w8dn5y1svsfw29": "4",
        "7tyuqe1k1o5nbe3xtp0c7919k9": "4",
        "7zh8mgesvsbj29q5qjd3oko6r": "4",
        "9mswtjrkjfpjyi7v7lksp2e29": "4",
        "bpp66c40dvr8tvp487c2wewmi": "4",
        "cxsy6mnvzkljrt4pzcgtlnmi": "4",
        "dcd7neidfjyjcd9lfm4ovquxr": "4",
        "epzmjd3y3lbhl3k1kd4sfw29": "4",
        "gb7hrmpsag7yigh8hjs8aor": "4",
        "klsh08xwy25co71omtfhia4i": "4",
        "kxeatjy8pv72q01d2zqv3g14i": "4",
        "ltyahh52ri7z5k01ap3gi7ldi": "4",
        "m4mzkny7m9fir8127mnlgzaor": "4",
        "mjyktigxpyh4p0l34x92akyb9": "4",
        "mw8j937k4mm35ddo2gvcayvi": "4",
        "ohrzcohwqcfibgpi1j4mzehfr": "4",
        "rr2yg46awozkz264p7ej6ecdi": "4",
        "rxlgcwyszod9437wy1b9h33di": "4",
        "vigf2irhxuyjc143g0bo11yvi": "4",
        "vj10t7vk3baauq57t3q3hm2t9": "4",
        "vjapqn3tdd914agpfn4tjra4i": "4",
        "xf3wsz3fu0qglfcmyemdq85mi": "4",
        "z84kxkcg8o30vmca71kinewmi": "4"
      },
      "Team Engage 3 | Acceptance | message-view-and-edit/message-actions: Moving a message to a campaign": {
        "0pomsnlnp8dqseiyqbyugzaor": "11",
        "23oybqxov3zd1jt79no2lhxgvi": "11",
        "3j9y9nh47kt5wh9oax4huayvi": "11",
        "5l1l5ptouf32gloi3xlqziwwmi": "11",
        "654u0ahlr334w8dn5y1svsfw29": "11",
        "7tyuqe1k1o5nbe3xtp0c7919k9": "11",
        "7zh8mgesvsbj29q5qjd3oko6r": "11",
        "9mswtjrkjfpjyi7v7lksp2e29": "11",
        "bpp66c40dvr8tvp487c2wewmi": "11",
        "cxsy6mnvzkljrt4pzcgtlnmi": "11",
        "dcd7neidfjyjcd9lfm4ovquxr": "11",
        "epzmjd3y3lbhl3k1kd4sfw29": "11",
        "gb7hrmpsag7yigh8hjs8aor": "11",
        "klsh08xwy25co71omtfhia4i": "11",
        "kxeatjy8pv72q01d2zqv3g14i": "11",
        "ltyahh52ri7z5k01ap3gi7ldi": "11",
        "m4mzkny7m9fir8127mnlgzaor": "11",
        "mjyktigxpyh4p0l34x92akyb9": "11",
        "mw8j937k4mm35ddo2gvcayvi": "11",
        "ohrzcohwqcfibgpi1j4mzehfr": "11",
        "rr2yg46awozkz264p7ej6ecdi": "11",
        "rxlgcwyszod9437wy1b9h33di": "11",
        "vigf2irhxuyjc143g0bo11yvi": "11",
        "vj10t7vk3baauq57t3q3hm2t9": "11",
        "vjapqn3tdd914agpfn4tjra4i": "11",
        "xf3wsz3fu0qglfcmyemdq85mi": "11",
        "z84kxkcg8o30vmca71kinewmi": "11"
      },
      "Team Engage 3 | Acceptance | message-view-and-edit/message-actions: Moving a message to a folder": {
        "0pomsnlnp8dqseiyqbyugzaor": "11",
        "23oybqxov3zd1jt79no2lhxgvi": "11",
        "3j9y9nh47kt5wh9oax4huayvi": "11",
        "5l1l5ptouf32gloi3xlqziwwmi": "11",
        "654u0ahlr334w8dn5y1svsfw29": "11",
        "7tyuqe1k1o5nbe3xtp0c7919k9": "11",
        "7zh8mgesvsbj29q5qjd3oko6r": "11",
        "9mswtjrkjfpjyi7v7lksp2e29": "11",
        "bpp66c40dvr8tvp487c2wewmi": "11",
        "cxsy6mnvzkljrt4pzcgtlnmi": "11",
        "dcd7neidfjyjcd9lfm4ovquxr": "11",
        "epzmjd3y3lbhl3k1kd4sfw29": "11",
        "gb7hrmpsag7yigh8hjs8aor": "11",
        "klsh08xwy25co71omtfhia4i": "11",
        "kxeatjy8pv72q01d2zqv3g14i": "11",
        "ltyahh52ri7z5k01ap3gi7ldi": "11",
        "m4mzkny7m9fir8127mnlgzaor": "11",
        "mjyktigxpyh4p0l34x92akyb9": "11",
        "mw8j937k4mm35ddo2gvcayvi": "11",
        "ohrzcohwqcfibgpi1j4mzehfr": "11",
        "rr2yg46awozkz264p7ej6ecdi": "11",
        "rxlgcwyszod9437wy1b9h33di": "11",
        "vigf2irhxuyjc143g0bo11yvi": "11",
        "vj10t7vk3baauq57t3q3hm2t9": "11",
        "vjapqn3tdd914agpfn4tjra4i": "11",
        "xf3wsz3fu0qglfcmyemdq85mi": "11",
        "z84kxkcg8o30vmca71kinewmi": "11"
      },
      "Team Engage 3 | Acceptance | message-view-and-edit/message-actions: You cannot move a campaign with dependencies": {
        "0pomsnlnp8dqseiyqbyugzaor": "11",
        "23oybqxov3zd1jt79no2lhxgvi": "11",
        "3j9y9nh47kt5wh9oax4huayvi": "11",
        "5l1l5ptouf32gloi3xlqziwwmi": "11",
        "654u0ahlr334w8dn5y1svsfw29": "11",
        "7tyuqe1k1o5nbe3xtp0c7919k9": "11",
        "7zh8mgesvsbj29q5qjd3oko6r": "11",
        "9mswtjrkjfpjyi7v7lksp2e29": "11",
        "bpp66c40dvr8tvp487c2wewmi": "11",
        "cxsy6mnvzkljrt4pzcgtlnmi": "11",
        "dcd7neidfjyjcd9lfm4ovquxr": "11",
        "epzmjd3y3lbhl3k1kd4sfw29": "11",
        "gb7hrmpsag7yigh8hjs8aor": "11",
        "klsh08xwy25co71omtfhia4i": "11",
        "kxeatjy8pv72q01d2zqv3g14i": "11",
        "ltyahh52ri7z5k01ap3gi7ldi": "11",
        "m4mzkny7m9fir8127mnlgzaor": "11",
        "mjyktigxpyh4p0l34x92akyb9": "11",
        "mw8j937k4mm35ddo2gvcayvi": "11",
        "ohrzcohwqcfibgpi1j4mzehfr": "11",
        "rr2yg46awozkz264p7ej6ecdi": "11",
        "rxlgcwyszod9437wy1b9h33di": "11",
        "vigf2irhxuyjc143g0bo11yvi": "11",
        "vj10t7vk3baauq57t3q3hm2t9": "11",
        "vjapqn3tdd914agpfn4tjra4i": "11",
        "xf3wsz3fu0qglfcmyemdq85mi": "11",
        "z84kxkcg8o30vmca71kinewmi": "11"
      },
      "Team Engage 3 | Acceptance | message-view-and-edit/message-actions: Removing a message from a campaign": {
        "0pomsnlnp8dqseiyqbyugzaor": "11",
        "23oybqxov3zd1jt79no2lhxgvi": "11",
        "3j9y9nh47kt5wh9oax4huayvi": "11",
        "5l1l5ptouf32gloi3xlqziwwmi": "11",
        "654u0ahlr334w8dn5y1svsfw29": "11",
        "7tyuqe1k1o5nbe3xtp0c7919k9": "11",
        "7zh8mgesvsbj29q5qjd3oko6r": "11",
        "9mswtjrkjfpjyi7v7lksp2e29": "11",
        "bpp66c40dvr8tvp487c2wewmi": "11",
        "cxsy6mnvzkljrt4pzcgtlnmi": "11",
        "dcd7neidfjyjcd9lfm4ovquxr": "11",
        "epzmjd3y3lbhl3k1kd4sfw29": "11",
        "gb7hrmpsag7yigh8hjs8aor": "11",
        "klsh08xwy25co71omtfhia4i": "11",
        "kxeatjy8pv72q01d2zqv3g14i": "11",
        "ltyahh52ri7z5k01ap3gi7ldi": "11",
        "m4mzkny7m9fir8127mnlgzaor": "11",
        "mjyktigxpyh4p0l34x92akyb9": "11",
        "mw8j937k4mm35ddo2gvcayvi": "11",
        "ohrzcohwqcfibgpi1j4mzehfr": "11",
        "rr2yg46awozkz264p7ej6ecdi": "11",
        "rxlgcwyszod9437wy1b9h33di": "11",
        "vigf2irhxuyjc143g0bo11yvi": "11",
        "vj10t7vk3baauq57t3q3hm2t9": "11",
        "vjapqn3tdd914agpfn4tjra4i": "11",
        "xf3wsz3fu0qglfcmyemdq85mi": "11",
        "z84kxkcg8o30vmca71kinewmi": "11"
      },
      "Team Engage 3 | Acceptance | message-view-and-edit/message-actions: Removing a message from a folder": {
        "0pomsnlnp8dqseiyqbyugzaor": "11",
        "23oybqxov3zd1jt79no2lhxgvi": "11",
        "3j9y9nh47kt5wh9oax4huayvi": "11",
        "5l1l5ptouf32gloi3xlqziwwmi": "11",
        "654u0ahlr334w8dn5y1svsfw29": "11",
        "7tyuqe1k1o5nbe3xtp0c7919k9": "11",
        "7zh8mgesvsbj29q5qjd3oko6r": "11",
        "9mswtjrkjfpjyi7v7lksp2e29": "11",
        "bpp66c40dvr8tvp487c2wewmi": "11",
        "cxsy6mnvzkljrt4pzcgtlnmi": "11",
        "dcd7neidfjyjcd9lfm4ovquxr": "11",
        "epzmjd3y3lbhl3k1kd4sfw29": "11",
        "gb7hrmpsag7yigh8hjs8aor": "11",
        "klsh08xwy25co71omtfhia4i": "11",
        "kxeatjy8pv72q01d2zqv3g14i": "11",
        "ltyahh52ri7z5k01ap3gi7ldi": "11",
        "m4mzkny7m9fir8127mnlgzaor": "11",
        "mjyktigxpyh4p0l34x92akyb9": "11",
        "mw8j937k4mm35ddo2gvcayvi": "11",
        "ohrzcohwqcfibgpi1j4mzehfr": "11",
        "rr2yg46awozkz264p7ej6ecdi": "11",
        "rxlgcwyszod9437wy1b9h33di": "11",
        "vigf2irhxuyjc143g0bo11yvi": "11",
        "vj10t7vk3baauq57t3q3hm2t9": "11",
        "vjapqn3tdd914agpfn4tjra4i": "11",
        "xf3wsz3fu0qglfcmyemdq85mi": "11",
        "z84kxkcg8o30vmca71kinewmi": "11"
      },
      "Team Engage 3 | Acceptance | message-view-and-edit/summary stats: Bulk Messaging users should work": {
        "0pomsnlnp8dqseiyqbyugzaor": "13",
        "3j9y9nh47kt5wh9oax4huayvi": "13",
        "654u0ahlr334w8dn5y1svsfw29": "13",
        "bpp66c40dvr8tvp487c2wewmi": "13",
        "epzmjd3y3lbhl3k1kd4sfw29": "13",
        "gb7hrmpsag7yigh8hjs8aor": "13",
        "mjyktigxpyh4p0l34x92akyb9": "13",
        "ohrzcohwqcfibgpi1j4mzehfr": "13",
        "rr2yg46awozkz264p7ej6ecdi": "13",
        "rxlgcwyszod9437wy1b9h33di": "13",
        "vigf2irhxuyjc143g0bo11yvi": "13",
        "vjapqn3tdd914agpfn4tjra4i": "13",
        "z84kxkcg8o30vmca71kinewmi": "13"
      },
      "Team Engage 3 | Acceptance | message-view-and-edit/summary stats: clicking between variations should always default to the content tab": {
        "0pomsnlnp8dqseiyqbyugzaor": "13",
        "23oybqxov3zd1jt79no2lhxgvi": "13",
        "3j9y9nh47kt5wh9oax4huayvi": "13",
        "654u0ahlr334w8dn5y1svsfw29": "13",
        "7zh8mgesvsbj29q5qjd3oko6r": "13",
        "epzmjd3y3lbhl3k1kd4sfw29": "13",
        "gb7hrmpsag7yigh8hjs8aor": "13",
        "kxeatjy8pv72q01d2zqv3g14i": "13",
        "ohrzcohwqcfibgpi1j4mzehfr": "13",
        "rr2yg46awozkz264p7ej6ecdi": "13",
        "rxlgcwyszod9437wy1b9h33di": "13",
        "vigf2irhxuyjc143g0bo11yvi": "13",
        "vjapqn3tdd914agpfn4tjra4i": "13",
        "z84kxkcg8o30vmca71kinewmi": "13"
      },
      "Team Engage 3 | Acceptance | message-view-and-edit/summary stats: Switching between conversations and replied should work": {
        "0pomsnlnp8dqseiyqbyugzaor": "13",
        "23oybqxov3zd1jt79no2lhxgvi": "13",
        "3j9y9nh47kt5wh9oax4huayvi": "13",
        "654u0ahlr334w8dn5y1svsfw29": "13",
        "9mswtjrkjfpjyi7v7lksp2e29": "13",
        "epzmjd3y3lbhl3k1kd4sfw29": "13",
        "ohrzcohwqcfibgpi1j4mzehfr": "13",
        "rr2yg46awozkz264p7ej6ecdi": "13",
        "rxlgcwyszod9437wy1b9h33di": "13",
        "vigf2irhxuyjc143g0bo11yvi": "13",
        "vjapqn3tdd914agpfn4tjra4i": "13",
        "xf3wsz3fu0qglfcmyemdq85mi": "13",
        "z84kxkcg8o30vmca71kinewmi": "13"
      },
      "Team Engage 3 | Acceptance | message-view-and-edit/summary stats: Bulk Tagging users should work with reactions": {
        "0pomsnlnp8dqseiyqbyugzaor": "13",
        "3j9y9nh47kt5wh9oax4huayvi": "13",
        "9mswtjrkjfpjyi7v7lksp2e29": "13",
        "bpp66c40dvr8tvp487c2wewmi": "13",
        "cxsy6mnvzkljrt4pzcgtlnmi": "13",
        "dcd7neidfjyjcd9lfm4ovquxr": "13",
        "gb7hrmpsag7yigh8hjs8aor": "13",
        "kxeatjy8pv72q01d2zqv3g14i": "13",
        "ltyahh52ri7z5k01ap3gi7ldi": "13",
        "mjyktigxpyh4p0l34x92akyb9": "13",
        "mw8j937k4mm35ddo2gvcayvi": "13",
        "ohrzcohwqcfibgpi1j4mzehfr": "13",
        "rr2yg46awozkz264p7ej6ecdi": "13",
        "vigf2irhxuyjc143g0bo11yvi": "13",
        "vjapqn3tdd914agpfn4tjra4i": "13",
        "xf3wsz3fu0qglfcmyemdq85mi": "13",
        "z84kxkcg8o30vmca71kinewmi": "13"
      },
      "Team Engage 3 | Acceptance | message-view-and-edit/summary stats: Switching to different reactions stats should work": {
        "0pomsnlnp8dqseiyqbyugzaor": "13",
        "3j9y9nh47kt5wh9oax4huayvi": "13",
        "654u0ahlr334w8dn5y1svsfw29": "13",
        "epzmjd3y3lbhl3k1kd4sfw29": "13",
        "gb7hrmpsag7yigh8hjs8aor": "13",
        "mjyktigxpyh4p0l34x92akyb9": "13",
        "mw8j937k4mm35ddo2gvcayvi": "13",
        "ohrzcohwqcfibgpi1j4mzehfr": "13",
        "rr2yg46awozkz264p7ej6ecdi": "13",
        "rxlgcwyszod9437wy1b9h33di": "13",
        "vigf2irhxuyjc143g0bo11yvi": "13",
        "vjapqn3tdd914agpfn4tjra4i": "13",
        "xf3wsz3fu0qglfcmyemdq85mi": "13",
        "z84kxkcg8o30vmca71kinewmi": "13"
      },
      "Team Engage 3 | Acceptance | message-view-and-edit/summary stats: Engage Auto: Switching to the inverse of a stat works": {
        "0pomsnlnp8dqseiyqbyugzaor": "13",
        "3j9y9nh47kt5wh9oax4huayvi": "13",
        "654u0ahlr334w8dn5y1svsfw29": "13",
        "7zh8mgesvsbj29q5qjd3oko6r": "13",
        "9mswtjrkjfpjyi7v7lksp2e29": "13",
        "bpp66c40dvr8tvp487c2wewmi": "13",
        "gb7hrmpsag7yigh8hjs8aor": "13",
        "kxeatjy8pv72q01d2zqv3g14i": "13",
        "ltyahh52ri7z5k01ap3gi7ldi": "13",
        "m4mzkny7m9fir8127mnlgzaor": "13",
        "mjyktigxpyh4p0l34x92akyb9": "13",
        "mw8j937k4mm35ddo2gvcayvi": "13",
        "ohrzcohwqcfibgpi1j4mzehfr": "13",
        "rr2yg46awozkz264p7ej6ecdi": "13",
        "vjapqn3tdd914agpfn4tjra4i": "13",
        "xf3wsz3fu0qglfcmyemdq85mi": "13",
        "z84kxkcg8o30vmca71kinewmi": "13"
      },
      "Team Engage 3 | Acceptance | message-view-and-edit/summary stats: clicking a stat tab should not have the stat inverted by default": {
        "0pomsnlnp8dqseiyqbyugzaor": "13",
        "23oybqxov3zd1jt79no2lhxgvi": "13",
        "3j9y9nh47kt5wh9oax4huayvi": "13",
        "654u0ahlr334w8dn5y1svsfw29": "13",
        "bpp66c40dvr8tvp487c2wewmi": "13",
        "dcd7neidfjyjcd9lfm4ovquxr": "13",
        "epzmjd3y3lbhl3k1kd4sfw29": "13",
        "gb7hrmpsag7yigh8hjs8aor": "13",
        "kxeatjy8pv72q01d2zqv3g14i": "13",
        "mw8j937k4mm35ddo2gvcayvi": "13",
        "ohrzcohwqcfibgpi1j4mzehfr": "13",
        "rr2yg46awozkz264p7ej6ecdi": "13",
        "vjapqn3tdd914agpfn4tjra4i": "13",
        "xf3wsz3fu0qglfcmyemdq85mi": "13",
        "z84kxkcg8o30vmca71kinewmi": "13"
      },
      "Team Engage 3 | Acceptance | message-view-and-edit/summary stats: Bulk Tagging users should work": {
        "0pomsnlnp8dqseiyqbyugzaor": "13",
        "23oybqxov3zd1jt79no2lhxgvi": "13",
        "3j9y9nh47kt5wh9oax4huayvi": "13",
        "654u0ahlr334w8dn5y1svsfw29": "13",
        "7zh8mgesvsbj29q5qjd3oko6r": "13",
        "9mswtjrkjfpjyi7v7lksp2e29": "13",
        "cxsy6mnvzkljrt4pzcgtlnmi": "13",
        "epzmjd3y3lbhl3k1kd4sfw29": "13",
        "gb7hrmpsag7yigh8hjs8aor": "13",
        "kxeatjy8pv72q01d2zqv3g14i": "13",
        "mw8j937k4mm35ddo2gvcayvi": "13",
        "ohrzcohwqcfibgpi1j4mzehfr": "13",
        "rr2yg46awozkz264p7ej6ecdi": "13",
        "vigf2irhxuyjc143g0bo11yvi": "13",
        "vjapqn3tdd914agpfn4tjra4i": "13",
        "xf3wsz3fu0qglfcmyemdq85mi": "13",
        "z84kxkcg8o30vmca71kinewmi": "13"
      },
      "Team Engage 3 | Acceptance | message-view-and-edit/summary stats: Bulk Messaging users should work with reactions": {
        "0pomsnlnp8dqseiyqbyugzaor": "13",
        "3j9y9nh47kt5wh9oax4huayvi": "13",
        "654u0ahlr334w8dn5y1svsfw29": "13",
        "bpp66c40dvr8tvp487c2wewmi": "13",
        "gb7hrmpsag7yigh8hjs8aor": "13",
        "kxeatjy8pv72q01d2zqv3g14i": "13",
        "m4mzkny7m9fir8127mnlgzaor": "13",
        "ohrzcohwqcfibgpi1j4mzehfr": "13",
        "rr2yg46awozkz264p7ej6ecdi": "13",
        "rxlgcwyszod9437wy1b9h33di": "13",
        "vigf2irhxuyjc143g0bo11yvi": "13",
        "vjapqn3tdd914agpfn4tjra4i": "13",
        "z84kxkcg8o30vmca71kinewmi": "13"
      },
      "Team Engage 3 | Acceptance | message-view-and-edit/route-error-handling: Opening a message": {
        "0pomsnlnp8dqseiyqbyugzaor": "15",
        "3j9y9nh47kt5wh9oax4huayvi": "15",
        "5l1l5ptouf32gloi3xlqziwwmi": "15",
        "7tyuqe1k1o5nbe3xtp0c7919k9": "15",
        "bpp66c40dvr8tvp487c2wewmi": "15",
        "dcd7neidfjyjcd9lfm4ovquxr": "15",
        "klsh08xwy25co71omtfhia4i": "15",
        "kxeatjy8pv72q01d2zqv3g14i": "15",
        "m4mzkny7m9fir8127mnlgzaor": "15",
        "mjyktigxpyh4p0l34x92akyb9": "15",
        "mw8j937k4mm35ddo2gvcayvi": "15",
        "ohrzcohwqcfibgpi1j4mzehfr": "15",
        "rr2yg46awozkz264p7ej6ecdi": "15",
        "vigf2irhxuyjc143g0bo11yvi": "15",
        "vj10t7vk3baauq57t3q3hm2t9": "15",
        "z84kxkcg8o30vmca71kinewmi": "15"
      },
      "Team Engage 3 | Acceptance | message-view-and-edit/route-error-handling: Visiting the message route populates the store with the default email templates": {
        "0pomsnlnp8dqseiyqbyugzaor": "15",
        "3j9y9nh47kt5wh9oax4huayvi": "15",
        "5l1l5ptouf32gloi3xlqziwwmi": "15",
        "7tyuqe1k1o5nbe3xtp0c7919k9": "15",
        "bpp66c40dvr8tvp487c2wewmi": "15",
        "dcd7neidfjyjcd9lfm4ovquxr": "15",
        "klsh08xwy25co71omtfhia4i": "15",
        "kxeatjy8pv72q01d2zqv3g14i": "15",
        "m4mzkny7m9fir8127mnlgzaor": "15",
        "mjyktigxpyh4p0l34x92akyb9": "15",
        "mw8j937k4mm35ddo2gvcayvi": "15",
        "ohrzcohwqcfibgpi1j4mzehfr": "15",
        "rr2yg46awozkz264p7ej6ecdi": "15",
        "vigf2irhxuyjc143g0bo11yvi": "15",
        "vj10t7vk3baauq57t3q3hm2t9": "15",
        "z84kxkcg8o30vmca71kinewmi": "15"
      },
      "Team Engage 2 | Acceptance | Legacy Message Show page Messenger v2: the Acquire show page": {
        "0pomsnlnp8dqseiyqbyugzaor": "16",
        "23oybqxov3zd1jt79no2lhxgvi": "16",
        "3j9y9nh47kt5wh9oax4huayvi": "16",
        "5l1l5ptouf32gloi3xlqziwwmi": "16",
        "7tyuqe1k1o5nbe3xtp0c7919k9": "16",
        "7zh8mgesvsbj29q5qjd3oko6r": "16",
        "9mswtjrkjfpjyi7v7lksp2e29": "16",
        "bpp66c40dvr8tvp487c2wewmi": "16",
        "cxsy6mnvzkljrt4pzcgtlnmi": "16",
        "dcd7neidfjyjcd9lfm4ovquxr": "16",
        "epzmjd3y3lbhl3k1kd4sfw29": "16",
        "gb7hrmpsag7yigh8hjs8aor": "16",
        "klsh08xwy25co71omtfhia4i": "16",
        "kxeatjy8pv72q01d2zqv3g14i": "16",
        "ltyahh52ri7z5k01ap3gi7ldi": "16",
        "m4mzkny7m9fir8127mnlgzaor": "16",
        "mjyktigxpyh4p0l34x92akyb9": "16",
        "mw8j937k4mm35ddo2gvcayvi": "16",
        "ohrzcohwqcfibgpi1j4mzehfr": "16",
        "rr2yg46awozkz264p7ej6ecdi": "16",
        "rxlgcwyszod9437wy1b9h33di": "16",
        "vigf2irhxuyjc143g0bo11yvi": "16",
        "vj10t7vk3baauq57t3q3hm2t9": "16",
        "vjapqn3tdd914agpfn4tjra4i": "16",
        "xf3wsz3fu0qglfcmyemdq85mi": "16",
        "z84kxkcg8o30vmca71kinewmi": "16"
      },
      "Team Engage 2 | Acceptance | Legacy Message Show page Messenger v2: the Engage Manual show page": {
        "0pomsnlnp8dqseiyqbyugzaor": "16",
        "23oybqxov3zd1jt79no2lhxgvi": "16",
        "3j9y9nh47kt5wh9oax4huayvi": "16",
        "5l1l5ptouf32gloi3xlqziwwmi": "16",
        "7tyuqe1k1o5nbe3xtp0c7919k9": "16",
        "7zh8mgesvsbj29q5qjd3oko6r": "16",
        "9mswtjrkjfpjyi7v7lksp2e29": "16",
        "bpp66c40dvr8tvp487c2wewmi": "16",
        "cxsy6mnvzkljrt4pzcgtlnmi": "16",
        "dcd7neidfjyjcd9lfm4ovquxr": "16",
        "epzmjd3y3lbhl3k1kd4sfw29": "16",
        "gb7hrmpsag7yigh8hjs8aor": "16",
        "klsh08xwy25co71omtfhia4i": "16",
        "kxeatjy8pv72q01d2zqv3g14i": "16",
        "ltyahh52ri7z5k01ap3gi7ldi": "16",
        "m4mzkny7m9fir8127mnlgzaor": "16",
        "mjyktigxpyh4p0l34x92akyb9": "16",
        "mw8j937k4mm35ddo2gvcayvi": "16",
        "ohrzcohwqcfibgpi1j4mzehfr": "16",
        "rr2yg46awozkz264p7ej6ecdi": "16",
        "rxlgcwyszod9437wy1b9h33di": "16",
        "vigf2irhxuyjc143g0bo11yvi": "16",
        "vj10t7vk3baauq57t3q3hm2t9": "16",
        "vjapqn3tdd914agpfn4tjra4i": "16",
        "xf3wsz3fu0qglfcmyemdq85mi": "16",
        "z84kxkcg8o30vmca71kinewmi": "16"
      },
      "Team Engage 2 | Acceptance | Legacy Message Show page Messenger v3: the Engage Manual show page": {
        "0pomsnlnp8dqseiyqbyugzaor": "16",
        "23oybqxov3zd1jt79no2lhxgvi": "16",
        "3j9y9nh47kt5wh9oax4huayvi": "16",
        "5l1l5ptouf32gloi3xlqziwwmi": "16",
        "7tyuqe1k1o5nbe3xtp0c7919k9": "16",
        "7zh8mgesvsbj29q5qjd3oko6r": "16",
        "9mswtjrkjfpjyi7v7lksp2e29": "16",
        "bpp66c40dvr8tvp487c2wewmi": "16",
        "cxsy6mnvzkljrt4pzcgtlnmi": "16",
        "dcd7neidfjyjcd9lfm4ovquxr": "16",
        "epzmjd3y3lbhl3k1kd4sfw29": "16",
        "gb7hrmpsag7yigh8hjs8aor": "16",
        "klsh08xwy25co71omtfhia4i": "16",
        "kxeatjy8pv72q01d2zqv3g14i": "16",
        "ltyahh52ri7z5k01ap3gi7ldi": "16",
        "m4mzkny7m9fir8127mnlgzaor": "16",
        "mjyktigxpyh4p0l34x92akyb9": "16",
        "mw8j937k4mm35ddo2gvcayvi": "16",
        "ohrzcohwqcfibgpi1j4mzehfr": "16",
        "rr2yg46awozkz264p7ej6ecdi": "16",
        "rxlgcwyszod9437wy1b9h33di": "16",
        "vigf2irhxuyjc143g0bo11yvi": "16",
        "vj10t7vk3baauq57t3q3hm2t9": "16",
        "vjapqn3tdd914agpfn4tjra4i": "16",
        "xf3wsz3fu0qglfcmyemdq85mi": "16",
        "z84kxkcg8o30vmca71kinewmi": "16"
      },
      "Team Engage 2 | Acceptance | Legacy Message Show page Messenger v3: the Acquire show page": {
        "0pomsnlnp8dqseiyqbyugzaor": "16",
        "23oybqxov3zd1jt79no2lhxgvi": "16",
        "3j9y9nh47kt5wh9oax4huayvi": "16",
        "5l1l5ptouf32gloi3xlqziwwmi": "16",
        "7tyuqe1k1o5nbe3xtp0c7919k9": "16",
        "7zh8mgesvsbj29q5qjd3oko6r": "16",
        "9mswtjrkjfpjyi7v7lksp2e29": "16",
        "bpp66c40dvr8tvp487c2wewmi": "16",
        "cxsy6mnvzkljrt4pzcgtlnmi": "16",
        "dcd7neidfjyjcd9lfm4ovquxr": "16",
        "epzmjd3y3lbhl3k1kd4sfw29": "16",
        "gb7hrmpsag7yigh8hjs8aor": "16",
        "klsh08xwy25co71omtfhia4i": "16",
        "kxeatjy8pv72q01d2zqv3g14i": "16",
        "ltyahh52ri7z5k01ap3gi7ldi": "16",
        "m4mzkny7m9fir8127mnlgzaor": "16",
        "mjyktigxpyh4p0l34x92akyb9": "16",
        "mw8j937k4mm35ddo2gvcayvi": "16",
        "ohrzcohwqcfibgpi1j4mzehfr": "16",
        "rr2yg46awozkz264p7ej6ecdi": "16",
        "rxlgcwyszod9437wy1b9h33di": "16",
        "vigf2irhxuyjc143g0bo11yvi": "16",
        "vj10t7vk3baauq57t3q3hm2t9": "16",
        "vjapqn3tdd914agpfn4tjra4i": "16",
        "xf3wsz3fu0qglfcmyemdq85mi": "16",
        "z84kxkcg8o30vmca71kinewmi": "16"
      },
      "Team Engage 2 | Acceptance | Legacy Message Show page Messenger v3: the Engage Auto show page": {
        "0pomsnlnp8dqseiyqbyugzaor": "16",
        "23oybqxov3zd1jt79no2lhxgvi": "16",
        "3j9y9nh47kt5wh9oax4huayvi": "16",
        "5l1l5ptouf32gloi3xlqziwwmi": "16",
        "7tyuqe1k1o5nbe3xtp0c7919k9": "16",
        "7zh8mgesvsbj29q5qjd3oko6r": "16",
        "9mswtjrkjfpjyi7v7lksp2e29": "16",
        "bpp66c40dvr8tvp487c2wewmi": "16",
        "cxsy6mnvzkljrt4pzcgtlnmi": "16",
        "dcd7neidfjyjcd9lfm4ovquxr": "16",
        "epzmjd3y3lbhl3k1kd4sfw29": "16",
        "gb7hrmpsag7yigh8hjs8aor": "16",
        "klsh08xwy25co71omtfhia4i": "16",
        "kxeatjy8pv72q01d2zqv3g14i": "16",
        "ltyahh52ri7z5k01ap3gi7ldi": "16",
        "m4mzkny7m9fir8127mnlgzaor": "16",
        "mjyktigxpyh4p0l34x92akyb9": "16",
        "mw8j937k4mm35ddo2gvcayvi": "16",
        "ohrzcohwqcfibgpi1j4mzehfr": "16",
        "rr2yg46awozkz264p7ej6ecdi": "16",
        "rxlgcwyszod9437wy1b9h33di": "16",
        "vigf2irhxuyjc143g0bo11yvi": "16",
        "vj10t7vk3baauq57t3q3hm2t9": "16",
        "vjapqn3tdd914agpfn4tjra4i": "16",
        "xf3wsz3fu0qglfcmyemdq85mi": "16",
        "z84kxkcg8o30vmca71kinewmi": "16"
      },
      "Team Engage 2 | Acceptance | Legacy Message Show page Messenger v2: the Engage Auto show page direct url": {
        "0pomsnlnp8dqseiyqbyugzaor": "16",
        "23oybqxov3zd1jt79no2lhxgvi": "16",
        "3j9y9nh47kt5wh9oax4huayvi": "16",
        "5l1l5ptouf32gloi3xlqziwwmi": "16",
        "7tyuqe1k1o5nbe3xtp0c7919k9": "16",
        "7zh8mgesvsbj29q5qjd3oko6r": "16",
        "9mswtjrkjfpjyi7v7lksp2e29": "16",
        "bpp66c40dvr8tvp487c2wewmi": "16",
        "cxsy6mnvzkljrt4pzcgtlnmi": "16",
        "dcd7neidfjyjcd9lfm4ovquxr": "16",
        "epzmjd3y3lbhl3k1kd4sfw29": "16",
        "gb7hrmpsag7yigh8hjs8aor": "16",
        "klsh08xwy25co71omtfhia4i": "16",
        "kxeatjy8pv72q01d2zqv3g14i": "16",
        "ltyahh52ri7z5k01ap3gi7ldi": "16",
        "m4mzkny7m9fir8127mnlgzaor": "16",
        "mjyktigxpyh4p0l34x92akyb9": "16",
        "mw8j937k4mm35ddo2gvcayvi": "16",
        "ohrzcohwqcfibgpi1j4mzehfr": "16",
        "rr2yg46awozkz264p7ej6ecdi": "16",
        "rxlgcwyszod9437wy1b9h33di": "16",
        "vigf2irhxuyjc143g0bo11yvi": "16",
        "vj10t7vk3baauq57t3q3hm2t9": "16",
        "vjapqn3tdd914agpfn4tjra4i": "16",
        "xf3wsz3fu0qglfcmyemdq85mi": "16",
        "z84kxkcg8o30vmca71kinewmi": "16"
      },
      "Team Engage 2 | Acceptance | Legacy Message Show page Messenger v3: the Acquire show page direct url": {
        "0pomsnlnp8dqseiyqbyugzaor": "16",
        "23oybqxov3zd1jt79no2lhxgvi": "16",
        "3j9y9nh47kt5wh9oax4huayvi": "16",
        "5l1l5ptouf32gloi3xlqziwwmi": "16",
        "7tyuqe1k1o5nbe3xtp0c7919k9": "16",
        "7zh8mgesvsbj29q5qjd3oko6r": "16",
        "9mswtjrkjfpjyi7v7lksp2e29": "16",
        "bpp66c40dvr8tvp487c2wewmi": "16",
        "cxsy6mnvzkljrt4pzcgtlnmi": "16",
        "dcd7neidfjyjcd9lfm4ovquxr": "16",
        "epzmjd3y3lbhl3k1kd4sfw29": "16",
        "gb7hrmpsag7yigh8hjs8aor": "16",
        "klsh08xwy25co71omtfhia4i": "16",
        "kxeatjy8pv72q01d2zqv3g14i": "16",
        "ltyahh52ri7z5k01ap3gi7ldi": "16",
        "m4mzkny7m9fir8127mnlgzaor": "16",
        "mjyktigxpyh4p0l34x92akyb9": "16",
        "mw8j937k4mm35ddo2gvcayvi": "16",
        "ohrzcohwqcfibgpi1j4mzehfr": "16",
        "rr2yg46awozkz264p7ej6ecdi": "16",
        "rxlgcwyszod9437wy1b9h33di": "16",
        "vigf2irhxuyjc143g0bo11yvi": "16",
        "vj10t7vk3baauq57t3q3hm2t9": "16",
        "vjapqn3tdd914agpfn4tjra4i": "16",
        "xf3wsz3fu0qglfcmyemdq85mi": "16",
        "z84kxkcg8o30vmca71kinewmi": "16"
      },
      "Team Engage 2 | Acceptance | Legacy Message Show page Messenger v2: the Engage Manual show page direct url": {
        "0pomsnlnp8dqseiyqbyugzaor": "16",
        "23oybqxov3zd1jt79no2lhxgvi": "16",
        "3j9y9nh47kt5wh9oax4huayvi": "16",
        "5l1l5ptouf32gloi3xlqziwwmi": "16",
        "7tyuqe1k1o5nbe3xtp0c7919k9": "16",
        "7zh8mgesvsbj29q5qjd3oko6r": "16",
        "9mswtjrkjfpjyi7v7lksp2e29": "16",
        "bpp66c40dvr8tvp487c2wewmi": "16",
        "cxsy6mnvzkljrt4pzcgtlnmi": "16",
        "dcd7neidfjyjcd9lfm4ovquxr": "16",
        "epzmjd3y3lbhl3k1kd4sfw29": "16",
        "gb7hrmpsag7yigh8hjs8aor": "16",
        "klsh08xwy25co71omtfhia4i": "16",
        "kxeatjy8pv72q01d2zqv3g14i": "16",
        "ltyahh52ri7z5k01ap3gi7ldi": "16",
        "m4mzkny7m9fir8127mnlgzaor": "16",
        "mjyktigxpyh4p0l34x92akyb9": "16",
        "mw8j937k4mm35ddo2gvcayvi": "16",
        "ohrzcohwqcfibgpi1j4mzehfr": "16",
        "rr2yg46awozkz264p7ej6ecdi": "16",
        "rxlgcwyszod9437wy1b9h33di": "16",
        "vigf2irhxuyjc143g0bo11yvi": "16",
        "vj10t7vk3baauq57t3q3hm2t9": "16",
        "vjapqn3tdd914agpfn4tjra4i": "16",
        "xf3wsz3fu0qglfcmyemdq85mi": "16",
        "z84kxkcg8o30vmca71kinewmi": "16"
      },
      "Team Engage 2 | Acceptance | Legacy Message Show page Messenger v2: the Engage Auto show page": {
        "0pomsnlnp8dqseiyqbyugzaor": "16",
        "23oybqxov3zd1jt79no2lhxgvi": "16",
        "3j9y9nh47kt5wh9oax4huayvi": "16",
        "5l1l5ptouf32gloi3xlqziwwmi": "16",
        "7tyuqe1k1o5nbe3xtp0c7919k9": "16",
        "7zh8mgesvsbj29q5qjd3oko6r": "16",
        "9mswtjrkjfpjyi7v7lksp2e29": "16",
        "bpp66c40dvr8tvp487c2wewmi": "16",
        "cxsy6mnvzkljrt4pzcgtlnmi": "16",
        "dcd7neidfjyjcd9lfm4ovquxr": "16",
        "epzmjd3y3lbhl3k1kd4sfw29": "16",
        "gb7hrmpsag7yigh8hjs8aor": "16",
        "klsh08xwy25co71omtfhia4i": "16",
        "kxeatjy8pv72q01d2zqv3g14i": "16",
        "ltyahh52ri7z5k01ap3gi7ldi": "16",
        "m4mzkny7m9fir8127mnlgzaor": "16",
        "mjyktigxpyh4p0l34x92akyb9": "16",
        "mw8j937k4mm35ddo2gvcayvi": "16",
        "ohrzcohwqcfibgpi1j4mzehfr": "16",
        "rr2yg46awozkz264p7ej6ecdi": "16",
        "rxlgcwyszod9437wy1b9h33di": "16",
        "vigf2irhxuyjc143g0bo11yvi": "16",
        "vj10t7vk3baauq57t3q3hm2t9": "16",
        "vjapqn3tdd914agpfn4tjra4i": "16",
        "xf3wsz3fu0qglfcmyemdq85mi": "16",
        "z84kxkcg8o30vmca71kinewmi": "16"
      },
      "Team Engage 2 | Acceptance | Legacy Message Show page Messenger v2: the Acquire show page direct url": {
        "0pomsnlnp8dqseiyqbyugzaor": "16",
        "23oybqxov3zd1jt79no2lhxgvi": "16",
        "3j9y9nh47kt5wh9oax4huayvi": "16",
        "5l1l5ptouf32gloi3xlqziwwmi": "16",
        "7tyuqe1k1o5nbe3xtp0c7919k9": "16",
        "7zh8mgesvsbj29q5qjd3oko6r": "16",
        "9mswtjrkjfpjyi7v7lksp2e29": "16",
        "bpp66c40dvr8tvp487c2wewmi": "16",
        "cxsy6mnvzkljrt4pzcgtlnmi": "16",
        "dcd7neidfjyjcd9lfm4ovquxr": "16",
        "epzmjd3y3lbhl3k1kd4sfw29": "16",
        "gb7hrmpsag7yigh8hjs8aor": "16",
        "klsh08xwy25co71omtfhia4i": "16",
        "kxeatjy8pv72q01d2zqv3g14i": "16",
        "ltyahh52ri7z5k01ap3gi7ldi": "16",
        "m4mzkny7m9fir8127mnlgzaor": "16",
        "mjyktigxpyh4p0l34x92akyb9": "16",
        "mw8j937k4mm35ddo2gvcayvi": "16",
        "ohrzcohwqcfibgpi1j4mzehfr": "16",
        "rr2yg46awozkz264p7ej6ecdi": "16",
        "rxlgcwyszod9437wy1b9h33di": "16",
        "vigf2irhxuyjc143g0bo11yvi": "16",
        "vj10t7vk3baauq57t3q3hm2t9": "16",
        "vjapqn3tdd914agpfn4tjra4i": "16",
        "xf3wsz3fu0qglfcmyemdq85mi": "16",
        "z84kxkcg8o30vmca71kinewmi": "16"
      },
      "Team Engage 2 | Acceptance | Legacy Message Show page Messenger v3: the Engage Auto show page direct url": {
        "0pomsnlnp8dqseiyqbyugzaor": "16",
        "23oybqxov3zd1jt79no2lhxgvi": "16",
        "3j9y9nh47kt5wh9oax4huayvi": "16",
        "5l1l5ptouf32gloi3xlqziwwmi": "16",
        "7tyuqe1k1o5nbe3xtp0c7919k9": "16",
        "7zh8mgesvsbj29q5qjd3oko6r": "16",
        "9mswtjrkjfpjyi7v7lksp2e29": "16",
        "bpp66c40dvr8tvp487c2wewmi": "16",
        "cxsy6mnvzkljrt4pzcgtlnmi": "16",
        "dcd7neidfjyjcd9lfm4ovquxr": "16",
        "epzmjd3y3lbhl3k1kd4sfw29": "16",
        "gb7hrmpsag7yigh8hjs8aor": "16",
        "klsh08xwy25co71omtfhia4i": "16",
        "kxeatjy8pv72q01d2zqv3g14i": "16",
        "ltyahh52ri7z5k01ap3gi7ldi": "16",
        "m4mzkny7m9fir8127mnlgzaor": "16",
        "mjyktigxpyh4p0l34x92akyb9": "16",
        "mw8j937k4mm35ddo2gvcayvi": "16",
        "ohrzcohwqcfibgpi1j4mzehfr": "16",
        "rr2yg46awozkz264p7ej6ecdi": "16",
        "rxlgcwyszod9437wy1b9h33di": "16",
        "vigf2irhxuyjc143g0bo11yvi": "16",
        "vj10t7vk3baauq57t3q3hm2t9": "16",
        "vjapqn3tdd914agpfn4tjra4i": "16",
        "xf3wsz3fu0qglfcmyemdq85mi": "16",
        "z84kxkcg8o30vmca71kinewmi": "16"
      },
      "Team Engage 2 | Acceptance | Legacy Message Show page Messenger v3: the Engage Manual show page direct url": {
        "0pomsnlnp8dqseiyqbyugzaor": "16",
        "23oybqxov3zd1jt79no2lhxgvi": "16",
        "3j9y9nh47kt5wh9oax4huayvi": "16",
        "5l1l5ptouf32gloi3xlqziwwmi": "16",
        "7tyuqe1k1o5nbe3xtp0c7919k9": "16",
        "7zh8mgesvsbj29q5qjd3oko6r": "16",
        "9mswtjrkjfpjyi7v7lksp2e29": "16",
        "bpp66c40dvr8tvp487c2wewmi": "16",
        "cxsy6mnvzkljrt4pzcgtlnmi": "16",
        "dcd7neidfjyjcd9lfm4ovquxr": "16",
        "epzmjd3y3lbhl3k1kd4sfw29": "16",
        "gb7hrmpsag7yigh8hjs8aor": "16",
        "klsh08xwy25co71omtfhia4i": "16",
        "kxeatjy8pv72q01d2zqv3g14i": "16",
        "ltyahh52ri7z5k01ap3gi7ldi": "16",
        "m4mzkny7m9fir8127mnlgzaor": "16",
        "mjyktigxpyh4p0l34x92akyb9": "16",
        "mw8j937k4mm35ddo2gvcayvi": "16",
        "ohrzcohwqcfibgpi1j4mzehfr": "16",
        "rr2yg46awozkz264p7ej6ecdi": "16",
        "rxlgcwyszod9437wy1b9h33di": "16",
        "vigf2irhxuyjc143g0bo11yvi": "16",
        "vj10t7vk3baauq57t3q3hm2t9": "16",
        "vjapqn3tdd914agpfn4tjra4i": "16",
        "xf3wsz3fu0qglfcmyemdq85mi": "16",
        "z84kxkcg8o30vmca71kinewmi": "16"
      },
      "Team Engage 2 | Acceptance | Message Summary Page Rerouting: Acquire message from index": {
        "0pomsnlnp8dqseiyqbyugzaor": "17",
        "23oybqxov3zd1jt79no2lhxgvi": "17",
        "3j9y9nh47kt5wh9oax4huayvi": "17",
        "5l1l5ptouf32gloi3xlqziwwmi": "17",
        "7tyuqe1k1o5nbe3xtp0c7919k9": "17",
        "7zh8mgesvsbj29q5qjd3oko6r": "17",
        "9mswtjrkjfpjyi7v7lksp2e29": "17",
        "bpp66c40dvr8tvp487c2wewmi": "17",
        "cxsy6mnvzkljrt4pzcgtlnmi": "17",
        "dcd7neidfjyjcd9lfm4ovquxr": "17",
        "epzmjd3y3lbhl3k1kd4sfw29": "17",
        "gb7hrmpsag7yigh8hjs8aor": "17",
        "klsh08xwy25co71omtfhia4i": "17",
        "kxeatjy8pv72q01d2zqv3g14i": "17",
        "ltyahh52ri7z5k01ap3gi7ldi": "17",
        "m4mzkny7m9fir8127mnlgzaor": "17",
        "mjyktigxpyh4p0l34x92akyb9": "17",
        "mw8j937k4mm35ddo2gvcayvi": "17",
        "ohrzcohwqcfibgpi1j4mzehfr": "17",
        "rr2yg46awozkz264p7ej6ecdi": "17",
        "rxlgcwyszod9437wy1b9h33di": "17",
        "vigf2irhxuyjc143g0bo11yvi": "17",
        "vj10t7vk3baauq57t3q3hm2t9": "17",
        "vjapqn3tdd914agpfn4tjra4i": "17",
        "xf3wsz3fu0qglfcmyemdq85mi": "17",
        "z84kxkcg8o30vmca71kinewmi": "17"
      },
      "Team Engage 2 | Acceptance | Message Summary Page Rerouting: Engage manual message from index": {
        "0pomsnlnp8dqseiyqbyugzaor": "17",
        "23oybqxov3zd1jt79no2lhxgvi": "17",
        "3j9y9nh47kt5wh9oax4huayvi": "17",
        "5l1l5ptouf32gloi3xlqziwwmi": "17",
        "7tyuqe1k1o5nbe3xtp0c7919k9": "17",
        "7zh8mgesvsbj29q5qjd3oko6r": "17",
        "9mswtjrkjfpjyi7v7lksp2e29": "17",
        "bpp66c40dvr8tvp487c2wewmi": "17",
        "cxsy6mnvzkljrt4pzcgtlnmi": "17",
        "dcd7neidfjyjcd9lfm4ovquxr": "17",
        "epzmjd3y3lbhl3k1kd4sfw29": "17",
        "gb7hrmpsag7yigh8hjs8aor": "17",
        "klsh08xwy25co71omtfhia4i": "17",
        "kxeatjy8pv72q01d2zqv3g14i": "17",
        "ltyahh52ri7z5k01ap3gi7ldi": "17",
        "m4mzkny7m9fir8127mnlgzaor": "17",
        "mjyktigxpyh4p0l34x92akyb9": "17",
        "mw8j937k4mm35ddo2gvcayvi": "17",
        "ohrzcohwqcfibgpi1j4mzehfr": "17",
        "rr2yg46awozkz264p7ej6ecdi": "17",
        "rxlgcwyszod9437wy1b9h33di": "17",
        "vigf2irhxuyjc143g0bo11yvi": "17",
        "vj10t7vk3baauq57t3q3hm2t9": "17",
        "vjapqn3tdd914agpfn4tjra4i": "17",
        "xf3wsz3fu0qglfcmyemdq85mi": "17",
        "z84kxkcg8o30vmca71kinewmi": "17"
      },
      "Team Engage 2 | Acceptance | Message Summary Page Rerouting: Always reroute to engage beckett housing for auto messages": {
        "0pomsnlnp8dqseiyqbyugzaor": "17",
        "23oybqxov3zd1jt79no2lhxgvi": "17",
        "3j9y9nh47kt5wh9oax4huayvi": "17",
        "5l1l5ptouf32gloi3xlqziwwmi": "17",
        "7tyuqe1k1o5nbe3xtp0c7919k9": "17",
        "7zh8mgesvsbj29q5qjd3oko6r": "17",
        "9mswtjrkjfpjyi7v7lksp2e29": "17",
        "bpp66c40dvr8tvp487c2wewmi": "17",
        "cxsy6mnvzkljrt4pzcgtlnmi": "17",
        "dcd7neidfjyjcd9lfm4ovquxr": "17",
        "epzmjd3y3lbhl3k1kd4sfw29": "17",
        "gb7hrmpsag7yigh8hjs8aor": "17",
        "klsh08xwy25co71omtfhia4i": "17",
        "kxeatjy8pv72q01d2zqv3g14i": "17",
        "ltyahh52ri7z5k01ap3gi7ldi": "17",
        "m4mzkny7m9fir8127mnlgzaor": "17",
        "mjyktigxpyh4p0l34x92akyb9": "17",
        "mw8j937k4mm35ddo2gvcayvi": "17",
        "ohrzcohwqcfibgpi1j4mzehfr": "17",
        "rr2yg46awozkz264p7ej6ecdi": "17",
        "rxlgcwyszod9437wy1b9h33di": "17",
        "vigf2irhxuyjc143g0bo11yvi": "17",
        "vj10t7vk3baauq57t3q3hm2t9": "17",
        "vjapqn3tdd914agpfn4tjra4i": "17",
        "xf3wsz3fu0qglfcmyemdq85mi": "17",
        "z84kxkcg8o30vmca71kinewmi": "17"
      },
      "Team Engage 2 | Acceptance | Message Summary Page Rerouting: Always reroute to engage beckett housing for manual messages": {
        "0pomsnlnp8dqseiyqbyugzaor": "17",
        "23oybqxov3zd1jt79no2lhxgvi": "17",
        "3j9y9nh47kt5wh9oax4huayvi": "17",
        "5l1l5ptouf32gloi3xlqziwwmi": "17",
        "7tyuqe1k1o5nbe3xtp0c7919k9": "17",
        "7zh8mgesvsbj29q5qjd3oko6r": "17",
        "9mswtjrkjfpjyi7v7lksp2e29": "17",
        "bpp66c40dvr8tvp487c2wewmi": "17",
        "cxsy6mnvzkljrt4pzcgtlnmi": "17",
        "dcd7neidfjyjcd9lfm4ovquxr": "17",
        "epzmjd3y3lbhl3k1kd4sfw29": "17",
        "gb7hrmpsag7yigh8hjs8aor": "17",
        "klsh08xwy25co71omtfhia4i": "17",
        "kxeatjy8pv72q01d2zqv3g14i": "17",
        "ltyahh52ri7z5k01ap3gi7ldi": "17",
        "m4mzkny7m9fir8127mnlgzaor": "17",
        "mjyktigxpyh4p0l34x92akyb9": "17",
        "mw8j937k4mm35ddo2gvcayvi": "17",
        "ohrzcohwqcfibgpi1j4mzehfr": "17",
        "rr2yg46awozkz264p7ej6ecdi": "17",
        "rxlgcwyszod9437wy1b9h33di": "17",
        "vigf2irhxuyjc143g0bo11yvi": "17",
        "vj10t7vk3baauq57t3q3hm2t9": "17",
        "vjapqn3tdd914agpfn4tjra4i": "17",
        "xf3wsz3fu0qglfcmyemdq85mi": "17",
        "z84kxkcg8o30vmca71kinewmi": "17"
      },
      "Team Engage 2 | Acceptance | Message Summary Page Rerouting: Engage auto message from index": {
        "0pomsnlnp8dqseiyqbyugzaor": "17",
        "23oybqxov3zd1jt79no2lhxgvi": "17",
        "3j9y9nh47kt5wh9oax4huayvi": "17",
        "5l1l5ptouf32gloi3xlqziwwmi": "17",
        "7tyuqe1k1o5nbe3xtp0c7919k9": "17",
        "7zh8mgesvsbj29q5qjd3oko6r": "17",
        "9mswtjrkjfpjyi7v7lksp2e29": "17",
        "bpp66c40dvr8tvp487c2wewmi": "17",
        "cxsy6mnvzkljrt4pzcgtlnmi": "17",
        "dcd7neidfjyjcd9lfm4ovquxr": "17",
        "epzmjd3y3lbhl3k1kd4sfw29": "17",
        "gb7hrmpsag7yigh8hjs8aor": "17",
        "klsh08xwy25co71omtfhia4i": "17",
        "kxeatjy8pv72q01d2zqv3g14i": "17",
        "ltyahh52ri7z5k01ap3gi7ldi": "17",
        "m4mzkny7m9fir8127mnlgzaor": "17",
        "mjyktigxpyh4p0l34x92akyb9": "17",
        "mw8j937k4mm35ddo2gvcayvi": "17",
        "ohrzcohwqcfibgpi1j4mzehfr": "17",
        "rr2yg46awozkz264p7ej6ecdi": "17",
        "rxlgcwyszod9437wy1b9h33di": "17",
        "vigf2irhxuyjc143g0bo11yvi": "17",
        "vj10t7vk3baauq57t3q3hm2t9": "17",
        "vjapqn3tdd914agpfn4tjra4i": "17",
        "xf3wsz3fu0qglfcmyemdq85mi": "17",
        "z84kxkcg8o30vmca71kinewmi": "17"
      },
      "Team Engage 2 | Acceptance | Message Summary Page Rerouting: Always reroute to acquire beckett housing for visitor auto messages": {
        "0pomsnlnp8dqseiyqbyugzaor": "17",
        "23oybqxov3zd1jt79no2lhxgvi": "17",
        "3j9y9nh47kt5wh9oax4huayvi": "17",
        "5l1l5ptouf32gloi3xlqziwwmi": "17",
        "7tyuqe1k1o5nbe3xtp0c7919k9": "17",
        "7zh8mgesvsbj29q5qjd3oko6r": "17",
        "9mswtjrkjfpjyi7v7lksp2e29": "17",
        "bpp66c40dvr8tvp487c2wewmi": "17",
        "cxsy6mnvzkljrt4pzcgtlnmi": "17",
        "dcd7neidfjyjcd9lfm4ovquxr": "17",
        "epzmjd3y3lbhl3k1kd4sfw29": "17",
        "gb7hrmpsag7yigh8hjs8aor": "17",
        "klsh08xwy25co71omtfhia4i": "17",
        "kxeatjy8pv72q01d2zqv3g14i": "17",
        "ltyahh52ri7z5k01ap3gi7ldi": "17",
        "m4mzkny7m9fir8127mnlgzaor": "17",
        "mjyktigxpyh4p0l34x92akyb9": "17",
        "mw8j937k4mm35ddo2gvcayvi": "17",
        "ohrzcohwqcfibgpi1j4mzehfr": "17",
        "rr2yg46awozkz264p7ej6ecdi": "17",
        "rxlgcwyszod9437wy1b9h33di": "17",
        "vigf2irhxuyjc143g0bo11yvi": "17",
        "vj10t7vk3baauq57t3q3hm2t9": "17",
        "vjapqn3tdd914agpfn4tjra4i": "17",
        "xf3wsz3fu0qglfcmyemdq85mi": "17",
        "z84kxkcg8o30vmca71kinewmi": "17"
      },
      "Team Engage 1 | Integration: Component - Message Editor Stats Pre Send Info | Integration | Component | message-editor/stats/pre-send-info: With a manual in-app message selection state that has a count and targets users": {
        "0pomsnlnp8dqseiyqbyugzaor": "19",
        "z84kxkcg8o30vmca71kinewmi": "19"
      },
      "Team Engage 1 | Integration: Component - Message Content Editor | Integration | Component | messages/editor/message-content-editor: the company attributes explanation shows if the message contents contains company attributes": {
        "0pomsnlnp8dqseiyqbyugzaor": "41",
        "23oybqxov3zd1jt79no2lhxgvi": "41",
        "5l1l5ptouf32gloi3xlqziwwmi": "41",
        "7tyuqe1k1o5nbe3xtp0c7919k9": "41",
        "7zh8mgesvsbj29q5qjd3oko6r": "41",
        "cxsy6mnvzkljrt4pzcgtlnmi": "41",
        "dcd7neidfjyjcd9lfm4ovquxr": "41",
        "gb7hrmpsag7yigh8hjs8aor": "41",
        "klsh08xwy25co71omtfhia4i": "41",
        "kxeatjy8pv72q01d2zqv3g14i": "41",
        "ltyahh52ri7z5k01ap3gi7ldi": "41",
        "m4mzkny7m9fir8127mnlgzaor": "41",
        "mjyktigxpyh4p0l34x92akyb9": "41",
        "rr2yg46awozkz264p7ej6ecdi": "41",
        "rxlgcwyszod9437wy1b9h33di": "41",
        "vigf2irhxuyjc143g0bo11yvi": "41",
        "vj10t7vk3baauq57t3q3hm2t9": "41",
        "xf3wsz3fu0qglfcmyemdq85mi": "41",
        "z84kxkcg8o30vmca71kinewmi": "41"
      },
      "Team Engage 1 | Integration: Component - Message In-App Sidebar | Integration | Component | messages/editor/message-in-app-sidebar: Selecting reactions sets a default reaction set of four reactions": {
        "0pomsnlnp8dqseiyqbyugzaor": "42",
        "23oybqxov3zd1jt79no2lhxgvi": "42",
        "3j9y9nh47kt5wh9oax4huayvi": "42",
        "5l1l5ptouf32gloi3xlqziwwmi": "42",
        "7tyuqe1k1o5nbe3xtp0c7919k9": "42",
        "7zh8mgesvsbj29q5qjd3oko6r": "42",
        "klsh08xwy25co71omtfhia4i": "42",
        "m4mzkny7m9fir8127mnlgzaor": "42",
        "mjyktigxpyh4p0l34x92akyb9": "42",
        "mw8j937k4mm35ddo2gvcayvi": "42",
        "rr2yg46awozkz264p7ej6ecdi": "42",
        "rxlgcwyszod9437wy1b9h33di": "42",
        "vj10t7vk3baauq57t3q3hm2t9": "42",
        "xf3wsz3fu0qglfcmyemdq85mi": "42",
        "z84kxkcg8o30vmca71kinewmi": "42"
      },
      "Team Engage 3 | Integration: Component - Message View and Edit Component | Integration | Component | messages/message-view-and-edit-component: Loading an auto message shows the correct panel indices": {
        "0pomsnlnp8dqseiyqbyugzaor": "47",
        "5l1l5ptouf32gloi3xlqziwwmi": "47",
        "rxlgcwyszod9437wy1b9h33di": "47",
        "xf3wsz3fu0qglfcmyemdq85mi": "47"
      },
      "Team Engage 1 | Integration: Component - Numeric Editor | Integration | Component | predicates/value-editors/numeric-editor: delete button is present and functional for all comparison types": {
        "0pomsnlnp8dqseiyqbyugzaor": "58",
        "rxlgcwyszod9437wy1b9h33di": "58",
        "xf3wsz3fu0qglfcmyemdq85mi": "58"
      },
      "Team Engage 1 | Integration: Component - String Editor | Integration | Component | predicates/value-editors/string-editor: changing the comparator changes the predicate comparator": {
        "0pomsnlnp8dqseiyqbyugzaor": "59",
        "5l1l5ptouf32gloi3xlqziwwmi": "59",
        "rxlgcwyszod9437wy1b9h33di": "59",
        "xf3wsz3fu0qglfcmyemdq85mi": "59"
      },
      "Team Engage 1 | Integration: Component - Campaign Setup | Integration | Component | campaigns/setup/campaign-setup: is in draft editing mode": {
        "0pomsnlnp8dqseiyqbyugzaor": "66",
        "3j9y9nh47kt5wh9oax4huayvi": "66",
        "5l1l5ptouf32gloi3xlqziwwmi": "66",
        "7tyuqe1k1o5nbe3xtp0c7919k9": "66",
        "bpp66c40dvr8tvp487c2wewmi": "66",
        "cxsy6mnvzkljrt4pzcgtlnmi": "66",
        "gb7hrmpsag7yigh8hjs8aor": "66",
        "kxeatjy8pv72q01d2zqv3g14i": "66",
        "mjyktigxpyh4p0l34x92akyb9": "66",
        "rxlgcwyszod9437wy1b9h33di": "66",
        "xf3wsz3fu0qglfcmyemdq85mi": "66",
        "z84kxkcg8o30vmca71kinewmi": "66"
      },
      "Team Engage 1 | Integration: Component - Campaign Setup | Integration | Component | campaigns/setup/campaign-setup: is in stopped mode": {
        "0pomsnlnp8dqseiyqbyugzaor": "66",
        "23oybqxov3zd1jt79no2lhxgvi": "66",
        "5l1l5ptouf32gloi3xlqziwwmi": "66",
        "7zh8mgesvsbj29q5qjd3oko6r": "66",
        "dcd7neidfjyjcd9lfm4ovquxr": "66",
        "gb7hrmpsag7yigh8hjs8aor": "66",
        "klsh08xwy25co71omtfhia4i": "66",
        "kxeatjy8pv72q01d2zqv3g14i": "66",
        "ltyahh52ri7z5k01ap3gi7ldi": "66",
        "m4mzkny7m9fir8127mnlgzaor": "66",
        "mjyktigxpyh4p0l34x92akyb9": "66",
        "ohrzcohwqcfibgpi1j4mzehfr": "66",
        "rr2yg46awozkz264p7ej6ecdi": "66",
        "rxlgcwyszod9437wy1b9h33di": "66",
        "vigf2irhxuyjc143g0bo11yvi": "66",
        "xf3wsz3fu0qglfcmyemdq85mi": "66",
        "z84kxkcg8o30vmca71kinewmi": "66"
      },
      "Team Engage 1 | Integration: Component - Campaign Setup | Integration | Component | campaigns/setup/campaign-setup: is in live mode": {
        "0pomsnlnp8dqseiyqbyugzaor": "66",
        "3j9y9nh47kt5wh9oax4huayvi": "66",
        "5l1l5ptouf32gloi3xlqziwwmi": "66",
        "7zh8mgesvsbj29q5qjd3oko6r": "66",
        "dcd7neidfjyjcd9lfm4ovquxr": "66",
        "epzmjd3y3lbhl3k1kd4sfw29": "66",
        "klsh08xwy25co71omtfhia4i": "66",
        "kxeatjy8pv72q01d2zqv3g14i": "66",
        "mjyktigxpyh4p0l34x92akyb9": "66",
        "ohrzcohwqcfibgpi1j4mzehfr": "66",
        "rr2yg46awozkz264p7ej6ecdi": "66",
        "rxlgcwyszod9437wy1b9h33di": "66",
        "vigf2irhxuyjc143g0bo11yvi": "66",
        "xf3wsz3fu0qglfcmyemdq85mi": "66",
        "z84kxkcg8o30vmca71kinewmi": "66"
      },
      "Team Engage 1 | Integration: Component - Campaigns User Preview | Integration | Component | campaigns/setup/user-preview: Rendering actual users": {
        "0pomsnlnp8dqseiyqbyugzaor": "67",
        "rxlgcwyszod9437wy1b9h33di": "67",
        "xf3wsz3fu0qglfcmyemdq85mi": "67"
      },
      "Team Engage 1 | Integration: Messages - Message Editor - Content: Deleting reactions from a live message shows a warning modal on the first edit only": {
        "0pomsnlnp8dqseiyqbyugzaor": "84",
        "23oybqxov3zd1jt79no2lhxgvi": "84",
        "3j9y9nh47kt5wh9oax4huayvi": "84",
        "5l1l5ptouf32gloi3xlqziwwmi": "84",
        "7tyuqe1k1o5nbe3xtp0c7919k9": "84",
        "7zh8mgesvsbj29q5qjd3oko6r": "84",
        "9mswtjrkjfpjyi7v7lksp2e29": "84",
        "bpp66c40dvr8tvp487c2wewmi": "84",
        "cxsy6mnvzkljrt4pzcgtlnmi": "84",
        "dcd7neidfjyjcd9lfm4ovquxr": "84",
        "epzmjd3y3lbhl3k1kd4sfw29": "84",
        "gb7hrmpsag7yigh8hjs8aor": "84",
        "klsh08xwy25co71omtfhia4i": "84",
        "kxeatjy8pv72q01d2zqv3g14i": "84",
        "ltyahh52ri7z5k01ap3gi7ldi": "84",
        "m4mzkny7m9fir8127mnlgzaor": "84",
        "mjyktigxpyh4p0l34x92akyb9": "84",
        "mw8j937k4mm35ddo2gvcayvi": "84",
        "ohrzcohwqcfibgpi1j4mzehfr": "84",
        "rr2yg46awozkz264p7ej6ecdi": "84",
        "rxlgcwyszod9437wy1b9h33di": "84",
        "vigf2irhxuyjc143g0bo11yvi": "84",
        "vj10t7vk3baauq57t3q3hm2t9": "84",
        "xf3wsz3fu0qglfcmyemdq85mi": "84",
        "z84kxkcg8o30vmca71kinewmi": "84"
      },
      "Team Engage 1 | Integration: Messages - Message Editor - Content: Deleting reactions from a draft message doesn't show a warning modal": {
        "0pomsnlnp8dqseiyqbyugzaor": "84",
        "23oybqxov3zd1jt79no2lhxgvi": "84",
        "3j9y9nh47kt5wh9oax4huayvi": "84",
        "5l1l5ptouf32gloi3xlqziwwmi": "84",
        "7tyuqe1k1o5nbe3xtp0c7919k9": "84",
        "7zh8mgesvsbj29q5qjd3oko6r": "84",
        "9mswtjrkjfpjyi7v7lksp2e29": "84",
        "bpp66c40dvr8tvp487c2wewmi": "84",
        "cxsy6mnvzkljrt4pzcgtlnmi": "84",
        "dcd7neidfjyjcd9lfm4ovquxr": "84",
        "epzmjd3y3lbhl3k1kd4sfw29": "84",
        "gb7hrmpsag7yigh8hjs8aor": "84",
        "klsh08xwy25co71omtfhia4i": "84",
        "kxeatjy8pv72q01d2zqv3g14i": "84",
        "ltyahh52ri7z5k01ap3gi7ldi": "84",
        "m4mzkny7m9fir8127mnlgzaor": "84",
        "mjyktigxpyh4p0l34x92akyb9": "84",
        "mw8j937k4mm35ddo2gvcayvi": "84",
        "ohrzcohwqcfibgpi1j4mzehfr": "84",
        "rr2yg46awozkz264p7ej6ecdi": "84",
        "rxlgcwyszod9437wy1b9h33di": "84",
        "vigf2irhxuyjc143g0bo11yvi": "84",
        "vj10t7vk3baauq57t3q3hm2t9": "84",
        "xf3wsz3fu0qglfcmyemdq85mi": "84",
        "z84kxkcg8o30vmca71kinewmi": "84"
      },
      "Team Engage 1 | Integration: Messages - Message Editor - Content: Editing reactions from a live message shows a warning modal on the first edit only": {
        "0pomsnlnp8dqseiyqbyugzaor": "84",
        "23oybqxov3zd1jt79no2lhxgvi": "84",
        "3j9y9nh47kt5wh9oax4huayvi": "84",
        "5l1l5ptouf32gloi3xlqziwwmi": "84",
        "7tyuqe1k1o5nbe3xtp0c7919k9": "84",
        "7zh8mgesvsbj29q5qjd3oko6r": "84",
        "9mswtjrkjfpjyi7v7lksp2e29": "84",
        "bpp66c40dvr8tvp487c2wewmi": "84",
        "cxsy6mnvzkljrt4pzcgtlnmi": "84",
        "dcd7neidfjyjcd9lfm4ovquxr": "84",
        "epzmjd3y3lbhl3k1kd4sfw29": "84",
        "gb7hrmpsag7yigh8hjs8aor": "84",
        "klsh08xwy25co71omtfhia4i": "84",
        "kxeatjy8pv72q01d2zqv3g14i": "84",
        "ltyahh52ri7z5k01ap3gi7ldi": "84",
        "m4mzkny7m9fir8127mnlgzaor": "84",
        "mjyktigxpyh4p0l34x92akyb9": "84",
        "mw8j937k4mm35ddo2gvcayvi": "84",
        "ohrzcohwqcfibgpi1j4mzehfr": "84",
        "rr2yg46awozkz264p7ej6ecdi": "84",
        "rxlgcwyszod9437wy1b9h33di": "84",
        "vigf2irhxuyjc143g0bo11yvi": "84",
        "vj10t7vk3baauq57t3q3hm2t9": "84",
        "xf3wsz3fu0qglfcmyemdq85mi": "84",
        "z84kxkcg8o30vmca71kinewmi": "84"
      },
      "Team Engage 1 | Integration: Messages Editor - Folders & Campaigns: Editing the campaign in the Title Editing section": {
        "0pomsnlnp8dqseiyqbyugzaor": "88",
        "23oybqxov3zd1jt79no2lhxgvi": "88",
        "3j9y9nh47kt5wh9oax4huayvi": "88",
        "5l1l5ptouf32gloi3xlqziwwmi": "88",
        "7tyuqe1k1o5nbe3xtp0c7919k9": "88",
        "7zh8mgesvsbj29q5qjd3oko6r": "88",
        "9mswtjrkjfpjyi7v7lksp2e29": "88",
        "bpp66c40dvr8tvp487c2wewmi": "88",
        "cxsy6mnvzkljrt4pzcgtlnmi": "88",
        "dcd7neidfjyjcd9lfm4ovquxr": "88",
        "epzmjd3y3lbhl3k1kd4sfw29": "88",
        "gb7hrmpsag7yigh8hjs8aor": "88",
        "klsh08xwy25co71omtfhia4i": "88",
        "kxeatjy8pv72q01d2zqv3g14i": "88",
        "ltyahh52ri7z5k01ap3gi7ldi": "88",
        "m4mzkny7m9fir8127mnlgzaor": "88",
        "mjyktigxpyh4p0l34x92akyb9": "88",
        "mw8j937k4mm35ddo2gvcayvi": "88",
        "ohrzcohwqcfibgpi1j4mzehfr": "88",
        "rr2yg46awozkz264p7ej6ecdi": "88",
        "rxlgcwyszod9437wy1b9h33di": "88",
        "vigf2irhxuyjc143g0bo11yvi": "88",
        "vj10t7vk3baauq57t3q3hm2t9": "88",
        "xf3wsz3fu0qglfcmyemdq85mi": "88",
        "z84kxkcg8o30vmca71kinewmi": "88"
      },
      "Team Engage 1 | Integration: Messages Editor - Folders & Campaigns: Editing the folder in the Title Editing section": {
        "0pomsnlnp8dqseiyqbyugzaor": "88",
        "23oybqxov3zd1jt79no2lhxgvi": "88",
        "3j9y9nh47kt5wh9oax4huayvi": "88",
        "5l1l5ptouf32gloi3xlqziwwmi": "88",
        "7tyuqe1k1o5nbe3xtp0c7919k9": "88",
        "7zh8mgesvsbj29q5qjd3oko6r": "88",
        "9mswtjrkjfpjyi7v7lksp2e29": "88",
        "bpp66c40dvr8tvp487c2wewmi": "88",
        "cxsy6mnvzkljrt4pzcgtlnmi": "88",
        "dcd7neidfjyjcd9lfm4ovquxr": "88",
        "epzmjd3y3lbhl3k1kd4sfw29": "88",
        "gb7hrmpsag7yigh8hjs8aor": "88",
        "klsh08xwy25co71omtfhia4i": "88",
        "kxeatjy8pv72q01d2zqv3g14i": "88",
        "ltyahh52ri7z5k01ap3gi7ldi": "88",
        "m4mzkny7m9fir8127mnlgzaor": "88",
        "mjyktigxpyh4p0l34x92akyb9": "88",
        "mw8j937k4mm35ddo2gvcayvi": "88",
        "ohrzcohwqcfibgpi1j4mzehfr": "88",
        "rr2yg46awozkz264p7ej6ecdi": "88",
        "rxlgcwyszod9437wy1b9h33di": "88",
        "vigf2irhxuyjc143g0bo11yvi": "88",
        "vj10t7vk3baauq57t3q3hm2t9": "88",
        "xf3wsz3fu0qglfcmyemdq85mi": "88",
        "z84kxkcg8o30vmca71kinewmi": "88"
      },
      "Team Engage 1 | Integration: Messages Editor - Folders & Campaigns: Assigning a campaign message to a folder and visa versa": {
        "0pomsnlnp8dqseiyqbyugzaor": "88",
        "23oybqxov3zd1jt79no2lhxgvi": "88",
        "3j9y9nh47kt5wh9oax4huayvi": "88",
        "5l1l5ptouf32gloi3xlqziwwmi": "88",
        "7tyuqe1k1o5nbe3xtp0c7919k9": "88",
        "7zh8mgesvsbj29q5qjd3oko6r": "88",
        "9mswtjrkjfpjyi7v7lksp2e29": "88",
        "bpp66c40dvr8tvp487c2wewmi": "88",
        "cxsy6mnvzkljrt4pzcgtlnmi": "88",
        "dcd7neidfjyjcd9lfm4ovquxr": "88",
        "epzmjd3y3lbhl3k1kd4sfw29": "88",
        "gb7hrmpsag7yigh8hjs8aor": "88",
        "klsh08xwy25co71omtfhia4i": "88",
        "kxeatjy8pv72q01d2zqv3g14i": "88",
        "ltyahh52ri7z5k01ap3gi7ldi": "88",
        "m4mzkny7m9fir8127mnlgzaor": "88",
        "mjyktigxpyh4p0l34x92akyb9": "88",
        "mw8j937k4mm35ddo2gvcayvi": "88",
        "ohrzcohwqcfibgpi1j4mzehfr": "88",
        "rr2yg46awozkz264p7ej6ecdi": "88",
        "rxlgcwyszod9437wy1b9h33di": "88",
        "vigf2irhxuyjc143g0bo11yvi": "88",
        "vj10t7vk3baauq57t3q3hm2t9": "88",
        "xf3wsz3fu0qglfcmyemdq85mi": "88",
        "z84kxkcg8o30vmca71kinewmi": "88"
      },
      "Team Engage 1 | Unit: NewMessage Model: saving does not clobber the local copy of the message - Really a test of RestAdapter(WithReload)": {
        "0pomsnlnp8dqseiyqbyugzaor": "90",
        "23oybqxov3zd1jt79no2lhxgvi": "90",
        "3j9y9nh47kt5wh9oax4huayvi": "90",
        "5l1l5ptouf32gloi3xlqziwwmi": "90",
        "7tyuqe1k1o5nbe3xtp0c7919k9": "90",
        "7zh8mgesvsbj29q5qjd3oko6r": "90",
        "9mswtjrkjfpjyi7v7lksp2e29": "90",
        "bpp66c40dvr8tvp487c2wewmi": "90",
        "cxsy6mnvzkljrt4pzcgtlnmi": "90",
        "dcd7neidfjyjcd9lfm4ovquxr": "90",
        "epzmjd3y3lbhl3k1kd4sfw29": "90",
        "gb7hrmpsag7yigh8hjs8aor": "90",
        "klsh08xwy25co71omtfhia4i": "90",
        "kxeatjy8pv72q01d2zqv3g14i": "90",
        "ltyahh52ri7z5k01ap3gi7ldi": "90",
        "m4mzkny7m9fir8127mnlgzaor": "90",
        "mjyktigxpyh4p0l34x92akyb9": "90",
        "mw8j937k4mm35ddo2gvcayvi": "90",
        "ohrzcohwqcfibgpi1j4mzehfr": "90",
        "rr2yg46awozkz264p7ej6ecdi": "90",
        "rxlgcwyszod9437wy1b9h33di": "90",
        "vigf2irhxuyjc143g0bo11yvi": "90",
        "vj10t7vk3baauq57t3q3hm2t9": "90",
        "xf3wsz3fu0qglfcmyemdq85mi": "90",
        "z84kxkcg8o30vmca71kinewmi": "90"
      },
      "Team Engage 2 | Integration: Messages - Mobile Push: Enabling and editing a Mobile Push message triggers a modal if the content panel has been opened with ember_engage_messenger_v3 enabled": {
        "0pomsnlnp8dqseiyqbyugzaor": "91",
        "23oybqxov3zd1jt79no2lhxgvi": "91",
        "3j9y9nh47kt5wh9oax4huayvi": "91",
        "5l1l5ptouf32gloi3xlqziwwmi": "91",
        "7tyuqe1k1o5nbe3xtp0c7919k9": "91",
        "7zh8mgesvsbj29q5qjd3oko6r": "91",
        "9mswtjrkjfpjyi7v7lksp2e29": "91",
        "bpp66c40dvr8tvp487c2wewmi": "91",
        "cxsy6mnvzkljrt4pzcgtlnmi": "91",
        "dcd7neidfjyjcd9lfm4ovquxr": "91",
        "epzmjd3y3lbhl3k1kd4sfw29": "91",
        "gb7hrmpsag7yigh8hjs8aor": "91",
        "klsh08xwy25co71omtfhia4i": "91",
        "kxeatjy8pv72q01d2zqv3g14i": "91",
        "ltyahh52ri7z5k01ap3gi7ldi": "91",
        "m4mzkny7m9fir8127mnlgzaor": "91",
        "mjyktigxpyh4p0l34x92akyb9": "91",
        "mw8j937k4mm35ddo2gvcayvi": "91",
        "ohrzcohwqcfibgpi1j4mzehfr": "91",
        "rr2yg46awozkz264p7ej6ecdi": "91",
        "rxlgcwyszod9437wy1b9h33di": "91",
        "vigf2irhxuyjc143g0bo11yvi": "91",
        "vj10t7vk3baauq57t3q3hm2t9": "91",
        "xf3wsz3fu0qglfcmyemdq85mi": "91",
        "z84kxkcg8o30vmca71kinewmi": "91"
      },
      "Team Engage 2 | Integration: Messages - Mobile Push: Enabling and editing a Mobile Push message triggers a modal if the content panel has been opened": {
        "0pomsnlnp8dqseiyqbyugzaor": "91",
        "23oybqxov3zd1jt79no2lhxgvi": "91",
        "3j9y9nh47kt5wh9oax4huayvi": "91",
        "5l1l5ptouf32gloi3xlqziwwmi": "91",
        "7tyuqe1k1o5nbe3xtp0c7919k9": "91",
        "7zh8mgesvsbj29q5qjd3oko6r": "91",
        "9mswtjrkjfpjyi7v7lksp2e29": "91",
        "bpp66c40dvr8tvp487c2wewmi": "91",
        "cxsy6mnvzkljrt4pzcgtlnmi": "91",
        "dcd7neidfjyjcd9lfm4ovquxr": "91",
        "epzmjd3y3lbhl3k1kd4sfw29": "91",
        "gb7hrmpsag7yigh8hjs8aor": "91",
        "klsh08xwy25co71omtfhia4i": "91",
        "kxeatjy8pv72q01d2zqv3g14i": "91",
        "ltyahh52ri7z5k01ap3gi7ldi": "91",
        "m4mzkny7m9fir8127mnlgzaor": "91",
        "mjyktigxpyh4p0l34x92akyb9": "91",
        "mw8j937k4mm35ddo2gvcayvi": "91",
        "ohrzcohwqcfibgpi1j4mzehfr": "91",
        "rr2yg46awozkz264p7ej6ecdi": "91",
        "rxlgcwyszod9437wy1b9h33di": "91",
        "vigf2irhxuyjc143g0bo11yvi": "91",
        "vj10t7vk3baauq57t3q3hm2t9": "91",
        "xf3wsz3fu0qglfcmyemdq85mi": "91",
        "z84kxkcg8o30vmca71kinewmi": "91"
      },
      "Team Engage 1 | Integration: Messages - Message Scheduling: Channel editor opens a modal if switching a message with a message delivery window from email to in-app": {
        "0pomsnlnp8dqseiyqbyugzaor": "92",
        "23oybqxov3zd1jt79no2lhxgvi": "92",
        "3j9y9nh47kt5wh9oax4huayvi": "92",
        "5l1l5ptouf32gloi3xlqziwwmi": "92",
        "7tyuqe1k1o5nbe3xtp0c7919k9": "92",
        "7zh8mgesvsbj29q5qjd3oko6r": "92",
        "9mswtjrkjfpjyi7v7lksp2e29": "92",
        "bpp66c40dvr8tvp487c2wewmi": "92",
        "cxsy6mnvzkljrt4pzcgtlnmi": "92",
        "dcd7neidfjyjcd9lfm4ovquxr": "92",
        "epzmjd3y3lbhl3k1kd4sfw29": "92",
        "gb7hrmpsag7yigh8hjs8aor": "92",
        "klsh08xwy25co71omtfhia4i": "92",
        "kxeatjy8pv72q01d2zqv3g14i": "92",
        "ltyahh52ri7z5k01ap3gi7ldi": "92",
        "m4mzkny7m9fir8127mnlgzaor": "92",
        "mjyktigxpyh4p0l34x92akyb9": "92",
        "mw8j937k4mm35ddo2gvcayvi": "92",
        "ohrzcohwqcfibgpi1j4mzehfr": "92",
        "rr2yg46awozkz264p7ej6ecdi": "92",
        "rxlgcwyszod9437wy1b9h33di": "92",
        "vigf2irhxuyjc143g0bo11yvi": "92",
        "vj10t7vk3baauq57t3q3hm2t9": "92",
        "xf3wsz3fu0qglfcmyemdq85mi": "92",
        "z84kxkcg8o30vmca71kinewmi": "92"
      },
      "Team Engage 1 | Integration: Messages - Message Editor Save and Revert: Auto save does not trigger on opening a draft and opening each of the panels": {
        "0pomsnlnp8dqseiyqbyugzaor": "93",
        "23oybqxov3zd1jt79no2lhxgvi": "93",
        "3j9y9nh47kt5wh9oax4huayvi": "93",
        "5l1l5ptouf32gloi3xlqziwwmi": "93",
        "7tyuqe1k1o5nbe3xtp0c7919k9": "93",
        "7zh8mgesvsbj29q5qjd3oko6r": "93",
        "9mswtjrkjfpjyi7v7lksp2e29": "93",
        "bpp66c40dvr8tvp487c2wewmi": "93",
        "cxsy6mnvzkljrt4pzcgtlnmi": "93",
        "dcd7neidfjyjcd9lfm4ovquxr": "93",
        "epzmjd3y3lbhl3k1kd4sfw29": "93",
        "gb7hrmpsag7yigh8hjs8aor": "93",
        "klsh08xwy25co71omtfhia4i": "93",
        "kxeatjy8pv72q01d2zqv3g14i": "93",
        "ltyahh52ri7z5k01ap3gi7ldi": "93",
        "m4mzkny7m9fir8127mnlgzaor": "93",
        "mjyktigxpyh4p0l34x92akyb9": "93",
        "mw8j937k4mm35ddo2gvcayvi": "93",
        "ohrzcohwqcfibgpi1j4mzehfr": "93",
        "rr2yg46awozkz264p7ej6ecdi": "93",
        "rxlgcwyszod9437wy1b9h33di": "93",
        "vigf2irhxuyjc143g0bo11yvi": "93",
        "vj10t7vk3baauq57t3q3hm2t9": "93",
        "xf3wsz3fu0qglfcmyemdq85mi": "93",
        "z84kxkcg8o30vmca71kinewmi": "93"
      },
      "Team Engage 1 | Integration: Messages - Message Editor Save and Revert: Auto save should trigger on editing a variation attribute": {
        "0pomsnlnp8dqseiyqbyugzaor": "93",
        "23oybqxov3zd1jt79no2lhxgvi": "93",
        "3j9y9nh47kt5wh9oax4huayvi": "93",
        "5l1l5ptouf32gloi3xlqziwwmi": "93",
        "7tyuqe1k1o5nbe3xtp0c7919k9": "93",
        "7zh8mgesvsbj29q5qjd3oko6r": "93",
        "9mswtjrkjfpjyi7v7lksp2e29": "93",
        "bpp66c40dvr8tvp487c2wewmi": "93",
        "cxsy6mnvzkljrt4pzcgtlnmi": "93",
        "dcd7neidfjyjcd9lfm4ovquxr": "93",
        "epzmjd3y3lbhl3k1kd4sfw29": "93",
        "gb7hrmpsag7yigh8hjs8aor": "93",
        "klsh08xwy25co71omtfhia4i": "93",
        "kxeatjy8pv72q01d2zqv3g14i": "93",
        "ltyahh52ri7z5k01ap3gi7ldi": "93",
        "m4mzkny7m9fir8127mnlgzaor": "93",
        "mjyktigxpyh4p0l34x92akyb9": "93",
        "mw8j937k4mm35ddo2gvcayvi": "93",
        "ohrzcohwqcfibgpi1j4mzehfr": "93",
        "rr2yg46awozkz264p7ej6ecdi": "93",
        "rxlgcwyszod9437wy1b9h33di": "93",
        "vigf2irhxuyjc143g0bo11yvi": "93",
        "vj10t7vk3baauq57t3q3hm2t9": "93",
        "xf3wsz3fu0qglfcmyemdq85mi": "93",
        "z84kxkcg8o30vmca71kinewmi": "93"
      },
      "Team Engage 1 | Integration: Messages - Message Editor Save and Revert: Auto save does not trigger on opening a draft and opening each of the panels with ember_engage_messenger_v3 enabled": {
        "0pomsnlnp8dqseiyqbyugzaor": "93",
        "23oybqxov3zd1jt79no2lhxgvi": "93",
        "3j9y9nh47kt5wh9oax4huayvi": "93",
        "5l1l5ptouf32gloi3xlqziwwmi": "93",
        "7tyuqe1k1o5nbe3xtp0c7919k9": "93",
        "7zh8mgesvsbj29q5qjd3oko6r": "93",
        "9mswtjrkjfpjyi7v7lksp2e29": "93",
        "bpp66c40dvr8tvp487c2wewmi": "93",
        "cxsy6mnvzkljrt4pzcgtlnmi": "93",
        "dcd7neidfjyjcd9lfm4ovquxr": "93",
        "epzmjd3y3lbhl3k1kd4sfw29": "93",
        "gb7hrmpsag7yigh8hjs8aor": "93",
        "klsh08xwy25co71omtfhia4i": "93",
        "kxeatjy8pv72q01d2zqv3g14i": "93",
        "ltyahh52ri7z5k01ap3gi7ldi": "93",
        "m4mzkny7m9fir8127mnlgzaor": "93",
        "mjyktigxpyh4p0l34x92akyb9": "93",
        "mw8j937k4mm35ddo2gvcayvi": "93",
        "ohrzcohwqcfibgpi1j4mzehfr": "93",
        "rr2yg46awozkz264p7ej6ecdi": "93",
        "rxlgcwyszod9437wy1b9h33di": "93",
        "vigf2irhxuyjc143g0bo11yvi": "93",
        "vj10t7vk3baauq57t3q3hm2t9": "93",
        "xf3wsz3fu0qglfcmyemdq85mi": "93",
        "z84kxkcg8o30vmca71kinewmi": "93"
      },
      "Team Engage 1 | Integration: Messages - Message Editor Save and Revert: Auto save should trigger on editing a variation attribute with ember_engage_messenger_v3 enabled": {
        "0pomsnlnp8dqseiyqbyugzaor": "93",
        "23oybqxov3zd1jt79no2lhxgvi": "93",
        "3j9y9nh47kt5wh9oax4huayvi": "93",
        "5l1l5ptouf32gloi3xlqziwwmi": "93",
        "7tyuqe1k1o5nbe3xtp0c7919k9": "93",
        "7zh8mgesvsbj29q5qjd3oko6r": "93",
        "9mswtjrkjfpjyi7v7lksp2e29": "93",
        "bpp66c40dvr8tvp487c2wewmi": "93",
        "cxsy6mnvzkljrt4pzcgtlnmi": "93",
        "dcd7neidfjyjcd9lfm4ovquxr": "93",
        "epzmjd3y3lbhl3k1kd4sfw29": "93",
        "gb7hrmpsag7yigh8hjs8aor": "93",
        "klsh08xwy25co71omtfhia4i": "93",
        "kxeatjy8pv72q01d2zqv3g14i": "93",
        "ltyahh52ri7z5k01ap3gi7ldi": "93",
        "m4mzkny7m9fir8127mnlgzaor": "93",
        "mjyktigxpyh4p0l34x92akyb9": "93",
        "mw8j937k4mm35ddo2gvcayvi": "93",
        "ohrzcohwqcfibgpi1j4mzehfr": "93",
        "rr2yg46awozkz264p7ej6ecdi": "93",
        "rxlgcwyszod9437wy1b9h33di": "93",
        "vigf2irhxuyjc143g0bo11yvi": "93",
        "vj10t7vk3baauq57t3q3hm2t9": "93",
        "xf3wsz3fu0qglfcmyemdq85mi": "93",
        "z84kxkcg8o30vmca71kinewmi": "93"
      },
      "Team Engage 3 | Integration: Messages - Message List - Auto Messages: Loading auto messages in the live message list": {
        "0pomsnlnp8dqseiyqbyugzaor": "98",
        "23oybqxov3zd1jt79no2lhxgvi": "98",
        "3j9y9nh47kt5wh9oax4huayvi": "98",
        "5l1l5ptouf32gloi3xlqziwwmi": "98",
        "7tyuqe1k1o5nbe3xtp0c7919k9": "98",
        "7zh8mgesvsbj29q5qjd3oko6r": "98",
        "9mswtjrkjfpjyi7v7lksp2e29": "98",
        "bpp66c40dvr8tvp487c2wewmi": "98",
        "cxsy6mnvzkljrt4pzcgtlnmi": "98",
        "dcd7neidfjyjcd9lfm4ovquxr": "98",
        "epzmjd3y3lbhl3k1kd4sfw29": "98",
        "gb7hrmpsag7yigh8hjs8aor": "98",
        "klsh08xwy25co71omtfhia4i": "98",
        "kxeatjy8pv72q01d2zqv3g14i": "98",
        "ltyahh52ri7z5k01ap3gi7ldi": "98",
        "m4mzkny7m9fir8127mnlgzaor": "98",
        "mjyktigxpyh4p0l34x92akyb9": "98",
        "mw8j937k4mm35ddo2gvcayvi": "98",
        "ohrzcohwqcfibgpi1j4mzehfr": "98",
        "rr2yg46awozkz264p7ej6ecdi": "98",
        "rxlgcwyszod9437wy1b9h33di": "98",
        "vigf2irhxuyjc143g0bo11yvi": "98",
        "vj10t7vk3baauq57t3q3hm2t9": "98",
        "xf3wsz3fu0qglfcmyemdq85mi": "98",
        "z84kxkcg8o30vmca71kinewmi": "98"
      },
      "Team Engage 3 | Integration: Messages - Message List - Auto Messages: Loading auto messages in the paused message list": {
        "0pomsnlnp8dqseiyqbyugzaor": "98",
        "23oybqxov3zd1jt79no2lhxgvi": "98",
        "3j9y9nh47kt5wh9oax4huayvi": "98",
        "5l1l5ptouf32gloi3xlqziwwmi": "98",
        "7tyuqe1k1o5nbe3xtp0c7919k9": "98",
        "7zh8mgesvsbj29q5qjd3oko6r": "98",
        "9mswtjrkjfpjyi7v7lksp2e29": "98",
        "bpp66c40dvr8tvp487c2wewmi": "98",
        "cxsy6mnvzkljrt4pzcgtlnmi": "98",
        "dcd7neidfjyjcd9lfm4ovquxr": "98",
        "epzmjd3y3lbhl3k1kd4sfw29": "98",
        "gb7hrmpsag7yigh8hjs8aor": "98",
        "klsh08xwy25co71omtfhia4i": "98",
        "kxeatjy8pv72q01d2zqv3g14i": "98",
        "ltyahh52ri7z5k01ap3gi7ldi": "98",
        "m4mzkny7m9fir8127mnlgzaor": "98",
        "mjyktigxpyh4p0l34x92akyb9": "98",
        "mw8j937k4mm35ddo2gvcayvi": "98",
        "ohrzcohwqcfibgpi1j4mzehfr": "98",
        "rr2yg46awozkz264p7ej6ecdi": "98",
        "rxlgcwyszod9437wy1b9h33di": "98",
        "vigf2irhxuyjc143g0bo11yvi": "98",
        "vj10t7vk3baauq57t3q3hm2t9": "98",
        "xf3wsz3fu0qglfcmyemdq85mi": "98",
        "z84kxkcg8o30vmca71kinewmi": "98"
      },
      "Team Engage 3 | Integration: Messages - Message List - Auto Messages: Loading auto messages in the scheduled message list": {
        "0pomsnlnp8dqseiyqbyugzaor": "98",
        "23oybqxov3zd1jt79no2lhxgvi": "98",
        "3j9y9nh47kt5wh9oax4huayvi": "98",
        "5l1l5ptouf32gloi3xlqziwwmi": "98",
        "7tyuqe1k1o5nbe3xtp0c7919k9": "98",
        "7zh8mgesvsbj29q5qjd3oko6r": "98",
        "9mswtjrkjfpjyi7v7lksp2e29": "98",
        "bpp66c40dvr8tvp487c2wewmi": "98",
        "cxsy6mnvzkljrt4pzcgtlnmi": "98",
        "dcd7neidfjyjcd9lfm4ovquxr": "98",
        "epzmjd3y3lbhl3k1kd4sfw29": "98",
        "gb7hrmpsag7yigh8hjs8aor": "98",
        "klsh08xwy25co71omtfhia4i": "98",
        "kxeatjy8pv72q01d2zqv3g14i": "98",
        "ltyahh52ri7z5k01ap3gi7ldi": "98",
        "m4mzkny7m9fir8127mnlgzaor": "98",
        "mjyktigxpyh4p0l34x92akyb9": "98",
        "mw8j937k4mm35ddo2gvcayvi": "98",
        "ohrzcohwqcfibgpi1j4mzehfr": "98",
        "rr2yg46awozkz264p7ej6ecdi": "98",
        "rxlgcwyszod9437wy1b9h33di": "98",
        "vigf2irhxuyjc143g0bo11yvi": "98",
        "vj10t7vk3baauq57t3q3hm2t9": "98",
        "xf3wsz3fu0qglfcmyemdq85mi": "98",
        "z84kxkcg8o30vmca71kinewmi": "98"
      },
      "Team Engage 3 | Integration: Messages - Message List - Auto Messages: Loading auto messages shows failed stats": {
        "0pomsnlnp8dqseiyqbyugzaor": "98",
        "23oybqxov3zd1jt79no2lhxgvi": "98",
        "3j9y9nh47kt5wh9oax4huayvi": "98",
        "5l1l5ptouf32gloi3xlqziwwmi": "98",
        "7tyuqe1k1o5nbe3xtp0c7919k9": "98",
        "7zh8mgesvsbj29q5qjd3oko6r": "98",
        "9mswtjrkjfpjyi7v7lksp2e29": "98",
        "bpp66c40dvr8tvp487c2wewmi": "98",
        "cxsy6mnvzkljrt4pzcgtlnmi": "98",
        "dcd7neidfjyjcd9lfm4ovquxr": "98",
        "epzmjd3y3lbhl3k1kd4sfw29": "98",
        "gb7hrmpsag7yigh8hjs8aor": "98",
        "klsh08xwy25co71omtfhia4i": "98",
        "kxeatjy8pv72q01d2zqv3g14i": "98",
        "ltyahh52ri7z5k01ap3gi7ldi": "98",
        "m4mzkny7m9fir8127mnlgzaor": "98",
        "mjyktigxpyh4p0l34x92akyb9": "98",
        "mw8j937k4mm35ddo2gvcayvi": "98",
        "ohrzcohwqcfibgpi1j4mzehfr": "98",
        "rr2yg46awozkz264p7ej6ecdi": "98",
        "rxlgcwyszod9437wy1b9h33di": "98",
        "vigf2irhxuyjc143g0bo11yvi": "98",
        "vj10t7vk3baauq57t3q3hm2t9": "98",
        "xf3wsz3fu0qglfcmyemdq85mi": "98",
        "z84kxkcg8o30vmca71kinewmi": "98"
      },
      "Team Engage 3 | Integration: Messages - Message List - Auto Messages: Searching messages": {
        "0pomsnlnp8dqseiyqbyugzaor": "98",
        "23oybqxov3zd1jt79no2lhxgvi": "98",
        "3j9y9nh47kt5wh9oax4huayvi": "98",
        "5l1l5ptouf32gloi3xlqziwwmi": "98",
        "7tyuqe1k1o5nbe3xtp0c7919k9": "98",
        "7zh8mgesvsbj29q5qjd3oko6r": "98",
        "9mswtjrkjfpjyi7v7lksp2e29": "98",
        "bpp66c40dvr8tvp487c2wewmi": "98",
        "cxsy6mnvzkljrt4pzcgtlnmi": "98",
        "dcd7neidfjyjcd9lfm4ovquxr": "98",
        "epzmjd3y3lbhl3k1kd4sfw29": "98",
        "gb7hrmpsag7yigh8hjs8aor": "98",
        "klsh08xwy25co71omtfhia4i": "98",
        "kxeatjy8pv72q01d2zqv3g14i": "98",
        "ltyahh52ri7z5k01ap3gi7ldi": "98",
        "m4mzkny7m9fir8127mnlgzaor": "98",
        "mjyktigxpyh4p0l34x92akyb9": "98",
        "mw8j937k4mm35ddo2gvcayvi": "98",
        "ohrzcohwqcfibgpi1j4mzehfr": "98",
        "rr2yg46awozkz264p7ej6ecdi": "98",
        "rxlgcwyszod9437wy1b9h33di": "98",
        "vigf2irhxuyjc143g0bo11yvi": "98",
        "vj10t7vk3baauq57t3q3hm2t9": "98",
        "xf3wsz3fu0qglfcmyemdq85mi": "98",
        "z84kxkcg8o30vmca71kinewmi": "98"
      },
      "Team Engage 3 | Integration: Messages - Message List - Auto Messages: Loading auto messages does not show failed stats": {
        "0pomsnlnp8dqseiyqbyugzaor": "98",
        "23oybqxov3zd1jt79no2lhxgvi": "98",
        "3j9y9nh47kt5wh9oax4huayvi": "98",
        "5l1l5ptouf32gloi3xlqziwwmi": "98",
        "7tyuqe1k1o5nbe3xtp0c7919k9": "98",
        "7zh8mgesvsbj29q5qjd3oko6r": "98",
        "9mswtjrkjfpjyi7v7lksp2e29": "98",
        "bpp66c40dvr8tvp487c2wewmi": "98",
        "cxsy6mnvzkljrt4pzcgtlnmi": "98",
        "dcd7neidfjyjcd9lfm4ovquxr": "98",
        "epzmjd3y3lbhl3k1kd4sfw29": "98",
        "gb7hrmpsag7yigh8hjs8aor": "98",
        "klsh08xwy25co71omtfhia4i": "98",
        "kxeatjy8pv72q01d2zqv3g14i": "98",
        "ltyahh52ri7z5k01ap3gi7ldi": "98",
        "m4mzkny7m9fir8127mnlgzaor": "98",
        "mjyktigxpyh4p0l34x92akyb9": "98",
        "mw8j937k4mm35ddo2gvcayvi": "98",
        "ohrzcohwqcfibgpi1j4mzehfr": "98",
        "rr2yg46awozkz264p7ej6ecdi": "98",
        "rxlgcwyszod9437wy1b9h33di": "98",
        "vigf2irhxuyjc143g0bo11yvi": "98",
        "vj10t7vk3baauq57t3q3hm2t9": "98",
        "xf3wsz3fu0qglfcmyemdq85mi": "98",
        "z84kxkcg8o30vmca71kinewmi": "98"
      },
      "Team Engage 3 | Integration: Messages - Message List - Auto Messages: Loading auto messages in the draft message list": {
        "0pomsnlnp8dqseiyqbyugzaor": "98",
        "23oybqxov3zd1jt79no2lhxgvi": "98",
        "3j9y9nh47kt5wh9oax4huayvi": "98",
        "5l1l5ptouf32gloi3xlqziwwmi": "98",
        "7tyuqe1k1o5nbe3xtp0c7919k9": "98",
        "7zh8mgesvsbj29q5qjd3oko6r": "98",
        "9mswtjrkjfpjyi7v7lksp2e29": "98",
        "bpp66c40dvr8tvp487c2wewmi": "98",
        "cxsy6mnvzkljrt4pzcgtlnmi": "98",
        "dcd7neidfjyjcd9lfm4ovquxr": "98",
        "epzmjd3y3lbhl3k1kd4sfw29": "98",
        "gb7hrmpsag7yigh8hjs8aor": "98",
        "klsh08xwy25co71omtfhia4i": "98",
        "kxeatjy8pv72q01d2zqv3g14i": "98",
        "ltyahh52ri7z5k01ap3gi7ldi": "98",
        "m4mzkny7m9fir8127mnlgzaor": "98",
        "mjyktigxpyh4p0l34x92akyb9": "98",
        "mw8j937k4mm35ddo2gvcayvi": "98",
        "ohrzcohwqcfibgpi1j4mzehfr": "98",
        "rr2yg46awozkz264p7ej6ecdi": "98",
        "rxlgcwyszod9437wy1b9h33di": "98",
        "vigf2irhxuyjc143g0bo11yvi": "98",
        "vj10t7vk3baauq57t3q3hm2t9": "98",
        "xf3wsz3fu0qglfcmyemdq85mi": "98",
        "z84kxkcg8o30vmca71kinewmi": "98"
      },
      "Team Engage 3 | Integration: Messages - Message List - Auto Messages: Selecting messages": {
        "0pomsnlnp8dqseiyqbyugzaor": "98",
        "23oybqxov3zd1jt79no2lhxgvi": "98",
        "3j9y9nh47kt5wh9oax4huayvi": "98",
        "5l1l5ptouf32gloi3xlqziwwmi": "98",
        "7tyuqe1k1o5nbe3xtp0c7919k9": "98",
        "7zh8mgesvsbj29q5qjd3oko6r": "98",
        "9mswtjrkjfpjyi7v7lksp2e29": "98",
        "bpp66c40dvr8tvp487c2wewmi": "98",
        "cxsy6mnvzkljrt4pzcgtlnmi": "98",
        "dcd7neidfjyjcd9lfm4ovquxr": "98",
        "epzmjd3y3lbhl3k1kd4sfw29": "98",
        "gb7hrmpsag7yigh8hjs8aor": "98",
        "klsh08xwy25co71omtfhia4i": "98",
        "kxeatjy8pv72q01d2zqv3g14i": "98",
        "ltyahh52ri7z5k01ap3gi7ldi": "98",
        "m4mzkny7m9fir8127mnlgzaor": "98",
        "mjyktigxpyh4p0l34x92akyb9": "98",
        "mw8j937k4mm35ddo2gvcayvi": "98",
        "ohrzcohwqcfibgpi1j4mzehfr": "98",
        "rr2yg46awozkz264p7ej6ecdi": "98",
        "rxlgcwyszod9437wy1b9h33di": "98",
        "vigf2irhxuyjc143g0bo11yvi": "98",
        "vj10t7vk3baauq57t3q3hm2t9": "98",
        "xf3wsz3fu0qglfcmyemdq85mi": "98",
        "z84kxkcg8o30vmca71kinewmi": "98"
      },
      "Team Engage 3 | Integration: Messages - Folders: Creating a folder": {
        "0pomsnlnp8dqseiyqbyugzaor": "99",
        "23oybqxov3zd1jt79no2lhxgvi": "99",
        "3j9y9nh47kt5wh9oax4huayvi": "99",
        "5l1l5ptouf32gloi3xlqziwwmi": "99",
        "7tyuqe1k1o5nbe3xtp0c7919k9": "99",
        "7zh8mgesvsbj29q5qjd3oko6r": "99",
        "9mswtjrkjfpjyi7v7lksp2e29": "99",
        "bpp66c40dvr8tvp487c2wewmi": "99",
        "cxsy6mnvzkljrt4pzcgtlnmi": "99",
        "dcd7neidfjyjcd9lfm4ovquxr": "99",
        "epzmjd3y3lbhl3k1kd4sfw29": "99",
        "gb7hrmpsag7yigh8hjs8aor": "99",
        "klsh08xwy25co71omtfhia4i": "99",
        "kxeatjy8pv72q01d2zqv3g14i": "99",
        "ltyahh52ri7z5k01ap3gi7ldi": "99",
        "m4mzkny7m9fir8127mnlgzaor": "99",
        "mjyktigxpyh4p0l34x92akyb9": "99",
        "mw8j937k4mm35ddo2gvcayvi": "99",
        "ohrzcohwqcfibgpi1j4mzehfr": "99",
        "rr2yg46awozkz264p7ej6ecdi": "99",
        "rxlgcwyszod9437wy1b9h33di": "99",
        "vigf2irhxuyjc143g0bo11yvi": "99",
        "vj10t7vk3baauq57t3q3hm2t9": "99",
        "xf3wsz3fu0qglfcmyemdq85mi": "99",
        "z84kxkcg8o30vmca71kinewmi": "99"
      },
      "Team Engage 3 | Integration: Messages - Folders: Removing messages from folders when not in folder view": {
        "0pomsnlnp8dqseiyqbyugzaor": "99",
        "23oybqxov3zd1jt79no2lhxgvi": "99",
        "3j9y9nh47kt5wh9oax4huayvi": "99",
        "5l1l5ptouf32gloi3xlqziwwmi": "99",
        "7tyuqe1k1o5nbe3xtp0c7919k9": "99",
        "7zh8mgesvsbj29q5qjd3oko6r": "99",
        "9mswtjrkjfpjyi7v7lksp2e29": "99",
        "bpp66c40dvr8tvp487c2wewmi": "99",
        "cxsy6mnvzkljrt4pzcgtlnmi": "99",
        "dcd7neidfjyjcd9lfm4ovquxr": "99",
        "epzmjd3y3lbhl3k1kd4sfw29": "99",
        "gb7hrmpsag7yigh8hjs8aor": "99",
        "klsh08xwy25co71omtfhia4i": "99",
        "kxeatjy8pv72q01d2zqv3g14i": "99",
        "ltyahh52ri7z5k01ap3gi7ldi": "99",
        "m4mzkny7m9fir8127mnlgzaor": "99",
        "mjyktigxpyh4p0l34x92akyb9": "99",
        "mw8j937k4mm35ddo2gvcayvi": "99",
        "ohrzcohwqcfibgpi1j4mzehfr": "99",
        "rr2yg46awozkz264p7ej6ecdi": "99",
        "rxlgcwyszod9437wy1b9h33di": "99",
        "vigf2irhxuyjc143g0bo11yvi": "99",
        "vj10t7vk3baauq57t3q3hm2t9": "99",
        "xf3wsz3fu0qglfcmyemdq85mi": "99",
        "z84kxkcg8o30vmca71kinewmi": "99"
      },
      "Team Engage 1 | Integration: Messages - Message List - Manual Messages: Loading manual messages in the draft message list": {
        "0pomsnlnp8dqseiyqbyugzaor": "100",
        "23oybqxov3zd1jt79no2lhxgvi": "100",
        "3j9y9nh47kt5wh9oax4huayvi": "100",
        "5l1l5ptouf32gloi3xlqziwwmi": "100",
        "7tyuqe1k1o5nbe3xtp0c7919k9": "100",
        "7zh8mgesvsbj29q5qjd3oko6r": "100",
        "9mswtjrkjfpjyi7v7lksp2e29": "100",
        "bpp66c40dvr8tvp487c2wewmi": "100",
        "cxsy6mnvzkljrt4pzcgtlnmi": "100",
        "dcd7neidfjyjcd9lfm4ovquxr": "100",
        "epzmjd3y3lbhl3k1kd4sfw29": "100",
        "gb7hrmpsag7yigh8hjs8aor": "100",
        "klsh08xwy25co71omtfhia4i": "100",
        "kxeatjy8pv72q01d2zqv3g14i": "100",
        "ltyahh52ri7z5k01ap3gi7ldi": "100",
        "m4mzkny7m9fir8127mnlgzaor": "100",
        "mjyktigxpyh4p0l34x92akyb9": "100",
        "mw8j937k4mm35ddo2gvcayvi": "100",
        "ohrzcohwqcfibgpi1j4mzehfr": "100",
        "rr2yg46awozkz264p7ej6ecdi": "100",
        "rxlgcwyszod9437wy1b9h33di": "100",
        "vigf2irhxuyjc143g0bo11yvi": "100",
        "vj10t7vk3baauq57t3q3hm2t9": "100",
        "xf3wsz3fu0qglfcmyemdq85mi": "100",
        "z84kxkcg8o30vmca71kinewmi": "100"
      },
      "Team Engage 1 | Integration: Messages - Message List - Manual Messages: Loading manual messages in the sent message list does not show failed stats": {
        "0pomsnlnp8dqseiyqbyugzaor": "100",
        "23oybqxov3zd1jt79no2lhxgvi": "100",
        "3j9y9nh47kt5wh9oax4huayvi": "100",
        "5l1l5ptouf32gloi3xlqziwwmi": "100",
        "7tyuqe1k1o5nbe3xtp0c7919k9": "100",
        "7zh8mgesvsbj29q5qjd3oko6r": "100",
        "9mswtjrkjfpjyi7v7lksp2e29": "100",
        "bpp66c40dvr8tvp487c2wewmi": "100",
        "cxsy6mnvzkljrt4pzcgtlnmi": "100",
        "dcd7neidfjyjcd9lfm4ovquxr": "100",
        "epzmjd3y3lbhl3k1kd4sfw29": "100",
        "gb7hrmpsag7yigh8hjs8aor": "100",
        "klsh08xwy25co71omtfhia4i": "100",
        "kxeatjy8pv72q01d2zqv3g14i": "100",
        "ltyahh52ri7z5k01ap3gi7ldi": "100",
        "m4mzkny7m9fir8127mnlgzaor": "100",
        "mjyktigxpyh4p0l34x92akyb9": "100",
        "mw8j937k4mm35ddo2gvcayvi": "100",
        "ohrzcohwqcfibgpi1j4mzehfr": "100",
        "rr2yg46awozkz264p7ej6ecdi": "100",
        "rxlgcwyszod9437wy1b9h33di": "100",
        "vigf2irhxuyjc143g0bo11yvi": "100",
        "vj10t7vk3baauq57t3q3hm2t9": "100",
        "xf3wsz3fu0qglfcmyemdq85mi": "100",
        "z84kxkcg8o30vmca71kinewmi": "100"
      },
      "Team Engage 1 | Integration: Messages - Message List - Manual Messages: Loading live manual messges show sending badge": {
        "0pomsnlnp8dqseiyqbyugzaor": "100",
        "23oybqxov3zd1jt79no2lhxgvi": "100",
        "3j9y9nh47kt5wh9oax4huayvi": "100",
        "5l1l5ptouf32gloi3xlqziwwmi": "100",
        "7tyuqe1k1o5nbe3xtp0c7919k9": "100",
        "7zh8mgesvsbj29q5qjd3oko6r": "100",
        "9mswtjrkjfpjyi7v7lksp2e29": "100",
        "bpp66c40dvr8tvp487c2wewmi": "100",
        "cxsy6mnvzkljrt4pzcgtlnmi": "100",
        "dcd7neidfjyjcd9lfm4ovquxr": "100",
        "epzmjd3y3lbhl3k1kd4sfw29": "100",
        "gb7hrmpsag7yigh8hjs8aor": "100",
        "klsh08xwy25co71omtfhia4i": "100",
        "kxeatjy8pv72q01d2zqv3g14i": "100",
        "ltyahh52ri7z5k01ap3gi7ldi": "100",
        "m4mzkny7m9fir8127mnlgzaor": "100",
        "mjyktigxpyh4p0l34x92akyb9": "100",
        "mw8j937k4mm35ddo2gvcayvi": "100",
        "ohrzcohwqcfibgpi1j4mzehfr": "100",
        "rr2yg46awozkz264p7ej6ecdi": "100",
        "rxlgcwyszod9437wy1b9h33di": "100",
        "vigf2irhxuyjc143g0bo11yvi": "100",
        "vj10t7vk3baauq57t3q3hm2t9": "100",
        "xf3wsz3fu0qglfcmyemdq85mi": "100",
        "z84kxkcg8o30vmca71kinewmi": "100"
      },
      "Team Engage 1 | Integration: Messages - Message List - Manual Messages: Loading manual messages in the scheduled message list": {
        "0pomsnlnp8dqseiyqbyugzaor": "100",
        "23oybqxov3zd1jt79no2lhxgvi": "100",
        "3j9y9nh47kt5wh9oax4huayvi": "100",
        "5l1l5ptouf32gloi3xlqziwwmi": "100",
        "7tyuqe1k1o5nbe3xtp0c7919k9": "100",
        "7zh8mgesvsbj29q5qjd3oko6r": "100",
        "9mswtjrkjfpjyi7v7lksp2e29": "100",
        "bpp66c40dvr8tvp487c2wewmi": "100",
        "cxsy6mnvzkljrt4pzcgtlnmi": "100",
        "dcd7neidfjyjcd9lfm4ovquxr": "100",
        "epzmjd3y3lbhl3k1kd4sfw29": "100",
        "gb7hrmpsag7yigh8hjs8aor": "100",
        "klsh08xwy25co71omtfhia4i": "100",
        "kxeatjy8pv72q01d2zqv3g14i": "100",
        "ltyahh52ri7z5k01ap3gi7ldi": "100",
        "m4mzkny7m9fir8127mnlgzaor": "100",
        "mjyktigxpyh4p0l34x92akyb9": "100",
        "mw8j937k4mm35ddo2gvcayvi": "100",
        "ohrzcohwqcfibgpi1j4mzehfr": "100",
        "rr2yg46awozkz264p7ej6ecdi": "100",
        "rxlgcwyszod9437wy1b9h33di": "100",
        "vigf2irhxuyjc143g0bo11yvi": "100",
        "vj10t7vk3baauq57t3q3hm2t9": "100",
        "xf3wsz3fu0qglfcmyemdq85mi": "100",
        "z84kxkcg8o30vmca71kinewmi": "100"
      },
      "Team Engage 1 | Integration: Messages - Message List - Manual Messages: Loading manual messages in the sent message list": {
        "0pomsnlnp8dqseiyqbyugzaor": "100",
        "23oybqxov3zd1jt79no2lhxgvi": "100",
        "3j9y9nh47kt5wh9oax4huayvi": "100",
        "5l1l5ptouf32gloi3xlqziwwmi": "100",
        "7tyuqe1k1o5nbe3xtp0c7919k9": "100",
        "7zh8mgesvsbj29q5qjd3oko6r": "100",
        "9mswtjrkjfpjyi7v7lksp2e29": "100",
        "bpp66c40dvr8tvp487c2wewmi": "100",
        "cxsy6mnvzkljrt4pzcgtlnmi": "100",
        "dcd7neidfjyjcd9lfm4ovquxr": "100",
        "epzmjd3y3lbhl3k1kd4sfw29": "100",
        "gb7hrmpsag7yigh8hjs8aor": "100",
        "klsh08xwy25co71omtfhia4i": "100",
        "kxeatjy8pv72q01d2zqv3g14i": "100",
        "ltyahh52ri7z5k01ap3gi7ldi": "100",
        "m4mzkny7m9fir8127mnlgzaor": "100",
        "mjyktigxpyh4p0l34x92akyb9": "100",
        "mw8j937k4mm35ddo2gvcayvi": "100",
        "ohrzcohwqcfibgpi1j4mzehfr": "100",
        "rr2yg46awozkz264p7ej6ecdi": "100",
        "rxlgcwyszod9437wy1b9h33di": "100",
        "vigf2irhxuyjc143g0bo11yvi": "100",
        "vj10t7vk3baauq57t3q3hm2t9": "100",
        "xf3wsz3fu0qglfcmyemdq85mi": "100",
        "z84kxkcg8o30vmca71kinewmi": "100"
      },
      "Team Engage 1 | Integration: Messages - Message List - Manual Messages: Loading manual messages in the sent message list shows failed stats": {
        "0pomsnlnp8dqseiyqbyugzaor": "100",
        "23oybqxov3zd1jt79no2lhxgvi": "100",
        "3j9y9nh47kt5wh9oax4huayvi": "100",
        "5l1l5ptouf32gloi3xlqziwwmi": "100",
        "7tyuqe1k1o5nbe3xtp0c7919k9": "100",
        "7zh8mgesvsbj29q5qjd3oko6r": "100",
        "9mswtjrkjfpjyi7v7lksp2e29": "100",
        "bpp66c40dvr8tvp487c2wewmi": "100",
        "cxsy6mnvzkljrt4pzcgtlnmi": "100",
        "dcd7neidfjyjcd9lfm4ovquxr": "100",
        "epzmjd3y3lbhl3k1kd4sfw29": "100",
        "gb7hrmpsag7yigh8hjs8aor": "100",
        "klsh08xwy25co71omtfhia4i": "100",
        "kxeatjy8pv72q01d2zqv3g14i": "100",
        "ltyahh52ri7z5k01ap3gi7ldi": "100",
        "m4mzkny7m9fir8127mnlgzaor": "100",
        "mjyktigxpyh4p0l34x92akyb9": "100",
        "mw8j937k4mm35ddo2gvcayvi": "100",
        "ohrzcohwqcfibgpi1j4mzehfr": "100",
        "rr2yg46awozkz264p7ej6ecdi": "100",
        "rxlgcwyszod9437wy1b9h33di": "100",
        "vigf2irhxuyjc143g0bo11yvi": "100",
        "vj10t7vk3baauq57t3q3hm2t9": "100",
        "xf3wsz3fu0qglfcmyemdq85mi": "100",
        "z84kxkcg8o30vmca71kinewmi": "100"
      },
      "Team Engage 1 | Integration: Messages - Message List - Manual Messages: Searching messages": {
        "0pomsnlnp8dqseiyqbyugzaor": "100",
        "23oybqxov3zd1jt79no2lhxgvi": "100",
        "3j9y9nh47kt5wh9oax4huayvi": "100",
        "5l1l5ptouf32gloi3xlqziwwmi": "100",
        "7tyuqe1k1o5nbe3xtp0c7919k9": "100",
        "7zh8mgesvsbj29q5qjd3oko6r": "100",
        "9mswtjrkjfpjyi7v7lksp2e29": "100",
        "bpp66c40dvr8tvp487c2wewmi": "100",
        "cxsy6mnvzkljrt4pzcgtlnmi": "100",
        "dcd7neidfjyjcd9lfm4ovquxr": "100",
        "epzmjd3y3lbhl3k1kd4sfw29": "100",
        "gb7hrmpsag7yigh8hjs8aor": "100",
        "klsh08xwy25co71omtfhia4i": "100",
        "kxeatjy8pv72q01d2zqv3g14i": "100",
        "ltyahh52ri7z5k01ap3gi7ldi": "100",
        "m4mzkny7m9fir8127mnlgzaor": "100",
        "mjyktigxpyh4p0l34x92akyb9": "100",
        "mw8j937k4mm35ddo2gvcayvi": "100",
        "ohrzcohwqcfibgpi1j4mzehfr": "100",
        "rr2yg46awozkz264p7ej6ecdi": "100",
        "rxlgcwyszod9437wy1b9h33di": "100",
        "vigf2irhxuyjc143g0bo11yvi": "100",
        "vj10t7vk3baauq57t3q3hm2t9": "100",
        "xf3wsz3fu0qglfcmyemdq85mi": "100",
        "z84kxkcg8o30vmca71kinewmi": "100"
      },
      "Team Engage 1 | Unit: Component - Message Editor - Title Header Component: A message with no folder or campaign": {
        "23oybqxov3zd1jt79no2lhxgvi": "6",
        "3j9y9nh47kt5wh9oax4huayvi": "6",
        "5l1l5ptouf32gloi3xlqziwwmi": "6",
        "654u0ahlr334w8dn5y1svsfw29": "6",
        "7tyuqe1k1o5nbe3xtp0c7919k9": "6",
        "9mswtjrkjfpjyi7v7lksp2e29": "6",
        "bpp66c40dvr8tvp487c2wewmi": "6",
        "cxsy6mnvzkljrt4pzcgtlnmi": "6",
        "dcd7neidfjyjcd9lfm4ovquxr": "6",
        "kxeatjy8pv72q01d2zqv3g14i": "6",
        "ltyahh52ri7z5k01ap3gi7ldi": "6",
        "mjyktigxpyh4p0l34x92akyb9": "6",
        "mw8j937k4mm35ddo2gvcayvi": "6",
        "rr2yg46awozkz264p7ej6ecdi": "6",
        "vjapqn3tdd914agpfn4tjra4i": "6",
        "xf3wsz3fu0qglfcmyemdq85mi": "6"
      },
      "Team Engage 1 | Unit: Component - Message Editor - Title Header Component: A message with a campaign": {
        "23oybqxov3zd1jt79no2lhxgvi": "6",
        "3j9y9nh47kt5wh9oax4huayvi": "6",
        "5l1l5ptouf32gloi3xlqziwwmi": "6",
        "654u0ahlr334w8dn5y1svsfw29": "6",
        "bpp66c40dvr8tvp487c2wewmi": "6",
        "dcd7neidfjyjcd9lfm4ovquxr": "6",
        "klsh08xwy25co71omtfhia4i": "6",
        "kxeatjy8pv72q01d2zqv3g14i": "6",
        "mw8j937k4mm35ddo2gvcayvi": "6",
        "rr2yg46awozkz264p7ej6ecdi": "6",
        "vj10t7vk3baauq57t3q3hm2t9": "6",
        "vjapqn3tdd914agpfn4tjra4i": "6",
        "xf3wsz3fu0qglfcmyemdq85mi": "6",
        "z84kxkcg8o30vmca71kinewmi": "6"
      },
      "Team Engage 3 | Acceptance | message-view-and-edit/summary stats: Acquire: Switching to opened stat should not work": {
        "23oybqxov3zd1jt79no2lhxgvi": "13",
        "3j9y9nh47kt5wh9oax4huayvi": "13",
        "654u0ahlr334w8dn5y1svsfw29": "13",
        "7zh8mgesvsbj29q5qjd3oko6r": "13",
        "9mswtjrkjfpjyi7v7lksp2e29": "13",
        "bpp66c40dvr8tvp487c2wewmi": "13",
        "cxsy6mnvzkljrt4pzcgtlnmi": "13",
        "epzmjd3y3lbhl3k1kd4sfw29": "13",
        "gb7hrmpsag7yigh8hjs8aor": "13",
        "kxeatjy8pv72q01d2zqv3g14i": "13",
        "ohrzcohwqcfibgpi1j4mzehfr": "13",
        "rr2yg46awozkz264p7ej6ecdi": "13",
        "vjapqn3tdd914agpfn4tjra4i": "13",
        "xf3wsz3fu0qglfcmyemdq85mi": "13"
      },
      "Team Engage 3 | Integration: Component - Message Editor Users List Component | Integration | Component | message-editor/stats/users-list: Paging with select all checked works correctly": {
        "23oybqxov3zd1jt79no2lhxgvi": "30",
        "vjapqn3tdd914agpfn4tjra4i": "30"
      },
      "Team Engage 1 | Integration: Component - Variation Content Editor | Integration | Component | messages/editor/variation-content-editor: device toggle appears for read-only beckett in-apps": {
        "23oybqxov3zd1jt79no2lhxgvi": "43",
        "klsh08xwy25co71omtfhia4i": "43",
        "ohrzcohwqcfibgpi1j4mzehfr": "43"
      },
      "Team Engage 3 | Integration: Component - Message View and Edit Component | Integration | Component | messages/message-view-and-edit-component: it does not show the temporary close edit mode button in show mode": {
        "23oybqxov3zd1jt79no2lhxgvi": "47",
        "dcd7neidfjyjcd9lfm4ovquxr": "47"
      },
      "Team Engage 1 | Unit: Component - Campaigns - Campaign Spacing Editor: Changing the spacing value works": {
        "23oybqxov3zd1jt79no2lhxgvi": "50",
        "3j9y9nh47kt5wh9oax4huayvi": "50",
        "7zh8mgesvsbj29q5qjd3oko6r": "50",
        "9mswtjrkjfpjyi7v7lksp2e29": "50",
        "bpp66c40dvr8tvp487c2wewmi": "50",
        "cxsy6mnvzkljrt4pzcgtlnmi": "50",
        "dcd7neidfjyjcd9lfm4ovquxr": "50",
        "epzmjd3y3lbhl3k1kd4sfw29": "50",
        "gb7hrmpsag7yigh8hjs8aor": "50",
        "kxeatjy8pv72q01d2zqv3g14i": "50",
        "ltyahh52ri7z5k01ap3gi7ldi": "50",
        "m4mzkny7m9fir8127mnlgzaor": "50",
        "mw8j937k4mm35ddo2gvcayvi": "50",
        "rr2yg46awozkz264p7ej6ecdi": "50",
        "vigf2irhxuyjc143g0bo11yvi": "50",
        "vj10t7vk3baauq57t3q3hm2t9": "50",
        "vjapqn3tdd914agpfn4tjra4i": "50"
      },
      "Team Engage 1 | Integration: Component - Numeric Editor | Integration | Component | predicates/value-editors/numeric-editor: changing the value changes the predicate value": {
        "23oybqxov3zd1jt79no2lhxgvi": "58",
        "dcd7neidfjyjcd9lfm4ovquxr": "58",
        "m4mzkny7m9fir8127mnlgzaor": "58"
      },
      "Team Engage 1 | Integration: Component - String Editor | Integration | Component | predicates/value-editors/string-editor: changing from unknown back to equal": {
        "23oybqxov3zd1jt79no2lhxgvi": "59"
      },
      "Team Engage 1 | Integration: Component - Campaigns User Preview | Integration | Component | campaigns/setup/user-preview: When getting preview users the overlay displays": {
        "23oybqxov3zd1jt79no2lhxgvi": "67",
        "5l1l5ptouf32gloi3xlqziwwmi": "67",
        "vj10t7vk3baauq57t3q3hm2t9": "67"
      },
      "Team Engage 2 | Unit: Model - Messages / Goal: goal is valid if it contains an empty predicate list": {
        "23oybqxov3zd1jt79no2lhxgvi": "86",
        "7tyuqe1k1o5nbe3xtp0c7919k9": "86",
        "9mswtjrkjfpjyi7v7lksp2e29": "86",
        "epzmjd3y3lbhl3k1kd4sfw29": "86",
        "gb7hrmpsag7yigh8hjs8aor": "86",
        "ltyahh52ri7z5k01ap3gi7ldi": "86",
        "m4mzkny7m9fir8127mnlgzaor": "86",
        "ohrzcohwqcfibgpi1j4mzehfr": "86",
        "vigf2irhxuyjc143g0bo11yvi": "86"
      },
      "Team Engage 1 | Integration: Component - Message Audience Editor Component | Integration | Component | message-audience-editor-component: It shows the correct text when it's not a limited response": {
        "23oybqxov3zd1jt79no2lhxgvi": "92",
        "3j9y9nh47kt5wh9oax4huayvi": "92",
        "5l1l5ptouf32gloi3xlqziwwmi": "92",
        "7tyuqe1k1o5nbe3xtp0c7919k9": "92",
        "cxsy6mnvzkljrt4pzcgtlnmi": "92",
        "epzmjd3y3lbhl3k1kd4sfw29": "92",
        "gb7hrmpsag7yigh8hjs8aor": "92",
        "klsh08xwy25co71omtfhia4i": "92",
        "kxeatjy8pv72q01d2zqv3g14i": "92",
        "mjyktigxpyh4p0l34x92akyb9": "92",
        "rr2yg46awozkz264p7ej6ecdi": "92",
        "vigf2irhxuyjc143g0bo11yvi": "92",
        "xf3wsz3fu0qglfcmyemdq85mi": "92",
        "z84kxkcg8o30vmca71kinewmi": "92"
      },
      "Team Engage 1 | Integration: Messages - Message Scheduling: Message Scheduling Form schedule/cancel behaviour": {
        "23oybqxov3zd1jt79no2lhxgvi": "92",
        "7zh8mgesvsbj29q5qjd3oko6r": "92",
        "klsh08xwy25co71omtfhia4i": "92",
        "mjyktigxpyh4p0l34x92akyb9": "92",
        "rr2yg46awozkz264p7ej6ecdi": "92",
        "vj10t7vk3baauq57t3q3hm2t9": "92",
        "xf3wsz3fu0qglfcmyemdq85mi": "92"
      },
      "Team Engage 1 | Integration: Messages - Message Scheduling: Removing Message Scheduling works correctly": {
        "23oybqxov3zd1jt79no2lhxgvi": "92",
        "7tyuqe1k1o5nbe3xtp0c7919k9": "92",
        "9mswtjrkjfpjyi7v7lksp2e29": "92",
        "cxsy6mnvzkljrt4pzcgtlnmi": "92",
        "epzmjd3y3lbhl3k1kd4sfw29": "92",
        "gb7hrmpsag7yigh8hjs8aor": "92",
        "klsh08xwy25co71omtfhia4i": "92",
        "ltyahh52ri7z5k01ap3gi7ldi": "92",
        "ohrzcohwqcfibgpi1j4mzehfr": "92",
        "rr2yg46awozkz264p7ej6ecdi": "92",
        "vj10t7vk3baauq57t3q3hm2t9": "92"
      },
      "Team Engage 2 | Integration: Messages - Message Show Page: Admins without permission cannot go to the auto message show page": {
        "3j9y9nh47kt5wh9oax4huayvi": "4",
        "gb7hrmpsag7yigh8hjs8aor": "4"
      },
      "Team Engage 1 | Unit: Component - Message Editor - Title Header Component: A message with a folder": {
        "3j9y9nh47kt5wh9oax4huayvi": "6",
        "5l1l5ptouf32gloi3xlqziwwmi": "6",
        "654u0ahlr334w8dn5y1svsfw29": "6",
        "7tyuqe1k1o5nbe3xtp0c7919k9": "6",
        "9mswtjrkjfpjyi7v7lksp2e29": "6",
        "bpp66c40dvr8tvp487c2wewmi": "6",
        "cxsy6mnvzkljrt4pzcgtlnmi": "6",
        "dcd7neidfjyjcd9lfm4ovquxr": "6",
        "gb7hrmpsag7yigh8hjs8aor": "6",
        "kxeatjy8pv72q01d2zqv3g14i": "6",
        "ltyahh52ri7z5k01ap3gi7ldi": "6",
        "mjyktigxpyh4p0l34x92akyb9": "6",
        "mw8j937k4mm35ddo2gvcayvi": "6",
        "rr2yg46awozkz264p7ej6ecdi": "6",
        "vj10t7vk3baauq57t3q3hm2t9": "6",
        "vjapqn3tdd914agpfn4tjra4i": "6",
        "xf3wsz3fu0qglfcmyemdq85mi": "6",
        "z84kxkcg8o30vmca71kinewmi": "6"
      },
      "Team Engage 3 | Acceptance | message-view-and-edit/summary stats: Engage Manual: Switching to the inverse of a stat works": {
        "3j9y9nh47kt5wh9oax4huayvi": "13",
        "654u0ahlr334w8dn5y1svsfw29": "13",
        "7tyuqe1k1o5nbe3xtp0c7919k9": "13",
        "9mswtjrkjfpjyi7v7lksp2e29": "13",
        "bpp66c40dvr8tvp487c2wewmi": "13",
        "cxsy6mnvzkljrt4pzcgtlnmi": "13",
        "epzmjd3y3lbhl3k1kd4sfw29": "13",
        "kxeatjy8pv72q01d2zqv3g14i": "13",
        "mjyktigxpyh4p0l34x92akyb9": "13",
        "mw8j937k4mm35ddo2gvcayvi": "13",
        "ohrzcohwqcfibgpi1j4mzehfr": "13",
        "rr2yg46awozkz264p7ej6ecdi": "13",
        "vigf2irhxuyjc143g0bo11yvi": "13",
        "vjapqn3tdd914agpfn4tjra4i": "13",
        "xf3wsz3fu0qglfcmyemdq85mi": "13",
        "z84kxkcg8o30vmca71kinewmi": "13"
      },
      "Team Engage 3 | Acceptance | message-view-and-edit/summary stats: Paging works": {
        "3j9y9nh47kt5wh9oax4huayvi": "13",
        "9mswtjrkjfpjyi7v7lksp2e29": "13",
        "bpp66c40dvr8tvp487c2wewmi": "13",
        "cxsy6mnvzkljrt4pzcgtlnmi": "13",
        "epzmjd3y3lbhl3k1kd4sfw29": "13",
        "kxeatjy8pv72q01d2zqv3g14i": "13",
        "m4mzkny7m9fir8127mnlgzaor": "13",
        "mjyktigxpyh4p0l34x92akyb9": "13",
        "mw8j937k4mm35ddo2gvcayvi": "13",
        "ohrzcohwqcfibgpi1j4mzehfr": "13",
        "rr2yg46awozkz264p7ej6ecdi": "13",
        "rxlgcwyszod9437wy1b9h33di": "13",
        "vigf2irhxuyjc143g0bo11yvi": "13",
        "vjapqn3tdd914agpfn4tjra4i": "13",
        "xf3wsz3fu0qglfcmyemdq85mi": "13",
        "z84kxkcg8o30vmca71kinewmi": "13"
      },
      "Team Engage 3 | Integration: Component - Message View and Edit Component | Integration | Component | messages/message-view-and-edit-component: clicking stop on a live manual message results in the relevant task action being performed": {
        "3j9y9nh47kt5wh9oax4huayvi": "47",
        "bpp66c40dvr8tvp487c2wewmi": "47",
        "epzmjd3y3lbhl3k1kd4sfw29": "47"
      },
      "Team Engage 1 | Integration: Component - Numeric Editor | Integration | Component | predicates/value-editors/numeric-editor: hovering over delete button shows and hides highlight": {
        "3j9y9nh47kt5wh9oax4huayvi": "58",
        "ltyahh52ri7z5k01ap3gi7ldi": "58",
        "mw8j937k4mm35ddo2gvcayvi": "58"
      },
      "Team Engage 1 | Integration: Component - Campaigns Goal Editor | Integration | Component | campaigns/setup/campaign-goal-editor: Existing predicates in non-edit mode": {
        "3j9y9nh47kt5wh9oax4huayvi": "65",
        "bpp66c40dvr8tvp487c2wewmi": "65"
      },
      "Team Engage 1 | Integration: Component - Campaigns User Preview | Integration | Component | campaigns/setup/user-preview: title for a draft message": {
        "3j9y9nh47kt5wh9oax4huayvi": "67",
        "7zh8mgesvsbj29q5qjd3oko6r": "67",
        "9mswtjrkjfpjyi7v7lksp2e29": "67",
        "bpp66c40dvr8tvp487c2wewmi": "67",
        "m4mzkny7m9fir8127mnlgzaor": "67",
        "ohrzcohwqcfibgpi1j4mzehfr": "67"
      },
      "Team Engage 2 | Unit: Model - Messages / Audience Preview: It loads correctly": {
        "3j9y9nh47kt5wh9oax4huayvi": "84",
        "mjyktigxpyh4p0l34x92akyb9": "84",
        "ohrzcohwqcfibgpi1j4mzehfr": "84"
      },
      "Team Engage 2 | Unit: Model - Messages / Goal: goal is invalid if it contains an invalid predicate": {
        "3j9y9nh47kt5wh9oax4huayvi": "86",
        "epzmjd3y3lbhl3k1kd4sfw29": "86",
        "ltyahh52ri7z5k01ap3gi7ldi": "86",
        "mw8j937k4mm35ddo2gvcayvi": "86"
      },
      "Team Engage 1 | Integration: Component - Numeric Editor | Integration | Component | predicates/value-editors/numeric-editor: changing the comparator changes the predicate comparator": {
        "5l1l5ptouf32gloi3xlqziwwmi": "58",
        "7tyuqe1k1o5nbe3xtp0c7919k9": "58",
        "epzmjd3y3lbhl3k1kd4sfw29": "58",
        "vigf2irhxuyjc143g0bo11yvi": "58"
      },
      "Team Engage 1 | Integration: Component - Message Audience Editor Component | Integration | Component | message-audience-editor-component: It shows the correct text when it's a limited response": {
        "5l1l5ptouf32gloi3xlqziwwmi": "92",
        "7zh8mgesvsbj29q5qjd3oko6r": "92",
        "9mswtjrkjfpjyi7v7lksp2e29": "92",
        "cxsy6mnvzkljrt4pzcgtlnmi": "92",
        "dcd7neidfjyjcd9lfm4ovquxr": "92",
        "gb7hrmpsag7yigh8hjs8aor": "92",
        "klsh08xwy25co71omtfhia4i": "92",
        "kxeatjy8pv72q01d2zqv3g14i": "92",
        "ltyahh52ri7z5k01ap3gi7ldi": "92",
        "m4mzkny7m9fir8127mnlgzaor": "92",
        "mjyktigxpyh4p0l34x92akyb9": "92",
        "ohrzcohwqcfibgpi1j4mzehfr": "92",
        "rr2yg46awozkz264p7ej6ecdi": "92",
        "rxlgcwyszod9437wy1b9h33di": "92",
        "vj10t7vk3baauq57t3q3hm2t9": "92",
        "z84kxkcg8o30vmca71kinewmi": "92"
      },
      "Team Engage 1 | Integration: Messages - Message Scheduling: Message Scheduling works correctly": {
        "5l1l5ptouf32gloi3xlqziwwmi": "92",
        "9mswtjrkjfpjyi7v7lksp2e29": "92",
        "cxsy6mnvzkljrt4pzcgtlnmi": "92",
        "epzmjd3y3lbhl3k1kd4sfw29": "92",
        "gb7hrmpsag7yigh8hjs8aor": "92",
        "ltyahh52ri7z5k01ap3gi7ldi": "92",
        "m4mzkny7m9fir8127mnlgzaor": "92",
        "mjyktigxpyh4p0l34x92akyb9": "92",
        "ohrzcohwqcfibgpi1j4mzehfr": "92",
        "vigf2irhxuyjc143g0bo11yvi": "92",
        "xf3wsz3fu0qglfcmyemdq85mi": "92"
      },
      "Team Engage 3 | Integration: Component - Message View and Edit Component | Integration | Component | messages/message-view-and-edit-component: clicking delete on a message results in the relevant task action being performed": {
        "7tyuqe1k1o5nbe3xtp0c7919k9": "47",
        "mw8j937k4mm35ddo2gvcayvi": "47",
        "vjapqn3tdd914agpfn4tjra4i": "47"
      },
      "Team Engage 1 | Integration: Component - Campaigns Goal Editor | Integration | Component | campaigns/setup/campaign-goal-editor: Existing predicates in edit mode": {
        "7tyuqe1k1o5nbe3xtp0c7919k9": "65"
      },
      "Team Engage 1 | Integration: Component - Campaigns User Preview | Integration | Component | campaigns/setup/user-preview: title for a draft message with leads": {
        "7tyuqe1k1o5nbe3xtp0c7919k9": "67",
        "mw8j937k4mm35ddo2gvcayvi": "67"
      },
      "Team Engage 2 | Unit: Model - Messages / Goal: predicatesAsJSON is correct": {
        "7tyuqe1k1o5nbe3xtp0c7919k9": "86",
        "7zh8mgesvsbj29q5qjd3oko6r": "86",
        "m4mzkny7m9fir8127mnlgzaor": "86",
        "mw8j937k4mm35ddo2gvcayvi": "86"
      },
      "Team Engage 1 | Integration: Component - Variation Content Editor | Integration | Component | messages/editor/variation-content-editor: device toggle does not appear on push messages": {
        "7zh8mgesvsbj29q5qjd3oko6r": "43",
        "z84kxkcg8o30vmca71kinewmi": "43"
      },
      "Team Engage 3 | Integration: Component - Message View and Edit Component | Integration | Component | messages/message-view-and-edit-component: clicking deactivate on a live message results in the relevant task action being performed": {
        "7zh8mgesvsbj29q5qjd3oko6r": "47",
        "9mswtjrkjfpjyi7v7lksp2e29": "47",
        "m4mzkny7m9fir8127mnlgzaor": "47",
        "ohrzcohwqcfibgpi1j4mzehfr": "47"
      },
      "Team Engage 1 | Integration: Component - Numeric Editor | Integration | Component | predicates/value-editors/numeric-editor: it shows the correct options in the dropdown": {
        "7zh8mgesvsbj29q5qjd3oko6r": "58",
        "gb7hrmpsag7yigh8hjs8aor": "58",
        "kxeatjy8pv72q01d2zqv3g14i": "58",
        "z84kxkcg8o30vmca71kinewmi": "58"
      },
      "Team Engage 1 | Integration: Component - Campaigns Goal Editor | Integration | Component | campaigns/setup/campaign-goal-editor: with no predicates": {
        "7zh8mgesvsbj29q5qjd3oko6r": "65",
        "9mswtjrkjfpjyi7v7lksp2e29": "65"
      },
      "Team Engage 3 | Integration: Component - Message Editor Users List Component | Integration | Component | message-editor/stats/users-list: Paging works": {
        "9mswtjrkjfpjyi7v7lksp2e29": "30",
        "bpp66c40dvr8tvp487c2wewmi": "30",
        "mw8j937k4mm35ddo2gvcayvi": "30"
      },
      "Team Engage 1 | Integration: Component - Numeric Editor | Integration | Component | predicates/value-editors/numeric-editor: changing from unknown back to equal": {
        "9mswtjrkjfpjyi7v7lksp2e29": "58",
        "cxsy6mnvzkljrt4pzcgtlnmi": "58",
        "mjyktigxpyh4p0l34x92akyb9": "58",
        "vjapqn3tdd914agpfn4tjra4i": "58"
      },
      "Team Engage 1 | Integration: Component - Numeric Editor | Integration | Component | predicates/value-editors/numeric-editor: changing from has any value back to equal": {
        "bpp66c40dvr8tvp487c2wewmi": "58",
        "klsh08xwy25co71omtfhia4i": "58",
        "ohrzcohwqcfibgpi1j4mzehfr": "58",
        "rr2yg46awozkz264p7ej6ecdi": "58",
        "vj10t7vk3baauq57t3q3hm2t9": "58"
      },
      "Team Engage 3 | Integration: Component - Message View and Edit Component | Integration | Component | messages/message-view-and-edit-component: clicking duplicate on a message results in the relevant task action being performed": {
        "cxsy6mnvzkljrt4pzcgtlnmi": "47",
        "vigf2irhxuyjc143g0bo11yvi": "47"
      },
      "Team Engage 1 | Integration: Component - Campaigns Goal Editor | Integration | Component | campaigns/setup/campaign-goal-editor: Adding predicates": {
        "cxsy6mnvzkljrt4pzcgtlnmi": "65",
        "vigf2irhxuyjc143g0bo11yvi": "65"
      },
      "Team Engage 1 | Integration: Component - Campaigns User Preview | Integration | Component | campaigns/setup/user-preview: title for a live/stopped message": {
        "cxsy6mnvzkljrt4pzcgtlnmi": "67",
        "vigf2irhxuyjc143g0bo11yvi": "67"
      },
      "Team Engage 2 | Unit: Model - Predicate: Test get the correct user type for a user-role predicate": {
        "dcd7neidfjyjcd9lfm4ovquxr": "66"
      },
      "Team Engage 1 | Integration: Component - Campaigns User Preview | Integration | Component | campaigns/setup/user-preview: Switching between campaigns should re-render the users": {
        "dcd7neidfjyjcd9lfm4ovquxr": "67"
      },
      "Team Engage 1 | Integration: Component - Variation Content Editor | Integration | Component | messages/editor/variation-content-editor: device toggle does not appear for read-only beckett emails": {
        "epzmjd3y3lbhl3k1kd4sfw29": "43"
      },
      "Team Engage 1 | Unit | Controller | apps/app/engage/messages/auto/campaigns/campaign/index: autosave does not fire on invalid predicates on draft campaigns": {
        "epzmjd3y3lbhl3k1kd4sfw29": "65"
      },
      "Team Engage 1 | Unit | Controller | apps/app/engage/messages/auto/campaigns/campaign/index: autosave always fires on draft campaigns": {
        "epzmjd3y3lbhl3k1kd4sfw29": "65"
      },
      "Team Engage 1 | Integration: Component - Campaigns User Preview | Integration | Component | campaigns/setup/user-preview: Preview user requests are not made for invalid predicateGroups": {
        "epzmjd3y3lbhl3k1kd4sfw29": "67"
      },
      "Team Engage 3 | Integration: Component - Message View and Edit Component | Integration | Component | messages/message-view-and-edit-component: The component contains the message editor with chrome": {
        "gb7hrmpsag7yigh8hjs8aor": "47",
        "kxeatjy8pv72q01d2zqv3g14i": "47",
        "z84kxkcg8o30vmca71kinewmi": "47"
      },
      "Team Engage 1 | Integration: Component - String Editor | Integration | Component | predicates/value-editors/string-editor: delete button is present and functional for all comparison types": {
        "gb7hrmpsag7yigh8hjs8aor": "59",
        "kxeatjy8pv72q01d2zqv3g14i": "59",
        "z84kxkcg8o30vmca71kinewmi": "59"
      },
      "Team Engage 1 | Integration: Component - Campaigns User Preview | Integration | Component | campaigns/setup/user-preview: Lead stats": {
        "gb7hrmpsag7yigh8hjs8aor": "67",
        "kxeatjy8pv72q01d2zqv3g14i": "67",
        "z84kxkcg8o30vmca71kinewmi": "67"
      },
      "Team Engage 3 | Integration: Component - Message View and Edit Component | Integration | Component | messages/message-view-and-edit-component: clicking activate on a stopped message results in the relevant task action being performed": {
        "klsh08xwy25co71omtfhia4i": "47",
        "vj10t7vk3baauq57t3q3hm2t9": "47"
      },
      "Team Engage 1 | Integration: Component - Campaigns Goal Editor | Integration | Component | campaigns/setup/campaign-goal-editor: User type header": {
        "klsh08xwy25co71omtfhia4i": "65"
      },
      "Team Engage 1 | Integration: Component - Campaigns User Preview | Integration | Component | campaigns/setup/user-preview: title for a live/stopped message in edit mode": {
        "klsh08xwy25co71omtfhia4i": "67"
      },
      "Team Engage 3 | Integration: Component - Message Editor Stats List Headers | Integration | Component | message-editor/stats/tables/list-headers: The list headers are correct for leads": {
        "kxeatjy8pv72q01d2zqv3g14i": "25"
      },
      "Team Engage 3 | Integration: Component - Message View and Edit Component | Integration | Component | messages/message-view-and-edit-component: We render the correct email from address when it is custom": {
        "ltyahh52ri7z5k01ap3gi7ldi": "47"
      },
      "Team Engage 1 | Integration: Component - Campaigns User Preview | Integration | Component | campaigns/setup/user-preview: Rendering users when there are more than can be shown": {
        "ltyahh52ri7z5k01ap3gi7ldi": "67"
      },
      "Team Engage 1 | Integration: Component - Message Editor Schedule Component | Integration | Component | message-editor/schedule-component: renders the schedule for a scheduled message": {
        "mjyktigxpyh4p0l34x92akyb9": "15"
      },
      "Team Engage 3 | Integration: Component - Message View and Edit Component | Integration | Component | messages/message-view-and-edit-component: clicking removeSchedule results in the relevant task action being performed": {
        "mjyktigxpyh4p0l34x92akyb9": "47"
      },
      "Team Engage 1 | Integration: Component - Campaigns User Preview | Integration | Component | campaigns/setup/user-preview: title for a live/stopped message in edit mode with leads": {
        "mjyktigxpyh4p0l34x92akyb9": "67"
      },
      "Team Engage 3 | Integration: Component - Message View and Edit Component | Integration | Component | messages/message-view-and-edit-component: Loading an auto message shows the correct panels in the correct order": {
        "rr2yg46awozkz264p7ej6ecdi": "47"
      },
      "Team Engage 1 | Integration: Component - String Editor | Integration | Component | predicates/value-editors/string-editor: changing the value changes the predicate value": {
        "rr2yg46awozkz264p7ej6ecdi": "59"
      },
      "Team Engage 1 | Integration: Component - Campaigns User Preview | Integration | Component | campaigns/setup/user-preview: Rendering empty and actual users": {
        "rr2yg46awozkz264p7ej6ecdi": "67"
      },
      "Team Engage 3 | Integration: Component - Message Editor Users List Component | Integration | Component | message-editor/stats/users-list: Paging with select all checked and unchecked works correctly": {
        "xf3wsz3fu0qglfcmyemdq85mi": "30"
      },
      "Team Engage 1 | Integration: Component - Campaigns Goal Editor | Integration | Component | campaigns/setup/campaign-goal-editor: Removing predicates": {
        "xf3wsz3fu0qglfcmyemdq85mi": "65"
      }
    }
  },
  "growth": {
    "failingTests": [
      "Team Growth 1 | Unit: Controller – Apps / App / Insights / Support: hasBasic works",
      "Team Growth 2 | Acceptance: CDA Tool Test: \"Your List\" counter does not increment when adding only a CDA description",
      "Team Growth 2 | Acceptance: CDA Tool Test: \"Your List\" counter increments when adding CDAs",
      "Team Growth 2 | Acceptance: CDA Tool Test: Add attribute page first row has correct placeholder text and default values",
      "Team Growth 2 | Acceptance: CDA Tool Test: Add attribute page second row has no placeholder text and correct default values",
      "Team Growth 2 | Acceptance: CDA Tool Test: Add attributes page can add additional rows",
      "Team Growth 2 | Acceptance: CDA Tool Test: CDA adding page has correct step indicators",
      "Team Growth 2 | Acceptance: CDA Tool Test: CDA generate page has correct step indicators",
      "Team Growth 2 | Acceptance: CDA Tool Test: CDA video shows correctly",
      "Team Growth 2 | Acceptance: CDA Tool Test: Generate page shows correct snippet",
      "Team Growth 2 | Acceptance: CDA Tool Test: Go to add attributes page",
      "Team Growth 2 | Acceptance: CDA Tool Test: Go to the generate page",
      "Team Growth 2 | Acceptance: CDA Tool Test: Landing page has correct step indicators",
      "Team Growth 2 | Acceptance: CDA Tool Test: Next button is highlighted only when a CDA is added",
      "Team Growth 2 | Acceptance: CDA Tool Test: Samples can be added and viewed by clicking \"Your List\" button",
      "Team Growth 2 | Acceptance: CDA Tool Test: Samples can be added and viewed by clicking \"view\" button",
      "Team Growth 2 | Acceptance: CDA Tool Test: The eighth industry sector is highlighted when clicked on in the Sample Attributes",
      "Team Growth 2 | Acceptance: CDA Tool Test: The fifth industry sector is highlighted when clicked on in the Sample Attributes",
      "Team Growth 2 | Acceptance: CDA Tool Test: The fifth platform is selected when clicked on",
      "Team Growth 2 | Acceptance: CDA Tool Test: The first industry sector is highlighted when arriving on Sample Attributes",
      "Team Growth 2 | Acceptance: CDA Tool Test: The first industry sector is highlighted when clicked on in the Sample Attributes",
      "Team Growth 2 | Acceptance: CDA Tool Test: The first platform is selected on initial load",
      "Team Growth 2 | Acceptance: CDA Tool Test: The first platform is selected when clicked on",
      "Team Growth 2 | Acceptance: CDA Tool Test: The fourth industry sector is highlighted when clicked on in the Sample Attributes",
      "Team Growth 2 | Acceptance: CDA Tool Test: The fourth platform is selected when clicked on",
      "Team Growth 2 | Acceptance: CDA Tool Test: The second industry sector is highlighted when clicked on in the Sample Attributes",
      "Team Growth 2 | Acceptance: CDA Tool Test: The second platform is selected when clicked on",
      "Team Growth 2 | Acceptance: CDA Tool Test: The seventh industry sector is highlighted when clicked on in the Sample Attributes",
      "Team Growth 2 | Acceptance: CDA Tool Test: The sixth industry sector is highlighted when clicked on in the Sample Attributes",
      "Team Growth 2 | Acceptance: CDA Tool Test: The third industry sector is highlighted when clicked on in the Sample Attributes",
      "Team Growth 2 | Acceptance: CDA Tool Test: The third platform is selected when clicked on"
    ],
    "testMeta": {
      "Team Growth 2 | Acceptance: CDA Tool Test: Add attribute page first row has correct placeholder text and default values": {
        "0pomsnlnp8dqseiyqbyugzaor": "7",
        "23oybqxov3zd1jt79no2lhxgvi": "7",
        "3j9y9nh47kt5wh9oax4huayvi": "7",
        "5l1l5ptouf32gloi3xlqziwwmi": "7",
        "654u0ahlr334w8dn5y1svsfw29": "7",
        "7tyuqe1k1o5nbe3xtp0c7919k9": "7",
        "7zh8mgesvsbj29q5qjd3oko6r": "7",
        "9mswtjrkjfpjyi7v7lksp2e29": "7",
        "bpp66c40dvr8tvp487c2wewmi": "7",
        "cxsy6mnvzkljrt4pzcgtlnmi": "7",
        "dcd7neidfjyjcd9lfm4ovquxr": "7",
        "epzmjd3y3lbhl3k1kd4sfw29": "7",
        "gb7hrmpsag7yigh8hjs8aor": "7",
        "klsh08xwy25co71omtfhia4i": "7",
        "kxeatjy8pv72q01d2zqv3g14i": "7",
        "ltyahh52ri7z5k01ap3gi7ldi": "7",
        "m4mzkny7m9fir8127mnlgzaor": "7",
        "mjyktigxpyh4p0l34x92akyb9": "7",
        "mw8j937k4mm35ddo2gvcayvi": "7",
        "ohrzcohwqcfibgpi1j4mzehfr": "7",
        "rr2yg46awozkz264p7ej6ecdi": "7",
        "rxlgcwyszod9437wy1b9h33di": "7",
        "vigf2irhxuyjc143g0bo11yvi": "7",
        "vj10t7vk3baauq57t3q3hm2t9": "7",
        "vjapqn3tdd914agpfn4tjra4i": "7",
        "xf3wsz3fu0qglfcmyemdq85mi": "7",
        "z84kxkcg8o30vmca71kinewmi": "7"
      },
      "Team Growth 2 | Acceptance: CDA Tool Test: The first platform is selected when clicked on": {
        "0pomsnlnp8dqseiyqbyugzaor": "7",
        "23oybqxov3zd1jt79no2lhxgvi": "7",
        "3j9y9nh47kt5wh9oax4huayvi": "7",
        "5l1l5ptouf32gloi3xlqziwwmi": "7",
        "654u0ahlr334w8dn5y1svsfw29": "7",
        "7tyuqe1k1o5nbe3xtp0c7919k9": "7",
        "7zh8mgesvsbj29q5qjd3oko6r": "7",
        "9mswtjrkjfpjyi7v7lksp2e29": "7",
        "bpp66c40dvr8tvp487c2wewmi": "7",
        "cxsy6mnvzkljrt4pzcgtlnmi": "7",
        "dcd7neidfjyjcd9lfm4ovquxr": "7",
        "epzmjd3y3lbhl3k1kd4sfw29": "7",
        "gb7hrmpsag7yigh8hjs8aor": "7",
        "klsh08xwy25co71omtfhia4i": "7",
        "kxeatjy8pv72q01d2zqv3g14i": "7",
        "ltyahh52ri7z5k01ap3gi7ldi": "7",
        "m4mzkny7m9fir8127mnlgzaor": "7",
        "mjyktigxpyh4p0l34x92akyb9": "7",
        "mw8j937k4mm35ddo2gvcayvi": "7",
        "ohrzcohwqcfibgpi1j4mzehfr": "7",
        "rr2yg46awozkz264p7ej6ecdi": "7",
        "rxlgcwyszod9437wy1b9h33di": "7",
        "vigf2irhxuyjc143g0bo11yvi": "7",
        "vj10t7vk3baauq57t3q3hm2t9": "7",
        "vjapqn3tdd914agpfn4tjra4i": "7",
        "xf3wsz3fu0qglfcmyemdq85mi": "7",
        "z84kxkcg8o30vmca71kinewmi": "7"
      },
      "Team Growth 2 | Acceptance: CDA Tool Test: Go to add attributes page": {
        "0pomsnlnp8dqseiyqbyugzaor": "7",
        "23oybqxov3zd1jt79no2lhxgvi": "7",
        "3j9y9nh47kt5wh9oax4huayvi": "7",
        "5l1l5ptouf32gloi3xlqziwwmi": "7",
        "654u0ahlr334w8dn5y1svsfw29": "7",
        "7tyuqe1k1o5nbe3xtp0c7919k9": "7",
        "7zh8mgesvsbj29q5qjd3oko6r": "7",
        "9mswtjrkjfpjyi7v7lksp2e29": "7",
        "bpp66c40dvr8tvp487c2wewmi": "7",
        "cxsy6mnvzkljrt4pzcgtlnmi": "7",
        "dcd7neidfjyjcd9lfm4ovquxr": "7",
        "epzmjd3y3lbhl3k1kd4sfw29": "7",
        "gb7hrmpsag7yigh8hjs8aor": "7",
        "klsh08xwy25co71omtfhia4i": "7",
        "kxeatjy8pv72q01d2zqv3g14i": "7",
        "ltyahh52ri7z5k01ap3gi7ldi": "7",
        "m4mzkny7m9fir8127mnlgzaor": "7",
        "mjyktigxpyh4p0l34x92akyb9": "7",
        "mw8j937k4mm35ddo2gvcayvi": "7",
        "ohrzcohwqcfibgpi1j4mzehfr": "7",
        "rr2yg46awozkz264p7ej6ecdi": "7",
        "rxlgcwyszod9437wy1b9h33di": "7",
        "vigf2irhxuyjc143g0bo11yvi": "7",
        "vj10t7vk3baauq57t3q3hm2t9": "7",
        "vjapqn3tdd914agpfn4tjra4i": "7",
        "xf3wsz3fu0qglfcmyemdq85mi": "7",
        "z84kxkcg8o30vmca71kinewmi": "7"
      },
      "Team Growth 2 | Acceptance: CDA Tool Test: Samples can be added and viewed by clicking \"Your List\" button": {
        "0pomsnlnp8dqseiyqbyugzaor": "7",
        "23oybqxov3zd1jt79no2lhxgvi": "7",
        "3j9y9nh47kt5wh9oax4huayvi": "7",
        "5l1l5ptouf32gloi3xlqziwwmi": "7",
        "654u0ahlr334w8dn5y1svsfw29": "7",
        "7tyuqe1k1o5nbe3xtp0c7919k9": "7",
        "7zh8mgesvsbj29q5qjd3oko6r": "7",
        "9mswtjrkjfpjyi7v7lksp2e29": "7",
        "bpp66c40dvr8tvp487c2wewmi": "7",
        "cxsy6mnvzkljrt4pzcgtlnmi": "7",
        "dcd7neidfjyjcd9lfm4ovquxr": "7",
        "epzmjd3y3lbhl3k1kd4sfw29": "7",
        "gb7hrmpsag7yigh8hjs8aor": "7",
        "klsh08xwy25co71omtfhia4i": "7",
        "kxeatjy8pv72q01d2zqv3g14i": "7",
        "ltyahh52ri7z5k01ap3gi7ldi": "7",
        "m4mzkny7m9fir8127mnlgzaor": "7",
        "mjyktigxpyh4p0l34x92akyb9": "7",
        "mw8j937k4mm35ddo2gvcayvi": "7",
        "ohrzcohwqcfibgpi1j4mzehfr": "7",
        "rr2yg46awozkz264p7ej6ecdi": "7",
        "rxlgcwyszod9437wy1b9h33di": "7",
        "vigf2irhxuyjc143g0bo11yvi": "7",
        "vj10t7vk3baauq57t3q3hm2t9": "7",
        "vjapqn3tdd914agpfn4tjra4i": "7",
        "xf3wsz3fu0qglfcmyemdq85mi": "7",
        "z84kxkcg8o30vmca71kinewmi": "7"
      },
      "Team Growth 2 | Acceptance: CDA Tool Test: Next button is highlighted only when a CDA is added": {
        "0pomsnlnp8dqseiyqbyugzaor": "7",
        "23oybqxov3zd1jt79no2lhxgvi": "7",
        "3j9y9nh47kt5wh9oax4huayvi": "7",
        "5l1l5ptouf32gloi3xlqziwwmi": "7",
        "654u0ahlr334w8dn5y1svsfw29": "7",
        "7tyuqe1k1o5nbe3xtp0c7919k9": "7",
        "7zh8mgesvsbj29q5qjd3oko6r": "7",
        "9mswtjrkjfpjyi7v7lksp2e29": "7",
        "bpp66c40dvr8tvp487c2wewmi": "7",
        "cxsy6mnvzkljrt4pzcgtlnmi": "7",
        "dcd7neidfjyjcd9lfm4ovquxr": "7",
        "epzmjd3y3lbhl3k1kd4sfw29": "7",
        "gb7hrmpsag7yigh8hjs8aor": "7",
        "klsh08xwy25co71omtfhia4i": "7",
        "kxeatjy8pv72q01d2zqv3g14i": "7",
        "ltyahh52ri7z5k01ap3gi7ldi": "7",
        "m4mzkny7m9fir8127mnlgzaor": "7",
        "mjyktigxpyh4p0l34x92akyb9": "7",
        "mw8j937k4mm35ddo2gvcayvi": "7",
        "ohrzcohwqcfibgpi1j4mzehfr": "7",
        "rr2yg46awozkz264p7ej6ecdi": "7",
        "rxlgcwyszod9437wy1b9h33di": "7",
        "vigf2irhxuyjc143g0bo11yvi": "7",
        "vj10t7vk3baauq57t3q3hm2t9": "7",
        "vjapqn3tdd914agpfn4tjra4i": "7",
        "xf3wsz3fu0qglfcmyemdq85mi": "7",
        "z84kxkcg8o30vmca71kinewmi": "7"
      },
      "Team Growth 2 | Acceptance: CDA Tool Test: The seventh industry sector is highlighted when clicked on in the Sample Attributes": {
        "0pomsnlnp8dqseiyqbyugzaor": "7",
        "23oybqxov3zd1jt79no2lhxgvi": "7",
        "3j9y9nh47kt5wh9oax4huayvi": "7",
        "5l1l5ptouf32gloi3xlqziwwmi": "7",
        "654u0ahlr334w8dn5y1svsfw29": "7",
        "7tyuqe1k1o5nbe3xtp0c7919k9": "7",
        "7zh8mgesvsbj29q5qjd3oko6r": "7",
        "9mswtjrkjfpjyi7v7lksp2e29": "7",
        "bpp66c40dvr8tvp487c2wewmi": "7",
        "cxsy6mnvzkljrt4pzcgtlnmi": "7",
        "dcd7neidfjyjcd9lfm4ovquxr": "7",
        "epzmjd3y3lbhl3k1kd4sfw29": "7",
        "gb7hrmpsag7yigh8hjs8aor": "7",
        "klsh08xwy25co71omtfhia4i": "7",
        "kxeatjy8pv72q01d2zqv3g14i": "7",
        "ltyahh52ri7z5k01ap3gi7ldi": "7",
        "m4mzkny7m9fir8127mnlgzaor": "7",
        "mjyktigxpyh4p0l34x92akyb9": "7",
        "mw8j937k4mm35ddo2gvcayvi": "7",
        "ohrzcohwqcfibgpi1j4mzehfr": "7",
        "rr2yg46awozkz264p7ej6ecdi": "7",
        "rxlgcwyszod9437wy1b9h33di": "7",
        "vigf2irhxuyjc143g0bo11yvi": "7",
        "vj10t7vk3baauq57t3q3hm2t9": "7",
        "vjapqn3tdd914agpfn4tjra4i": "7",
        "xf3wsz3fu0qglfcmyemdq85mi": "7",
        "z84kxkcg8o30vmca71kinewmi": "7"
      },
      "Team Growth 2 | Acceptance: CDA Tool Test: The first industry sector is highlighted when clicked on in the Sample Attributes": {
        "0pomsnlnp8dqseiyqbyugzaor": "7",
        "23oybqxov3zd1jt79no2lhxgvi": "7",
        "3j9y9nh47kt5wh9oax4huayvi": "7",
        "5l1l5ptouf32gloi3xlqziwwmi": "7",
        "654u0ahlr334w8dn5y1svsfw29": "7",
        "7tyuqe1k1o5nbe3xtp0c7919k9": "7",
        "7zh8mgesvsbj29q5qjd3oko6r": "7",
        "9mswtjrkjfpjyi7v7lksp2e29": "7",
        "bpp66c40dvr8tvp487c2wewmi": "7",
        "cxsy6mnvzkljrt4pzcgtlnmi": "7",
        "dcd7neidfjyjcd9lfm4ovquxr": "7",
        "epzmjd3y3lbhl3k1kd4sfw29": "7",
        "gb7hrmpsag7yigh8hjs8aor": "7",
        "klsh08xwy25co71omtfhia4i": "7",
        "kxeatjy8pv72q01d2zqv3g14i": "7",
        "ltyahh52ri7z5k01ap3gi7ldi": "7",
        "m4mzkny7m9fir8127mnlgzaor": "7",
        "mjyktigxpyh4p0l34x92akyb9": "7",
        "mw8j937k4mm35ddo2gvcayvi": "7",
        "ohrzcohwqcfibgpi1j4mzehfr": "7",
        "rr2yg46awozkz264p7ej6ecdi": "7",
        "rxlgcwyszod9437wy1b9h33di": "7",
        "vigf2irhxuyjc143g0bo11yvi": "7",
        "vj10t7vk3baauq57t3q3hm2t9": "7",
        "vjapqn3tdd914agpfn4tjra4i": "7",
        "xf3wsz3fu0qglfcmyemdq85mi": "7",
        "z84kxkcg8o30vmca71kinewmi": "7"
      },
      "Team Growth 2 | Acceptance: CDA Tool Test: Samples can be added and viewed by clicking \"view\" button": {
        "0pomsnlnp8dqseiyqbyugzaor": "7",
        "23oybqxov3zd1jt79no2lhxgvi": "7",
        "3j9y9nh47kt5wh9oax4huayvi": "7",
        "5l1l5ptouf32gloi3xlqziwwmi": "7",
        "654u0ahlr334w8dn5y1svsfw29": "7",
        "7tyuqe1k1o5nbe3xtp0c7919k9": "7",
        "7zh8mgesvsbj29q5qjd3oko6r": "7",
        "9mswtjrkjfpjyi7v7lksp2e29": "7",
        "bpp66c40dvr8tvp487c2wewmi": "7",
        "cxsy6mnvzkljrt4pzcgtlnmi": "7",
        "dcd7neidfjyjcd9lfm4ovquxr": "7",
        "epzmjd3y3lbhl3k1kd4sfw29": "7",
        "gb7hrmpsag7yigh8hjs8aor": "7",
        "klsh08xwy25co71omtfhia4i": "7",
        "kxeatjy8pv72q01d2zqv3g14i": "7",
        "ltyahh52ri7z5k01ap3gi7ldi": "7",
        "m4mzkny7m9fir8127mnlgzaor": "7",
        "mjyktigxpyh4p0l34x92akyb9": "7",
        "mw8j937k4mm35ddo2gvcayvi": "7",
        "ohrzcohwqcfibgpi1j4mzehfr": "7",
        "rr2yg46awozkz264p7ej6ecdi": "7",
        "rxlgcwyszod9437wy1b9h33di": "7",
        "vigf2irhxuyjc143g0bo11yvi": "7",
        "vj10t7vk3baauq57t3q3hm2t9": "7",
        "vjapqn3tdd914agpfn4tjra4i": "7",
        "xf3wsz3fu0qglfcmyemdq85mi": "7",
        "z84kxkcg8o30vmca71kinewmi": "7"
      },
      "Team Growth 2 | Acceptance: CDA Tool Test: The second industry sector is highlighted when clicked on in the Sample Attributes": {
        "0pomsnlnp8dqseiyqbyugzaor": "7",
        "23oybqxov3zd1jt79no2lhxgvi": "7",
        "3j9y9nh47kt5wh9oax4huayvi": "7",
        "5l1l5ptouf32gloi3xlqziwwmi": "7",
        "654u0ahlr334w8dn5y1svsfw29": "7",
        "7tyuqe1k1o5nbe3xtp0c7919k9": "7",
        "7zh8mgesvsbj29q5qjd3oko6r": "7",
        "9mswtjrkjfpjyi7v7lksp2e29": "7",
        "bpp66c40dvr8tvp487c2wewmi": "7",
        "cxsy6mnvzkljrt4pzcgtlnmi": "7",
        "dcd7neidfjyjcd9lfm4ovquxr": "7",
        "epzmjd3y3lbhl3k1kd4sfw29": "7",
        "gb7hrmpsag7yigh8hjs8aor": "7",
        "klsh08xwy25co71omtfhia4i": "7",
        "kxeatjy8pv72q01d2zqv3g14i": "7",
        "ltyahh52ri7z5k01ap3gi7ldi": "7",
        "m4mzkny7m9fir8127mnlgzaor": "7",
        "mjyktigxpyh4p0l34x92akyb9": "7",
        "mw8j937k4mm35ddo2gvcayvi": "7",
        "ohrzcohwqcfibgpi1j4mzehfr": "7",
        "rr2yg46awozkz264p7ej6ecdi": "7",
        "rxlgcwyszod9437wy1b9h33di": "7",
        "vigf2irhxuyjc143g0bo11yvi": "7",
        "vj10t7vk3baauq57t3q3hm2t9": "7",
        "vjapqn3tdd914agpfn4tjra4i": "7",
        "xf3wsz3fu0qglfcmyemdq85mi": "7",
        "z84kxkcg8o30vmca71kinewmi": "7"
      },
      "Team Growth 2 | Acceptance: CDA Tool Test: CDA adding page has correct step indicators": {
        "0pomsnlnp8dqseiyqbyugzaor": "7",
        "23oybqxov3zd1jt79no2lhxgvi": "7",
        "3j9y9nh47kt5wh9oax4huayvi": "7",
        "5l1l5ptouf32gloi3xlqziwwmi": "7",
        "654u0ahlr334w8dn5y1svsfw29": "7",
        "7tyuqe1k1o5nbe3xtp0c7919k9": "7",
        "7zh8mgesvsbj29q5qjd3oko6r": "7",
        "9mswtjrkjfpjyi7v7lksp2e29": "7",
        "bpp66c40dvr8tvp487c2wewmi": "7",
        "cxsy6mnvzkljrt4pzcgtlnmi": "7",
        "dcd7neidfjyjcd9lfm4ovquxr": "7",
        "epzmjd3y3lbhl3k1kd4sfw29": "7",
        "gb7hrmpsag7yigh8hjs8aor": "7",
        "klsh08xwy25co71omtfhia4i": "7",
        "kxeatjy8pv72q01d2zqv3g14i": "7",
        "ltyahh52ri7z5k01ap3gi7ldi": "7",
        "m4mzkny7m9fir8127mnlgzaor": "7",
        "mjyktigxpyh4p0l34x92akyb9": "7",
        "mw8j937k4mm35ddo2gvcayvi": "7",
        "ohrzcohwqcfibgpi1j4mzehfr": "7",
        "rr2yg46awozkz264p7ej6ecdi": "7",
        "rxlgcwyszod9437wy1b9h33di": "7",
        "vigf2irhxuyjc143g0bo11yvi": "7",
        "vj10t7vk3baauq57t3q3hm2t9": "7",
        "vjapqn3tdd914agpfn4tjra4i": "7",
        "xf3wsz3fu0qglfcmyemdq85mi": "7",
        "z84kxkcg8o30vmca71kinewmi": "7"
      },
      "Team Growth 2 | Acceptance: CDA Tool Test: The third industry sector is highlighted when clicked on in the Sample Attributes": {
        "0pomsnlnp8dqseiyqbyugzaor": "7",
        "23oybqxov3zd1jt79no2lhxgvi": "7",
        "3j9y9nh47kt5wh9oax4huayvi": "7",
        "5l1l5ptouf32gloi3xlqziwwmi": "7",
        "654u0ahlr334w8dn5y1svsfw29": "7",
        "7tyuqe1k1o5nbe3xtp0c7919k9": "7",
        "7zh8mgesvsbj29q5qjd3oko6r": "7",
        "9mswtjrkjfpjyi7v7lksp2e29": "7",
        "bpp66c40dvr8tvp487c2wewmi": "7",
        "cxsy6mnvzkljrt4pzcgtlnmi": "7",
        "dcd7neidfjyjcd9lfm4ovquxr": "7",
        "epzmjd3y3lbhl3k1kd4sfw29": "7",
        "gb7hrmpsag7yigh8hjs8aor": "7",
        "klsh08xwy25co71omtfhia4i": "7",
        "kxeatjy8pv72q01d2zqv3g14i": "7",
        "ltyahh52ri7z5k01ap3gi7ldi": "7",
        "m4mzkny7m9fir8127mnlgzaor": "7",
        "mjyktigxpyh4p0l34x92akyb9": "7",
        "mw8j937k4mm35ddo2gvcayvi": "7",
        "ohrzcohwqcfibgpi1j4mzehfr": "7",
        "rr2yg46awozkz264p7ej6ecdi": "7",
        "rxlgcwyszod9437wy1b9h33di": "7",
        "vigf2irhxuyjc143g0bo11yvi": "7",
        "vj10t7vk3baauq57t3q3hm2t9": "7",
        "vjapqn3tdd914agpfn4tjra4i": "7",
        "xf3wsz3fu0qglfcmyemdq85mi": "7",
        "z84kxkcg8o30vmca71kinewmi": "7"
      },
      "Team Growth 2 | Acceptance: CDA Tool Test: Add attribute page second row has no placeholder text and correct default values": {
        "0pomsnlnp8dqseiyqbyugzaor": "7",
        "23oybqxov3zd1jt79no2lhxgvi": "7",
        "3j9y9nh47kt5wh9oax4huayvi": "7",
        "5l1l5ptouf32gloi3xlqziwwmi": "7",
        "654u0ahlr334w8dn5y1svsfw29": "7",
        "7tyuqe1k1o5nbe3xtp0c7919k9": "7",
        "7zh8mgesvsbj29q5qjd3oko6r": "7",
        "9mswtjrkjfpjyi7v7lksp2e29": "7",
        "bpp66c40dvr8tvp487c2wewmi": "7",
        "cxsy6mnvzkljrt4pzcgtlnmi": "7",
        "dcd7neidfjyjcd9lfm4ovquxr": "7",
        "epzmjd3y3lbhl3k1kd4sfw29": "7",
        "gb7hrmpsag7yigh8hjs8aor": "7",
        "klsh08xwy25co71omtfhia4i": "7",
        "kxeatjy8pv72q01d2zqv3g14i": "7",
        "ltyahh52ri7z5k01ap3gi7ldi": "7",
        "m4mzkny7m9fir8127mnlgzaor": "7",
        "mjyktigxpyh4p0l34x92akyb9": "7",
        "mw8j937k4mm35ddo2gvcayvi": "7",
        "ohrzcohwqcfibgpi1j4mzehfr": "7",
        "rr2yg46awozkz264p7ej6ecdi": "7",
        "rxlgcwyszod9437wy1b9h33di": "7",
        "vigf2irhxuyjc143g0bo11yvi": "7",
        "vj10t7vk3baauq57t3q3hm2t9": "7",
        "vjapqn3tdd914agpfn4tjra4i": "7",
        "xf3wsz3fu0qglfcmyemdq85mi": "7",
        "z84kxkcg8o30vmca71kinewmi": "7"
      },
      "Team Growth 2 | Acceptance: CDA Tool Test: The first industry sector is highlighted when arriving on Sample Attributes": {
        "0pomsnlnp8dqseiyqbyugzaor": "7",
        "23oybqxov3zd1jt79no2lhxgvi": "7",
        "3j9y9nh47kt5wh9oax4huayvi": "7",
        "5l1l5ptouf32gloi3xlqziwwmi": "7",
        "654u0ahlr334w8dn5y1svsfw29": "7",
        "7tyuqe1k1o5nbe3xtp0c7919k9": "7",
        "7zh8mgesvsbj29q5qjd3oko6r": "7",
        "9mswtjrkjfpjyi7v7lksp2e29": "7",
        "bpp66c40dvr8tvp487c2wewmi": "7",
        "cxsy6mnvzkljrt4pzcgtlnmi": "7",
        "dcd7neidfjyjcd9lfm4ovquxr": "7",
        "epzmjd3y3lbhl3k1kd4sfw29": "7",
        "gb7hrmpsag7yigh8hjs8aor": "7",
        "klsh08xwy25co71omtfhia4i": "7",
        "kxeatjy8pv72q01d2zqv3g14i": "7",
        "ltyahh52ri7z5k01ap3gi7ldi": "7",
        "m4mzkny7m9fir8127mnlgzaor": "7",
        "mjyktigxpyh4p0l34x92akyb9": "7",
        "mw8j937k4mm35ddo2gvcayvi": "7",
        "ohrzcohwqcfibgpi1j4mzehfr": "7",
        "rr2yg46awozkz264p7ej6ecdi": "7",
        "rxlgcwyszod9437wy1b9h33di": "7",
        "vigf2irhxuyjc143g0bo11yvi": "7",
        "vj10t7vk3baauq57t3q3hm2t9": "7",
        "vjapqn3tdd914agpfn4tjra4i": "7",
        "xf3wsz3fu0qglfcmyemdq85mi": "7",
        "z84kxkcg8o30vmca71kinewmi": "7"
      },
      "Team Growth 2 | Acceptance: CDA Tool Test: Add attributes page can add additional rows": {
        "0pomsnlnp8dqseiyqbyugzaor": "7",
        "23oybqxov3zd1jt79no2lhxgvi": "7",
        "3j9y9nh47kt5wh9oax4huayvi": "7",
        "5l1l5ptouf32gloi3xlqziwwmi": "7",
        "654u0ahlr334w8dn5y1svsfw29": "7",
        "7tyuqe1k1o5nbe3xtp0c7919k9": "7",
        "7zh8mgesvsbj29q5qjd3oko6r": "7",
        "9mswtjrkjfpjyi7v7lksp2e29": "7",
        "bpp66c40dvr8tvp487c2wewmi": "7",
        "cxsy6mnvzkljrt4pzcgtlnmi": "7",
        "dcd7neidfjyjcd9lfm4ovquxr": "7",
        "epzmjd3y3lbhl3k1kd4sfw29": "7",
        "gb7hrmpsag7yigh8hjs8aor": "7",
        "klsh08xwy25co71omtfhia4i": "7",
        "kxeatjy8pv72q01d2zqv3g14i": "7",
        "ltyahh52ri7z5k01ap3gi7ldi": "7",
        "m4mzkny7m9fir8127mnlgzaor": "7",
        "mjyktigxpyh4p0l34x92akyb9": "7",
        "mw8j937k4mm35ddo2gvcayvi": "7",
        "ohrzcohwqcfibgpi1j4mzehfr": "7",
        "rr2yg46awozkz264p7ej6ecdi": "7",
        "rxlgcwyszod9437wy1b9h33di": "7",
        "vigf2irhxuyjc143g0bo11yvi": "7",
        "vj10t7vk3baauq57t3q3hm2t9": "7",
        "vjapqn3tdd914agpfn4tjra4i": "7",
        "xf3wsz3fu0qglfcmyemdq85mi": "7",
        "z84kxkcg8o30vmca71kinewmi": "7"
      },
      "Team Growth 2 | Acceptance: CDA Tool Test: CDA video shows correctly": {
        "0pomsnlnp8dqseiyqbyugzaor": "7",
        "23oybqxov3zd1jt79no2lhxgvi": "7",
        "3j9y9nh47kt5wh9oax4huayvi": "7",
        "5l1l5ptouf32gloi3xlqziwwmi": "7",
        "654u0ahlr334w8dn5y1svsfw29": "7",
        "7tyuqe1k1o5nbe3xtp0c7919k9": "7",
        "7zh8mgesvsbj29q5qjd3oko6r": "7",
        "9mswtjrkjfpjyi7v7lksp2e29": "7",
        "bpp66c40dvr8tvp487c2wewmi": "7",
        "cxsy6mnvzkljrt4pzcgtlnmi": "7",
        "dcd7neidfjyjcd9lfm4ovquxr": "7",
        "epzmjd3y3lbhl3k1kd4sfw29": "7",
        "gb7hrmpsag7yigh8hjs8aor": "7",
        "klsh08xwy25co71omtfhia4i": "7",
        "kxeatjy8pv72q01d2zqv3g14i": "7",
        "ltyahh52ri7z5k01ap3gi7ldi": "7",
        "m4mzkny7m9fir8127mnlgzaor": "7",
        "mjyktigxpyh4p0l34x92akyb9": "7",
        "mw8j937k4mm35ddo2gvcayvi": "7",
        "ohrzcohwqcfibgpi1j4mzehfr": "7",
        "rr2yg46awozkz264p7ej6ecdi": "7",
        "rxlgcwyszod9437wy1b9h33di": "7",
        "vigf2irhxuyjc143g0bo11yvi": "7",
        "vj10t7vk3baauq57t3q3hm2t9": "7",
        "vjapqn3tdd914agpfn4tjra4i": "7",
        "xf3wsz3fu0qglfcmyemdq85mi": "7",
        "z84kxkcg8o30vmca71kinewmi": "7"
      },
      "Team Growth 2 | Acceptance: CDA Tool Test: Landing page has correct step indicators": {
        "0pomsnlnp8dqseiyqbyugzaor": "7",
        "23oybqxov3zd1jt79no2lhxgvi": "7",
        "3j9y9nh47kt5wh9oax4huayvi": "7",
        "5l1l5ptouf32gloi3xlqziwwmi": "7",
        "654u0ahlr334w8dn5y1svsfw29": "7",
        "7tyuqe1k1o5nbe3xtp0c7919k9": "7",
        "7zh8mgesvsbj29q5qjd3oko6r": "7",
        "9mswtjrkjfpjyi7v7lksp2e29": "7",
        "bpp66c40dvr8tvp487c2wewmi": "7",
        "cxsy6mnvzkljrt4pzcgtlnmi": "7",
        "dcd7neidfjyjcd9lfm4ovquxr": "7",
        "epzmjd3y3lbhl3k1kd4sfw29": "7",
        "gb7hrmpsag7yigh8hjs8aor": "7",
        "klsh08xwy25co71omtfhia4i": "7",
        "kxeatjy8pv72q01d2zqv3g14i": "7",
        "ltyahh52ri7z5k01ap3gi7ldi": "7",
        "m4mzkny7m9fir8127mnlgzaor": "7",
        "mjyktigxpyh4p0l34x92akyb9": "7",
        "mw8j937k4mm35ddo2gvcayvi": "7",
        "ohrzcohwqcfibgpi1j4mzehfr": "7",
        "rr2yg46awozkz264p7ej6ecdi": "7",
        "rxlgcwyszod9437wy1b9h33di": "7",
        "vigf2irhxuyjc143g0bo11yvi": "7",
        "vj10t7vk3baauq57t3q3hm2t9": "7",
        "vjapqn3tdd914agpfn4tjra4i": "7",
        "xf3wsz3fu0qglfcmyemdq85mi": "7",
        "z84kxkcg8o30vmca71kinewmi": "7"
      },
      "Team Growth 2 | Acceptance: CDA Tool Test: \"Your List\" counter increments when adding CDAs": {
        "0pomsnlnp8dqseiyqbyugzaor": "7",
        "23oybqxov3zd1jt79no2lhxgvi": "7",
        "3j9y9nh47kt5wh9oax4huayvi": "7",
        "5l1l5ptouf32gloi3xlqziwwmi": "7",
        "654u0ahlr334w8dn5y1svsfw29": "7",
        "7tyuqe1k1o5nbe3xtp0c7919k9": "7",
        "7zh8mgesvsbj29q5qjd3oko6r": "7",
        "9mswtjrkjfpjyi7v7lksp2e29": "7",
        "bpp66c40dvr8tvp487c2wewmi": "7",
        "cxsy6mnvzkljrt4pzcgtlnmi": "7",
        "dcd7neidfjyjcd9lfm4ovquxr": "7",
        "epzmjd3y3lbhl3k1kd4sfw29": "7",
        "gb7hrmpsag7yigh8hjs8aor": "7",
        "klsh08xwy25co71omtfhia4i": "7",
        "kxeatjy8pv72q01d2zqv3g14i": "7",
        "ltyahh52ri7z5k01ap3gi7ldi": "7",
        "m4mzkny7m9fir8127mnlgzaor": "7",
        "mjyktigxpyh4p0l34x92akyb9": "7",
        "mw8j937k4mm35ddo2gvcayvi": "7",
        "ohrzcohwqcfibgpi1j4mzehfr": "7",
        "rr2yg46awozkz264p7ej6ecdi": "7",
        "rxlgcwyszod9437wy1b9h33di": "7",
        "vigf2irhxuyjc143g0bo11yvi": "7",
        "vj10t7vk3baauq57t3q3hm2t9": "7",
        "vjapqn3tdd914agpfn4tjra4i": "7",
        "xf3wsz3fu0qglfcmyemdq85mi": "7",
        "z84kxkcg8o30vmca71kinewmi": "7"
      },
      "Team Growth 2 | Acceptance: CDA Tool Test: CDA generate page has correct step indicators": {
        "0pomsnlnp8dqseiyqbyugzaor": "7",
        "23oybqxov3zd1jt79no2lhxgvi": "7",
        "3j9y9nh47kt5wh9oax4huayvi": "7",
        "5l1l5ptouf32gloi3xlqziwwmi": "7",
        "654u0ahlr334w8dn5y1svsfw29": "7",
        "7tyuqe1k1o5nbe3xtp0c7919k9": "7",
        "7zh8mgesvsbj29q5qjd3oko6r": "7",
        "9mswtjrkjfpjyi7v7lksp2e29": "7",
        "bpp66c40dvr8tvp487c2wewmi": "7",
        "cxsy6mnvzkljrt4pzcgtlnmi": "7",
        "dcd7neidfjyjcd9lfm4ovquxr": "7",
        "epzmjd3y3lbhl3k1kd4sfw29": "7",
        "gb7hrmpsag7yigh8hjs8aor": "7",
        "klsh08xwy25co71omtfhia4i": "7",
        "kxeatjy8pv72q01d2zqv3g14i": "7",
        "ltyahh52ri7z5k01ap3gi7ldi": "7",
        "m4mzkny7m9fir8127mnlgzaor": "7",
        "mjyktigxpyh4p0l34x92akyb9": "7",
        "mw8j937k4mm35ddo2gvcayvi": "7",
        "ohrzcohwqcfibgpi1j4mzehfr": "7",
        "rr2yg46awozkz264p7ej6ecdi": "7",
        "rxlgcwyszod9437wy1b9h33di": "7",
        "vigf2irhxuyjc143g0bo11yvi": "7",
        "vj10t7vk3baauq57t3q3hm2t9": "7",
        "vjapqn3tdd914agpfn4tjra4i": "7",
        "xf3wsz3fu0qglfcmyemdq85mi": "7",
        "z84kxkcg8o30vmca71kinewmi": "7"
      },
      "Team Growth 2 | Acceptance: CDA Tool Test: The eighth industry sector is highlighted when clicked on in the Sample Attributes": {
        "0pomsnlnp8dqseiyqbyugzaor": "7",
        "23oybqxov3zd1jt79no2lhxgvi": "7",
        "3j9y9nh47kt5wh9oax4huayvi": "7",
        "5l1l5ptouf32gloi3xlqziwwmi": "7",
        "654u0ahlr334w8dn5y1svsfw29": "7",
        "7tyuqe1k1o5nbe3xtp0c7919k9": "7",
        "7zh8mgesvsbj29q5qjd3oko6r": "7",
        "9mswtjrkjfpjyi7v7lksp2e29": "7",
        "bpp66c40dvr8tvp487c2wewmi": "7",
        "cxsy6mnvzkljrt4pzcgtlnmi": "7",
        "dcd7neidfjyjcd9lfm4ovquxr": "7",
        "epzmjd3y3lbhl3k1kd4sfw29": "7",
        "gb7hrmpsag7yigh8hjs8aor": "7",
        "klsh08xwy25co71omtfhia4i": "7",
        "kxeatjy8pv72q01d2zqv3g14i": "7",
        "ltyahh52ri7z5k01ap3gi7ldi": "7",
        "m4mzkny7m9fir8127mnlgzaor": "7",
        "mjyktigxpyh4p0l34x92akyb9": "7",
        "mw8j937k4mm35ddo2gvcayvi": "7",
        "ohrzcohwqcfibgpi1j4mzehfr": "7",
        "rr2yg46awozkz264p7ej6ecdi": "7",
        "rxlgcwyszod9437wy1b9h33di": "7",
        "vigf2irhxuyjc143g0bo11yvi": "7",
        "vj10t7vk3baauq57t3q3hm2t9": "7",
        "vjapqn3tdd914agpfn4tjra4i": "7",
        "xf3wsz3fu0qglfcmyemdq85mi": "7",
        "z84kxkcg8o30vmca71kinewmi": "7"
      },
      "Team Growth 2 | Acceptance: CDA Tool Test: The third platform is selected when clicked on": {
        "0pomsnlnp8dqseiyqbyugzaor": "7",
        "23oybqxov3zd1jt79no2lhxgvi": "7",
        "3j9y9nh47kt5wh9oax4huayvi": "7",
        "5l1l5ptouf32gloi3xlqziwwmi": "7",
        "654u0ahlr334w8dn5y1svsfw29": "7",
        "7tyuqe1k1o5nbe3xtp0c7919k9": "7",
        "7zh8mgesvsbj29q5qjd3oko6r": "7",
        "9mswtjrkjfpjyi7v7lksp2e29": "7",
        "bpp66c40dvr8tvp487c2wewmi": "7",
        "cxsy6mnvzkljrt4pzcgtlnmi": "7",
        "dcd7neidfjyjcd9lfm4ovquxr": "7",
        "epzmjd3y3lbhl3k1kd4sfw29": "7",
        "gb7hrmpsag7yigh8hjs8aor": "7",
        "klsh08xwy25co71omtfhia4i": "7",
        "kxeatjy8pv72q01d2zqv3g14i": "7",
        "ltyahh52ri7z5k01ap3gi7ldi": "7",
        "m4mzkny7m9fir8127mnlgzaor": "7",
        "mjyktigxpyh4p0l34x92akyb9": "7",
        "mw8j937k4mm35ddo2gvcayvi": "7",
        "ohrzcohwqcfibgpi1j4mzehfr": "7",
        "rr2yg46awozkz264p7ej6ecdi": "7",
        "rxlgcwyszod9437wy1b9h33di": "7",
        "vigf2irhxuyjc143g0bo11yvi": "7",
        "vj10t7vk3baauq57t3q3hm2t9": "7",
        "vjapqn3tdd914agpfn4tjra4i": "7",
        "xf3wsz3fu0qglfcmyemdq85mi": "7",
        "z84kxkcg8o30vmca71kinewmi": "7"
      },
      "Team Growth 2 | Acceptance: CDA Tool Test: The fifth industry sector is highlighted when clicked on in the Sample Attributes": {
        "0pomsnlnp8dqseiyqbyugzaor": "7",
        "23oybqxov3zd1jt79no2lhxgvi": "7",
        "3j9y9nh47kt5wh9oax4huayvi": "7",
        "5l1l5ptouf32gloi3xlqziwwmi": "7",
        "654u0ahlr334w8dn5y1svsfw29": "7",
        "7tyuqe1k1o5nbe3xtp0c7919k9": "7",
        "7zh8mgesvsbj29q5qjd3oko6r": "7",
        "9mswtjrkjfpjyi7v7lksp2e29": "7",
        "bpp66c40dvr8tvp487c2wewmi": "7",
        "cxsy6mnvzkljrt4pzcgtlnmi": "7",
        "dcd7neidfjyjcd9lfm4ovquxr": "7",
        "epzmjd3y3lbhl3k1kd4sfw29": "7",
        "gb7hrmpsag7yigh8hjs8aor": "7",
        "klsh08xwy25co71omtfhia4i": "7",
        "kxeatjy8pv72q01d2zqv3g14i": "7",
        "ltyahh52ri7z5k01ap3gi7ldi": "7",
        "m4mzkny7m9fir8127mnlgzaor": "7",
        "mjyktigxpyh4p0l34x92akyb9": "7",
        "mw8j937k4mm35ddo2gvcayvi": "7",
        "ohrzcohwqcfibgpi1j4mzehfr": "7",
        "rr2yg46awozkz264p7ej6ecdi": "7",
        "rxlgcwyszod9437wy1b9h33di": "7",
        "vigf2irhxuyjc143g0bo11yvi": "7",
        "vj10t7vk3baauq57t3q3hm2t9": "7",
        "vjapqn3tdd914agpfn4tjra4i": "7",
        "xf3wsz3fu0qglfcmyemdq85mi": "7",
        "z84kxkcg8o30vmca71kinewmi": "7"
      },
      "Team Growth 2 | Acceptance: CDA Tool Test: The first platform is selected on initial load": {
        "0pomsnlnp8dqseiyqbyugzaor": "7",
        "23oybqxov3zd1jt79no2lhxgvi": "7",
        "3j9y9nh47kt5wh9oax4huayvi": "7",
        "5l1l5ptouf32gloi3xlqziwwmi": "7",
        "654u0ahlr334w8dn5y1svsfw29": "7",
        "7tyuqe1k1o5nbe3xtp0c7919k9": "7",
        "7zh8mgesvsbj29q5qjd3oko6r": "7",
        "9mswtjrkjfpjyi7v7lksp2e29": "7",
        "bpp66c40dvr8tvp487c2wewmi": "7",
        "cxsy6mnvzkljrt4pzcgtlnmi": "7",
        "dcd7neidfjyjcd9lfm4ovquxr": "7",
        "epzmjd3y3lbhl3k1kd4sfw29": "7",
        "gb7hrmpsag7yigh8hjs8aor": "7",
        "klsh08xwy25co71omtfhia4i": "7",
        "kxeatjy8pv72q01d2zqv3g14i": "7",
        "ltyahh52ri7z5k01ap3gi7ldi": "7",
        "m4mzkny7m9fir8127mnlgzaor": "7",
        "mjyktigxpyh4p0l34x92akyb9": "7",
        "mw8j937k4mm35ddo2gvcayvi": "7",
        "ohrzcohwqcfibgpi1j4mzehfr": "7",
        "rr2yg46awozkz264p7ej6ecdi": "7",
        "rxlgcwyszod9437wy1b9h33di": "7",
        "vigf2irhxuyjc143g0bo11yvi": "7",
        "vj10t7vk3baauq57t3q3hm2t9": "7",
        "vjapqn3tdd914agpfn4tjra4i": "7",
        "xf3wsz3fu0qglfcmyemdq85mi": "7",
        "z84kxkcg8o30vmca71kinewmi": "7"
      },
      "Team Growth 2 | Acceptance: CDA Tool Test: Generate page shows correct snippet": {
        "0pomsnlnp8dqseiyqbyugzaor": "7",
        "23oybqxov3zd1jt79no2lhxgvi": "7",
        "3j9y9nh47kt5wh9oax4huayvi": "7",
        "5l1l5ptouf32gloi3xlqziwwmi": "7",
        "654u0ahlr334w8dn5y1svsfw29": "7",
        "7tyuqe1k1o5nbe3xtp0c7919k9": "7",
        "7zh8mgesvsbj29q5qjd3oko6r": "7",
        "9mswtjrkjfpjyi7v7lksp2e29": "7",
        "bpp66c40dvr8tvp487c2wewmi": "7",
        "cxsy6mnvzkljrt4pzcgtlnmi": "7",
        "dcd7neidfjyjcd9lfm4ovquxr": "7",
        "epzmjd3y3lbhl3k1kd4sfw29": "7",
        "gb7hrmpsag7yigh8hjs8aor": "7",
        "klsh08xwy25co71omtfhia4i": "7",
        "kxeatjy8pv72q01d2zqv3g14i": "7",
        "ltyahh52ri7z5k01ap3gi7ldi": "7",
        "m4mzkny7m9fir8127mnlgzaor": "7",
        "mjyktigxpyh4p0l34x92akyb9": "7",
        "mw8j937k4mm35ddo2gvcayvi": "7",
        "ohrzcohwqcfibgpi1j4mzehfr": "7",
        "rr2yg46awozkz264p7ej6ecdi": "7",
        "rxlgcwyszod9437wy1b9h33di": "7",
        "vigf2irhxuyjc143g0bo11yvi": "7",
        "vj10t7vk3baauq57t3q3hm2t9": "7",
        "vjapqn3tdd914agpfn4tjra4i": "7",
        "xf3wsz3fu0qglfcmyemdq85mi": "7",
        "z84kxkcg8o30vmca71kinewmi": "7"
      },
      "Team Growth 2 | Acceptance: CDA Tool Test: The second platform is selected when clicked on": {
        "0pomsnlnp8dqseiyqbyugzaor": "7",
        "23oybqxov3zd1jt79no2lhxgvi": "7",
        "3j9y9nh47kt5wh9oax4huayvi": "7",
        "5l1l5ptouf32gloi3xlqziwwmi": "7",
        "654u0ahlr334w8dn5y1svsfw29": "7",
        "7tyuqe1k1o5nbe3xtp0c7919k9": "7",
        "7zh8mgesvsbj29q5qjd3oko6r": "7",
        "9mswtjrkjfpjyi7v7lksp2e29": "7",
        "bpp66c40dvr8tvp487c2wewmi": "7",
        "cxsy6mnvzkljrt4pzcgtlnmi": "7",
        "dcd7neidfjyjcd9lfm4ovquxr": "7",
        "epzmjd3y3lbhl3k1kd4sfw29": "7",
        "gb7hrmpsag7yigh8hjs8aor": "7",
        "klsh08xwy25co71omtfhia4i": "7",
        "kxeatjy8pv72q01d2zqv3g14i": "7",
        "ltyahh52ri7z5k01ap3gi7ldi": "7",
        "m4mzkny7m9fir8127mnlgzaor": "7",
        "mjyktigxpyh4p0l34x92akyb9": "7",
        "mw8j937k4mm35ddo2gvcayvi": "7",
        "ohrzcohwqcfibgpi1j4mzehfr": "7",
        "rr2yg46awozkz264p7ej6ecdi": "7",
        "rxlgcwyszod9437wy1b9h33di": "7",
        "vigf2irhxuyjc143g0bo11yvi": "7",
        "vj10t7vk3baauq57t3q3hm2t9": "7",
        "vjapqn3tdd914agpfn4tjra4i": "7",
        "xf3wsz3fu0qglfcmyemdq85mi": "7",
        "z84kxkcg8o30vmca71kinewmi": "7"
      },
      "Team Growth 2 | Acceptance: CDA Tool Test: The fourth industry sector is highlighted when clicked on in the Sample Attributes": {
        "0pomsnlnp8dqseiyqbyugzaor": "7",
        "23oybqxov3zd1jt79no2lhxgvi": "7",
        "3j9y9nh47kt5wh9oax4huayvi": "7",
        "5l1l5ptouf32gloi3xlqziwwmi": "7",
        "654u0ahlr334w8dn5y1svsfw29": "7",
        "7tyuqe1k1o5nbe3xtp0c7919k9": "7",
        "7zh8mgesvsbj29q5qjd3oko6r": "7",
        "9mswtjrkjfpjyi7v7lksp2e29": "7",
        "bpp66c40dvr8tvp487c2wewmi": "7",
        "cxsy6mnvzkljrt4pzcgtlnmi": "7",
        "dcd7neidfjyjcd9lfm4ovquxr": "7",
        "epzmjd3y3lbhl3k1kd4sfw29": "7",
        "gb7hrmpsag7yigh8hjs8aor": "7",
        "klsh08xwy25co71omtfhia4i": "7",
        "kxeatjy8pv72q01d2zqv3g14i": "7",
        "ltyahh52ri7z5k01ap3gi7ldi": "7",
        "m4mzkny7m9fir8127mnlgzaor": "7",
        "mjyktigxpyh4p0l34x92akyb9": "7",
        "mw8j937k4mm35ddo2gvcayvi": "7",
        "ohrzcohwqcfibgpi1j4mzehfr": "7",
        "rr2yg46awozkz264p7ej6ecdi": "7",
        "rxlgcwyszod9437wy1b9h33di": "7",
        "vigf2irhxuyjc143g0bo11yvi": "7",
        "vj10t7vk3baauq57t3q3hm2t9": "7",
        "vjapqn3tdd914agpfn4tjra4i": "7",
        "xf3wsz3fu0qglfcmyemdq85mi": "7",
        "z84kxkcg8o30vmca71kinewmi": "7"
      },
      "Team Growth 2 | Acceptance: CDA Tool Test: The sixth industry sector is highlighted when clicked on in the Sample Attributes": {
        "0pomsnlnp8dqseiyqbyugzaor": "7",
        "23oybqxov3zd1jt79no2lhxgvi": "7",
        "3j9y9nh47kt5wh9oax4huayvi": "7",
        "5l1l5ptouf32gloi3xlqziwwmi": "7",
        "654u0ahlr334w8dn5y1svsfw29": "7",
        "7tyuqe1k1o5nbe3xtp0c7919k9": "7",
        "7zh8mgesvsbj29q5qjd3oko6r": "7",
        "9mswtjrkjfpjyi7v7lksp2e29": "7",
        "bpp66c40dvr8tvp487c2wewmi": "7",
        "cxsy6mnvzkljrt4pzcgtlnmi": "7",
        "dcd7neidfjyjcd9lfm4ovquxr": "7",
        "epzmjd3y3lbhl3k1kd4sfw29": "7",
        "gb7hrmpsag7yigh8hjs8aor": "7",
        "klsh08xwy25co71omtfhia4i": "7",
        "kxeatjy8pv72q01d2zqv3g14i": "7",
        "ltyahh52ri7z5k01ap3gi7ldi": "7",
        "m4mzkny7m9fir8127mnlgzaor": "7",
        "mjyktigxpyh4p0l34x92akyb9": "7",
        "mw8j937k4mm35ddo2gvcayvi": "7",
        "ohrzcohwqcfibgpi1j4mzehfr": "7",
        "rr2yg46awozkz264p7ej6ecdi": "7",
        "rxlgcwyszod9437wy1b9h33di": "7",
        "vigf2irhxuyjc143g0bo11yvi": "7",
        "vj10t7vk3baauq57t3q3hm2t9": "7",
        "vjapqn3tdd914agpfn4tjra4i": "7",
        "xf3wsz3fu0qglfcmyemdq85mi": "7",
        "z84kxkcg8o30vmca71kinewmi": "7"
      },
      "Team Growth 2 | Acceptance: CDA Tool Test: The fifth platform is selected when clicked on": {
        "0pomsnlnp8dqseiyqbyugzaor": "7",
        "23oybqxov3zd1jt79no2lhxgvi": "7",
        "3j9y9nh47kt5wh9oax4huayvi": "7",
        "5l1l5ptouf32gloi3xlqziwwmi": "7",
        "654u0ahlr334w8dn5y1svsfw29": "7",
        "7tyuqe1k1o5nbe3xtp0c7919k9": "7",
        "7zh8mgesvsbj29q5qjd3oko6r": "7",
        "9mswtjrkjfpjyi7v7lksp2e29": "7",
        "bpp66c40dvr8tvp487c2wewmi": "7",
        "cxsy6mnvzkljrt4pzcgtlnmi": "7",
        "dcd7neidfjyjcd9lfm4ovquxr": "7",
        "epzmjd3y3lbhl3k1kd4sfw29": "7",
        "gb7hrmpsag7yigh8hjs8aor": "7",
        "klsh08xwy25co71omtfhia4i": "7",
        "kxeatjy8pv72q01d2zqv3g14i": "7",
        "ltyahh52ri7z5k01ap3gi7ldi": "7",
        "m4mzkny7m9fir8127mnlgzaor": "7",
        "mjyktigxpyh4p0l34x92akyb9": "7",
        "mw8j937k4mm35ddo2gvcayvi": "7",
        "ohrzcohwqcfibgpi1j4mzehfr": "7",
        "rr2yg46awozkz264p7ej6ecdi": "7",
        "rxlgcwyszod9437wy1b9h33di": "7",
        "vigf2irhxuyjc143g0bo11yvi": "7",
        "vj10t7vk3baauq57t3q3hm2t9": "7",
        "vjapqn3tdd914agpfn4tjra4i": "7",
        "xf3wsz3fu0qglfcmyemdq85mi": "7",
        "z84kxkcg8o30vmca71kinewmi": "7"
      },
      "Team Growth 2 | Acceptance: CDA Tool Test: The fourth platform is selected when clicked on": {
        "0pomsnlnp8dqseiyqbyugzaor": "7",
        "23oybqxov3zd1jt79no2lhxgvi": "7",
        "3j9y9nh47kt5wh9oax4huayvi": "7",
        "5l1l5ptouf32gloi3xlqziwwmi": "7",
        "654u0ahlr334w8dn5y1svsfw29": "7",
        "7tyuqe1k1o5nbe3xtp0c7919k9": "7",
        "7zh8mgesvsbj29q5qjd3oko6r": "7",
        "9mswtjrkjfpjyi7v7lksp2e29": "7",
        "bpp66c40dvr8tvp487c2wewmi": "7",
        "cxsy6mnvzkljrt4pzcgtlnmi": "7",
        "dcd7neidfjyjcd9lfm4ovquxr": "7",
        "epzmjd3y3lbhl3k1kd4sfw29": "7",
        "gb7hrmpsag7yigh8hjs8aor": "7",
        "klsh08xwy25co71omtfhia4i": "7",
        "kxeatjy8pv72q01d2zqv3g14i": "7",
        "ltyahh52ri7z5k01ap3gi7ldi": "7",
        "m4mzkny7m9fir8127mnlgzaor": "7",
        "mjyktigxpyh4p0l34x92akyb9": "7",
        "mw8j937k4mm35ddo2gvcayvi": "7",
        "ohrzcohwqcfibgpi1j4mzehfr": "7",
        "rr2yg46awozkz264p7ej6ecdi": "7",
        "rxlgcwyszod9437wy1b9h33di": "7",
        "vigf2irhxuyjc143g0bo11yvi": "7",
        "vj10t7vk3baauq57t3q3hm2t9": "7",
        "vjapqn3tdd914agpfn4tjra4i": "7",
        "xf3wsz3fu0qglfcmyemdq85mi": "7",
        "z84kxkcg8o30vmca71kinewmi": "7"
      },
      "Team Growth 2 | Acceptance: CDA Tool Test: \"Your List\" counter does not increment when adding only a CDA description": {
        "0pomsnlnp8dqseiyqbyugzaor": "7",
        "23oybqxov3zd1jt79no2lhxgvi": "7",
        "3j9y9nh47kt5wh9oax4huayvi": "7",
        "5l1l5ptouf32gloi3xlqziwwmi": "7",
        "654u0ahlr334w8dn5y1svsfw29": "7",
        "7tyuqe1k1o5nbe3xtp0c7919k9": "7",
        "7zh8mgesvsbj29q5qjd3oko6r": "7",
        "9mswtjrkjfpjyi7v7lksp2e29": "7",
        "bpp66c40dvr8tvp487c2wewmi": "7",
        "cxsy6mnvzkljrt4pzcgtlnmi": "7",
        "dcd7neidfjyjcd9lfm4ovquxr": "7",
        "epzmjd3y3lbhl3k1kd4sfw29": "7",
        "gb7hrmpsag7yigh8hjs8aor": "7",
        "klsh08xwy25co71omtfhia4i": "7",
        "kxeatjy8pv72q01d2zqv3g14i": "7",
        "ltyahh52ri7z5k01ap3gi7ldi": "7",
        "m4mzkny7m9fir8127mnlgzaor": "7",
        "mjyktigxpyh4p0l34x92akyb9": "7",
        "mw8j937k4mm35ddo2gvcayvi": "7",
        "ohrzcohwqcfibgpi1j4mzehfr": "7",
        "rr2yg46awozkz264p7ej6ecdi": "7",
        "rxlgcwyszod9437wy1b9h33di": "7",
        "vigf2irhxuyjc143g0bo11yvi": "7",
        "vj10t7vk3baauq57t3q3hm2t9": "7",
        "vjapqn3tdd914agpfn4tjra4i": "7",
        "xf3wsz3fu0qglfcmyemdq85mi": "7",
        "z84kxkcg8o30vmca71kinewmi": "7"
      },
      "Team Growth 2 | Acceptance: CDA Tool Test: Go to the generate page": {
        "0pomsnlnp8dqseiyqbyugzaor": "7",
        "23oybqxov3zd1jt79no2lhxgvi": "7",
        "3j9y9nh47kt5wh9oax4huayvi": "7",
        "5l1l5ptouf32gloi3xlqziwwmi": "7",
        "654u0ahlr334w8dn5y1svsfw29": "7",
        "7tyuqe1k1o5nbe3xtp0c7919k9": "7",
        "7zh8mgesvsbj29q5qjd3oko6r": "7",
        "9mswtjrkjfpjyi7v7lksp2e29": "7",
        "bpp66c40dvr8tvp487c2wewmi": "7",
        "cxsy6mnvzkljrt4pzcgtlnmi": "7",
        "dcd7neidfjyjcd9lfm4ovquxr": "7",
        "epzmjd3y3lbhl3k1kd4sfw29": "7",
        "gb7hrmpsag7yigh8hjs8aor": "7",
        "klsh08xwy25co71omtfhia4i": "7",
        "kxeatjy8pv72q01d2zqv3g14i": "7",
        "ltyahh52ri7z5k01ap3gi7ldi": "7",
        "m4mzkny7m9fir8127mnlgzaor": "7",
        "mjyktigxpyh4p0l34x92akyb9": "7",
        "mw8j937k4mm35ddo2gvcayvi": "7",
        "ohrzcohwqcfibgpi1j4mzehfr": "7",
        "rr2yg46awozkz264p7ej6ecdi": "7",
        "rxlgcwyszod9437wy1b9h33di": "7",
        "vigf2irhxuyjc143g0bo11yvi": "7",
        "vj10t7vk3baauq57t3q3hm2t9": "7",
        "vjapqn3tdd914agpfn4tjra4i": "7",
        "xf3wsz3fu0qglfcmyemdq85mi": "7",
        "z84kxkcg8o30vmca71kinewmi": "7"
      },
      "Team Growth 1 | Unit: Controller – Apps / App / Insights / Support: hasBasic works": {
        "ohrzcohwqcfibgpi1j4mzehfr": "77"
      }
    }
  },
  "general": {
    "failingTests": [
      "General | Acceptance | Messaging Settings: Messaging settings load correctly",
      "General | Integration: Account - Conversation Preferences: Admins can change their conversation assignment settings successfully",
      "General | Integration: Changes Pages: Loading the Changes page",
      "General | Integration: Component - App Switcher: it should show the add a new app button",
      "General | Integration: Component - App Switcher: it should show the list of available apps",
      "General | Integration: Settings - Company Segments: displays segment name",
      "General | Integration: Settings - Company Segments: does not allow deletions of segments with dependent objects",
      "General | Integration: Settings - Email Template Editor: Deleting the template shows a warning and then removes the template from the list",
      "General | Integration: Settings - Email Template Editor: Making changes and navigating away discards the changes after modal confirmation",
      "General | Integration: Settings - Email Templates: Check default template is correctly persisted on change and save",
      "General | Integration: Settings - Email Templates: Custom templates should be listed with previews and be clickable to edit",
      "General | Integration: Settings - General App: Company features are enabled and disabled on save of form",
      "General | Integration: Settings - General App: If user cancels an app deletion, the app is not deleted",
      "General | Integration: Settings - General App: If user has two apps, deleting an app brings them to another app via a hard URL change",
      "General | Integration: Settings - General App: Test app ID is not shown on toggle if a test app is not present",
      "General | Integration: Settings - General App: Test app ID is shown on toggle if a test app is present",
      "General | Integration: Settings - People Segments: displays segment name",
      "General | Integration: Settings - People Segments: does not allow deletions of segments with dependent objects",
      "General | Integration: Settings - Tags: Shows message counts",
      "General | Integration: Settings - Tags: does not allow deletions of tags with dependent objects",
      "General | Library: User Agent Detector: Edge Detection",
      "General | Unit: Component - Admin About: editableJobTitle should be set to model.jobTitle only if it is empty",
      "General | Unit: Component - Admin About: model should be clean when editable attributes are restored",
      "General | Unit: Component - Admin About: model should be dirty when editable attributes are changed",
      "General | Unit: Component - Admin About: only editable attributes should be changed and original attributes should remain intact",
      "General | Unit: Component - Admin Avatar Upload: Upload and save avatar successfully",
      "General | Unit: Component – Color Edit Component: #changeColor should not set the last used color to the inputs' color if the color is invalid",
      "General | Unit: Component – Color Edit Component: #changeColor should set the last used color to the inputs' color if the color is valid",
      "General | Unit: Component – Color Edit Component: #invalidColor should return false for #aaa",
      "General | Unit: Component – Color Edit Component: #invalidColor should return true for aaaaaa",
      "General | Unit: Component – Color Edit Component: if input has invalid color, on input focus out it should be replaced with last used color",
      "General | Unit: Model - Intercom Model: #_set does not mark the object as dirty",
      "General | Unit: Model - Intercom Model: #_setAndNotifyChange notifies that the property changed when the value hasn't",
      "General | Unit: Model - Intercom Model: #copyDataFrom copies data from source object to destination object",
      "General | Unit: Predicate Manager Component Mixin: loadIntoNestedGroup does not nest anonymous predicate when isAnonymousPredicateRestrictedToAndJoin is true",
      "General | Unit: Predicate Manager Component Mixin: loadIntoNestedGroup does not nest role predicate when isAnonymousPredicateRestrictedToAndJoin is true",
      "General | Unit: Predicate Manager Component Mixin: loadIntoNestedGroup nests AND predicates correctly"
    ],
    "testMeta": {
      "General | Integration: Settings - Company Segments: displays segment name": {
        "0pomsnlnp8dqseiyqbyugzaor": "8",
        "5l1l5ptouf32gloi3xlqziwwmi": "8",
        "654u0ahlr334w8dn5y1svsfw29": "8",
        "dcd7neidfjyjcd9lfm4ovquxr": "8",
        "epzmjd3y3lbhl3k1kd4sfw29": "8",
        "gb7hrmpsag7yigh8hjs8aor": "8",
        "m4mzkny7m9fir8127mnlgzaor": "8",
        "mjyktigxpyh4p0l34x92akyb9": "8",
        "mw8j937k4mm35ddo2gvcayvi": "8",
        "ohrzcohwqcfibgpi1j4mzehfr": "8",
        "rxlgcwyszod9437wy1b9h33di": "8",
        "vjapqn3tdd914agpfn4tjra4i": "8",
        "xf3wsz3fu0qglfcmyemdq85mi": "8",
        "z84kxkcg8o30vmca71kinewmi": "8"
      },
      "General | Integration: Settings - Company Segments: does not allow deletions of segments with dependent objects": {
        "0pomsnlnp8dqseiyqbyugzaor": "8",
        "23oybqxov3zd1jt79no2lhxgvi": "8",
        "3j9y9nh47kt5wh9oax4huayvi": "8",
        "654u0ahlr334w8dn5y1svsfw29": "8",
        "7tyuqe1k1o5nbe3xtp0c7919k9": "8",
        "9mswtjrkjfpjyi7v7lksp2e29": "8",
        "epzmjd3y3lbhl3k1kd4sfw29": "8",
        "gb7hrmpsag7yigh8hjs8aor": "8",
        "ltyahh52ri7z5k01ap3gi7ldi": "8",
        "mw8j937k4mm35ddo2gvcayvi": "8",
        "rr2yg46awozkz264p7ej6ecdi": "8",
        "rxlgcwyszod9437wy1b9h33di": "8",
        "vj10t7vk3baauq57t3q3hm2t9": "8",
        "vjapqn3tdd914agpfn4tjra4i": "8",
        "xf3wsz3fu0qglfcmyemdq85mi": "8"
      },
      "General | Integration: Settings - Email Template Editor: Making changes and navigating away discards the changes after modal confirmation": {
        "0pomsnlnp8dqseiyqbyugzaor": "10",
        "23oybqxov3zd1jt79no2lhxgvi": "10",
        "3j9y9nh47kt5wh9oax4huayvi": "10",
        "5l1l5ptouf32gloi3xlqziwwmi": "10",
        "654u0ahlr334w8dn5y1svsfw29": "10",
        "7tyuqe1k1o5nbe3xtp0c7919k9": "10",
        "7zh8mgesvsbj29q5qjd3oko6r": "10",
        "9mswtjrkjfpjyi7v7lksp2e29": "10",
        "bpp66c40dvr8tvp487c2wewmi": "10",
        "cxsy6mnvzkljrt4pzcgtlnmi": "10",
        "dcd7neidfjyjcd9lfm4ovquxr": "10",
        "epzmjd3y3lbhl3k1kd4sfw29": "10",
        "gb7hrmpsag7yigh8hjs8aor": "10",
        "klsh08xwy25co71omtfhia4i": "10",
        "kxeatjy8pv72q01d2zqv3g14i": "10",
        "ltyahh52ri7z5k01ap3gi7ldi": "10",
        "m4mzkny7m9fir8127mnlgzaor": "10",
        "mjyktigxpyh4p0l34x92akyb9": "10",
        "mw8j937k4mm35ddo2gvcayvi": "10",
        "ohrzcohwqcfibgpi1j4mzehfr": "10",
        "rr2yg46awozkz264p7ej6ecdi": "10",
        "rxlgcwyszod9437wy1b9h33di": "10",
        "vigf2irhxuyjc143g0bo11yvi": "10",
        "vj10t7vk3baauq57t3q3hm2t9": "10",
        "vjapqn3tdd914agpfn4tjra4i": "10",
        "xf3wsz3fu0qglfcmyemdq85mi": "10",
        "z84kxkcg8o30vmca71kinewmi": "10"
      },
      "General | Integration: Settings - Email Template Editor: Deleting the template shows a warning and then removes the template from the list": {
        "0pomsnlnp8dqseiyqbyugzaor": "10",
        "23oybqxov3zd1jt79no2lhxgvi": "10",
        "3j9y9nh47kt5wh9oax4huayvi": "10",
        "5l1l5ptouf32gloi3xlqziwwmi": "10",
        "654u0ahlr334w8dn5y1svsfw29": "10",
        "7tyuqe1k1o5nbe3xtp0c7919k9": "10",
        "7zh8mgesvsbj29q5qjd3oko6r": "10",
        "9mswtjrkjfpjyi7v7lksp2e29": "10",
        "bpp66c40dvr8tvp487c2wewmi": "10",
        "cxsy6mnvzkljrt4pzcgtlnmi": "10",
        "dcd7neidfjyjcd9lfm4ovquxr": "10",
        "epzmjd3y3lbhl3k1kd4sfw29": "10",
        "gb7hrmpsag7yigh8hjs8aor": "10",
        "klsh08xwy25co71omtfhia4i": "10",
        "kxeatjy8pv72q01d2zqv3g14i": "10",
        "ltyahh52ri7z5k01ap3gi7ldi": "10",
        "m4mzkny7m9fir8127mnlgzaor": "10",
        "mjyktigxpyh4p0l34x92akyb9": "10",
        "mw8j937k4mm35ddo2gvcayvi": "10",
        "ohrzcohwqcfibgpi1j4mzehfr": "10",
        "rr2yg46awozkz264p7ej6ecdi": "10",
        "rxlgcwyszod9437wy1b9h33di": "10",
        "vigf2irhxuyjc143g0bo11yvi": "10",
        "vj10t7vk3baauq57t3q3hm2t9": "10",
        "vjapqn3tdd914agpfn4tjra4i": "10",
        "xf3wsz3fu0qglfcmyemdq85mi": "10",
        "z84kxkcg8o30vmca71kinewmi": "10"
      },
      "General | Integration: Settings - Email Templates: Custom templates should be listed with previews and be clickable to edit": {
        "0pomsnlnp8dqseiyqbyugzaor": "11",
        "23oybqxov3zd1jt79no2lhxgvi": "11",
        "3j9y9nh47kt5wh9oax4huayvi": "11",
        "5l1l5ptouf32gloi3xlqziwwmi": "11",
        "654u0ahlr334w8dn5y1svsfw29": "11",
        "7tyuqe1k1o5nbe3xtp0c7919k9": "11",
        "7zh8mgesvsbj29q5qjd3oko6r": "11",
        "9mswtjrkjfpjyi7v7lksp2e29": "11",
        "bpp66c40dvr8tvp487c2wewmi": "11",
        "cxsy6mnvzkljrt4pzcgtlnmi": "11",
        "dcd7neidfjyjcd9lfm4ovquxr": "11",
        "epzmjd3y3lbhl3k1kd4sfw29": "11",
        "gb7hrmpsag7yigh8hjs8aor": "11",
        "klsh08xwy25co71omtfhia4i": "11",
        "kxeatjy8pv72q01d2zqv3g14i": "11",
        "ltyahh52ri7z5k01ap3gi7ldi": "11",
        "m4mzkny7m9fir8127mnlgzaor": "11",
        "mjyktigxpyh4p0l34x92akyb9": "11",
        "mw8j937k4mm35ddo2gvcayvi": "11",
        "ohrzcohwqcfibgpi1j4mzehfr": "11",
        "rr2yg46awozkz264p7ej6ecdi": "11",
        "rxlgcwyszod9437wy1b9h33di": "11",
        "vigf2irhxuyjc143g0bo11yvi": "11",
        "vj10t7vk3baauq57t3q3hm2t9": "11",
        "vjapqn3tdd914agpfn4tjra4i": "11",
        "xf3wsz3fu0qglfcmyemdq85mi": "11",
        "z84kxkcg8o30vmca71kinewmi": "11"
      },
      "General | Integration: Settings - Email Templates: Check default template is correctly persisted on change and save": {
        "0pomsnlnp8dqseiyqbyugzaor": "11",
        "23oybqxov3zd1jt79no2lhxgvi": "11",
        "3j9y9nh47kt5wh9oax4huayvi": "11",
        "5l1l5ptouf32gloi3xlqziwwmi": "11",
        "654u0ahlr334w8dn5y1svsfw29": "11",
        "7tyuqe1k1o5nbe3xtp0c7919k9": "11",
        "7zh8mgesvsbj29q5qjd3oko6r": "11",
        "9mswtjrkjfpjyi7v7lksp2e29": "11",
        "bpp66c40dvr8tvp487c2wewmi": "11",
        "cxsy6mnvzkljrt4pzcgtlnmi": "11",
        "dcd7neidfjyjcd9lfm4ovquxr": "11",
        "epzmjd3y3lbhl3k1kd4sfw29": "11",
        "gb7hrmpsag7yigh8hjs8aor": "11",
        "klsh08xwy25co71omtfhia4i": "11",
        "kxeatjy8pv72q01d2zqv3g14i": "11",
        "ltyahh52ri7z5k01ap3gi7ldi": "11",
        "m4mzkny7m9fir8127mnlgzaor": "11",
        "mjyktigxpyh4p0l34x92akyb9": "11",
        "mw8j937k4mm35ddo2gvcayvi": "11",
        "ohrzcohwqcfibgpi1j4mzehfr": "11",
        "rr2yg46awozkz264p7ej6ecdi": "11",
        "rxlgcwyszod9437wy1b9h33di": "11",
        "vigf2irhxuyjc143g0bo11yvi": "11",
        "vj10t7vk3baauq57t3q3hm2t9": "11",
        "vjapqn3tdd914agpfn4tjra4i": "11",
        "xf3wsz3fu0qglfcmyemdq85mi": "11",
        "z84kxkcg8o30vmca71kinewmi": "11"
      },
      "General | Integration: Settings - General App: If user cancels an app deletion, the app is not deleted": {
        "0pomsnlnp8dqseiyqbyugzaor": "13",
        "9mswtjrkjfpjyi7v7lksp2e29": "13",
        "bpp66c40dvr8tvp487c2wewmi": "13",
        "epzmjd3y3lbhl3k1kd4sfw29": "13",
        "ohrzcohwqcfibgpi1j4mzehfr": "13",
        "rr2yg46awozkz264p7ej6ecdi": "13",
        "vigf2irhxuyjc143g0bo11yvi": "13",
        "vjapqn3tdd914agpfn4tjra4i": "13",
        "z84kxkcg8o30vmca71kinewmi": "13"
      },
      "General | Integration: Settings - General App: Company features are enabled and disabled on save of form": {
        "0pomsnlnp8dqseiyqbyugzaor": "13",
        "3j9y9nh47kt5wh9oax4huayvi": "13",
        "7zh8mgesvsbj29q5qjd3oko6r": "13",
        "9mswtjrkjfpjyi7v7lksp2e29": "13",
        "bpp66c40dvr8tvp487c2wewmi": "13",
        "epzmjd3y3lbhl3k1kd4sfw29": "13",
        "gb7hrmpsag7yigh8hjs8aor": "13",
        "mjyktigxpyh4p0l34x92akyb9": "13",
        "mw8j937k4mm35ddo2gvcayvi": "13",
        "ohrzcohwqcfibgpi1j4mzehfr": "13",
        "rr2yg46awozkz264p7ej6ecdi": "13",
        "rxlgcwyszod9437wy1b9h33di": "13",
        "vigf2irhxuyjc143g0bo11yvi": "13",
        "vjapqn3tdd914agpfn4tjra4i": "13",
        "xf3wsz3fu0qglfcmyemdq85mi": "13",
        "z84kxkcg8o30vmca71kinewmi": "13"
      },
      "General | Integration: Settings - General App: If user has two apps, deleting an app brings them to another app via a hard URL change": {
        "0pomsnlnp8dqseiyqbyugzaor": "13",
        "23oybqxov3zd1jt79no2lhxgvi": "13",
        "3j9y9nh47kt5wh9oax4huayvi": "13",
        "654u0ahlr334w8dn5y1svsfw29": "13",
        "7zh8mgesvsbj29q5qjd3oko6r": "13",
        "9mswtjrkjfpjyi7v7lksp2e29": "13",
        "bpp66c40dvr8tvp487c2wewmi": "13",
        "epzmjd3y3lbhl3k1kd4sfw29": "13",
        "gb7hrmpsag7yigh8hjs8aor": "13",
        "ltyahh52ri7z5k01ap3gi7ldi": "13",
        "m4mzkny7m9fir8127mnlgzaor": "13",
        "mw8j937k4mm35ddo2gvcayvi": "13",
        "ohrzcohwqcfibgpi1j4mzehfr": "13",
        "rr2yg46awozkz264p7ej6ecdi": "13",
        "rxlgcwyszod9437wy1b9h33di": "13",
        "vigf2irhxuyjc143g0bo11yvi": "13",
        "vjapqn3tdd914agpfn4tjra4i": "13",
        "xf3wsz3fu0qglfcmyemdq85mi": "13",
        "z84kxkcg8o30vmca71kinewmi": "13"
      },
      "General | Integration: Settings - General App: Test app ID is shown on toggle if a test app is present": {
        "0pomsnlnp8dqseiyqbyugzaor": "13",
        "23oybqxov3zd1jt79no2lhxgvi": "13",
        "3j9y9nh47kt5wh9oax4huayvi": "13",
        "9mswtjrkjfpjyi7v7lksp2e29": "13",
        "bpp66c40dvr8tvp487c2wewmi": "13",
        "cxsy6mnvzkljrt4pzcgtlnmi": "13",
        "epzmjd3y3lbhl3k1kd4sfw29": "13",
        "gb7hrmpsag7yigh8hjs8aor": "13",
        "kxeatjy8pv72q01d2zqv3g14i": "13",
        "m4mzkny7m9fir8127mnlgzaor": "13",
        "mw8j937k4mm35ddo2gvcayvi": "13",
        "ohrzcohwqcfibgpi1j4mzehfr": "13",
        "rr2yg46awozkz264p7ej6ecdi": "13",
        "rxlgcwyszod9437wy1b9h33di": "13",
        "vigf2irhxuyjc143g0bo11yvi": "13",
        "vj10t7vk3baauq57t3q3hm2t9": "13",
        "vjapqn3tdd914agpfn4tjra4i": "13",
        "xf3wsz3fu0qglfcmyemdq85mi": "13",
        "z84kxkcg8o30vmca71kinewmi": "13"
      },
      "General | Integration: Settings - General App: Test app ID is not shown on toggle if a test app is not present": {
        "0pomsnlnp8dqseiyqbyugzaor": "13",
        "23oybqxov3zd1jt79no2lhxgvi": "13",
        "3j9y9nh47kt5wh9oax4huayvi": "13",
        "7zh8mgesvsbj29q5qjd3oko6r": "13",
        "9mswtjrkjfpjyi7v7lksp2e29": "13",
        "bpp66c40dvr8tvp487c2wewmi": "13",
        "cxsy6mnvzkljrt4pzcgtlnmi": "13",
        "gb7hrmpsag7yigh8hjs8aor": "13",
        "kxeatjy8pv72q01d2zqv3g14i": "13",
        "ltyahh52ri7z5k01ap3gi7ldi": "13",
        "mjyktigxpyh4p0l34x92akyb9": "13",
        "mw8j937k4mm35ddo2gvcayvi": "13",
        "ohrzcohwqcfibgpi1j4mzehfr": "13",
        "rr2yg46awozkz264p7ej6ecdi": "13",
        "rxlgcwyszod9437wy1b9h33di": "13",
        "vjapqn3tdd914agpfn4tjra4i": "13",
        "z84kxkcg8o30vmca71kinewmi": "13"
      },
      "General | Integration: Settings - People Segments: does not allow deletions of segments with dependent objects": {
        "0pomsnlnp8dqseiyqbyugzaor": "14",
        "23oybqxov3zd1jt79no2lhxgvi": "14",
        "3j9y9nh47kt5wh9oax4huayvi": "14",
        "5l1l5ptouf32gloi3xlqziwwmi": "14",
        "7tyuqe1k1o5nbe3xtp0c7919k9": "14",
        "9mswtjrkjfpjyi7v7lksp2e29": "14",
        "cxsy6mnvzkljrt4pzcgtlnmi": "14",
        "dcd7neidfjyjcd9lfm4ovquxr": "14",
        "epzmjd3y3lbhl3k1kd4sfw29": "14",
        "klsh08xwy25co71omtfhia4i": "14",
        "ltyahh52ri7z5k01ap3gi7ldi": "14",
        "m4mzkny7m9fir8127mnlgzaor": "14",
        "mjyktigxpyh4p0l34x92akyb9": "14",
        "ohrzcohwqcfibgpi1j4mzehfr": "14",
        "rxlgcwyszod9437wy1b9h33di": "14",
        "vj10t7vk3baauq57t3q3hm2t9": "14",
        "xf3wsz3fu0qglfcmyemdq85mi": "14",
        "z84kxkcg8o30vmca71kinewmi": "14"
      },
      "General | Integration: Settings - People Segments: displays segment name": {
        "0pomsnlnp8dqseiyqbyugzaor": "14",
        "23oybqxov3zd1jt79no2lhxgvi": "14",
        "3j9y9nh47kt5wh9oax4huayvi": "14",
        "5l1l5ptouf32gloi3xlqziwwmi": "14",
        "7tyuqe1k1o5nbe3xtp0c7919k9": "14",
        "cxsy6mnvzkljrt4pzcgtlnmi": "14",
        "dcd7neidfjyjcd9lfm4ovquxr": "14",
        "epzmjd3y3lbhl3k1kd4sfw29": "14",
        "gb7hrmpsag7yigh8hjs8aor": "14",
        "klsh08xwy25co71omtfhia4i": "14",
        "ltyahh52ri7z5k01ap3gi7ldi": "14",
        "mjyktigxpyh4p0l34x92akyb9": "14",
        "ohrzcohwqcfibgpi1j4mzehfr": "14",
        "rr2yg46awozkz264p7ej6ecdi": "14",
        "rxlgcwyszod9437wy1b9h33di": "14",
        "vj10t7vk3baauq57t3q3hm2t9": "14",
        "vjapqn3tdd914agpfn4tjra4i": "14",
        "xf3wsz3fu0qglfcmyemdq85mi": "14",
        "z84kxkcg8o30vmca71kinewmi": "14"
      },
      "General | Integration: Settings - Tags: does not allow deletions of tags with dependent objects": {
        "0pomsnlnp8dqseiyqbyugzaor": "15",
        "23oybqxov3zd1jt79no2lhxgvi": "15",
        "3j9y9nh47kt5wh9oax4huayvi": "15",
        "9mswtjrkjfpjyi7v7lksp2e29": "15",
        "bpp66c40dvr8tvp487c2wewmi": "15",
        "cxsy6mnvzkljrt4pzcgtlnmi": "15",
        "ltyahh52ri7z5k01ap3gi7ldi": "15",
        "mjyktigxpyh4p0l34x92akyb9": "15",
        "ohrzcohwqcfibgpi1j4mzehfr": "15",
        "rr2yg46awozkz264p7ej6ecdi": "15",
        "vjapqn3tdd914agpfn4tjra4i": "15"
      },
      "General | Unit: Predicate Manager Component Mixin: loadIntoNestedGroup does not nest anonymous predicate when isAnonymousPredicateRestrictedToAndJoin is true": {
        "0pomsnlnp8dqseiyqbyugzaor": "18",
        "23oybqxov3zd1jt79no2lhxgvi": "18",
        "3j9y9nh47kt5wh9oax4huayvi": "18",
        "5l1l5ptouf32gloi3xlqziwwmi": "18",
        "7tyuqe1k1o5nbe3xtp0c7919k9": "18",
        "7zh8mgesvsbj29q5qjd3oko6r": "18",
        "bpp66c40dvr8tvp487c2wewmi": "18",
        "cxsy6mnvzkljrt4pzcgtlnmi": "18",
        "gb7hrmpsag7yigh8hjs8aor": "18",
        "kxeatjy8pv72q01d2zqv3g14i": "18",
        "ltyahh52ri7z5k01ap3gi7ldi": "18",
        "mjyktigxpyh4p0l34x92akyb9": "18",
        "mw8j937k4mm35ddo2gvcayvi": "18",
        "rxlgcwyszod9437wy1b9h33di": "18",
        "vj10t7vk3baauq57t3q3hm2t9": "18",
        "vjapqn3tdd914agpfn4tjra4i": "18",
        "xf3wsz3fu0qglfcmyemdq85mi": "18"
      },
      "General | Unit: Predicate Manager Component Mixin: loadIntoNestedGroup nests AND predicates correctly": {
        "0pomsnlnp8dqseiyqbyugzaor": "18",
        "23oybqxov3zd1jt79no2lhxgvi": "18",
        "3j9y9nh47kt5wh9oax4huayvi": "18",
        "5l1l5ptouf32gloi3xlqziwwmi": "18",
        "7tyuqe1k1o5nbe3xtp0c7919k9": "18",
        "9mswtjrkjfpjyi7v7lksp2e29": "18",
        "bpp66c40dvr8tvp487c2wewmi": "18",
        "cxsy6mnvzkljrt4pzcgtlnmi": "18",
        "klsh08xwy25co71omtfhia4i": "18",
        "mjyktigxpyh4p0l34x92akyb9": "18",
        "ohrzcohwqcfibgpi1j4mzehfr": "18",
        "vj10t7vk3baauq57t3q3hm2t9": "18",
        "xf3wsz3fu0qglfcmyemdq85mi": "18"
      },
      "General | Unit: Predicate Manager Component Mixin: loadIntoNestedGroup does not nest role predicate when isAnonymousPredicateRestrictedToAndJoin is true": {
        "0pomsnlnp8dqseiyqbyugzaor": "18",
        "23oybqxov3zd1jt79no2lhxgvi": "18",
        "3j9y9nh47kt5wh9oax4huayvi": "18",
        "5l1l5ptouf32gloi3xlqziwwmi": "18",
        "7zh8mgesvsbj29q5qjd3oko6r": "18",
        "9mswtjrkjfpjyi7v7lksp2e29": "18",
        "bpp66c40dvr8tvp487c2wewmi": "18",
        "cxsy6mnvzkljrt4pzcgtlnmi": "18",
        "gb7hrmpsag7yigh8hjs8aor": "18",
        "klsh08xwy25co71omtfhia4i": "18",
        "kxeatjy8pv72q01d2zqv3g14i": "18",
        "ltyahh52ri7z5k01ap3gi7ldi": "18",
        "m4mzkny7m9fir8127mnlgzaor": "18",
        "mjyktigxpyh4p0l34x92akyb9": "18",
        "mw8j937k4mm35ddo2gvcayvi": "18",
        "ohrzcohwqcfibgpi1j4mzehfr": "18",
        "rxlgcwyszod9437wy1b9h33di": "18",
        "vj10t7vk3baauq57t3q3hm2t9": "18",
        "vjapqn3tdd914agpfn4tjra4i": "18",
        "z84kxkcg8o30vmca71kinewmi": "18"
      },
      "General | Acceptance | Messaging Settings: Messaging settings load correctly": {
        "0pomsnlnp8dqseiyqbyugzaor": "34",
        "23oybqxov3zd1jt79no2lhxgvi": "34",
        "3j9y9nh47kt5wh9oax4huayvi": "34",
        "5l1l5ptouf32gloi3xlqziwwmi": "34",
        "7tyuqe1k1o5nbe3xtp0c7919k9": "34",
        "7zh8mgesvsbj29q5qjd3oko6r": "34",
        "9mswtjrkjfpjyi7v7lksp2e29": "34",
        "bpp66c40dvr8tvp487c2wewmi": "34",
        "cxsy6mnvzkljrt4pzcgtlnmi": "34",
        "dcd7neidfjyjcd9lfm4ovquxr": "34",
        "epzmjd3y3lbhl3k1kd4sfw29": "34",
        "gb7hrmpsag7yigh8hjs8aor": "34",
        "klsh08xwy25co71omtfhia4i": "34",
        "kxeatjy8pv72q01d2zqv3g14i": "34",
        "ltyahh52ri7z5k01ap3gi7ldi": "34",
        "m4mzkny7m9fir8127mnlgzaor": "34",
        "mjyktigxpyh4p0l34x92akyb9": "34",
        "mw8j937k4mm35ddo2gvcayvi": "34",
        "ohrzcohwqcfibgpi1j4mzehfr": "34",
        "rr2yg46awozkz264p7ej6ecdi": "34",
        "rxlgcwyszod9437wy1b9h33di": "34",
        "vigf2irhxuyjc143g0bo11yvi": "34",
        "vj10t7vk3baauq57t3q3hm2t9": "34",
        "vjapqn3tdd914agpfn4tjra4i": "34",
        "xf3wsz3fu0qglfcmyemdq85mi": "34",
        "z84kxkcg8o30vmca71kinewmi": "34"
      },
      "General | Unit: Component - Admin About: only editable attributes should be changed and original attributes should remain intact": {
        "0pomsnlnp8dqseiyqbyugzaor": "41",
        "23oybqxov3zd1jt79no2lhxgvi": "41",
        "7zh8mgesvsbj29q5qjd3oko6r": "41",
        "bpp66c40dvr8tvp487c2wewmi": "41",
        "cxsy6mnvzkljrt4pzcgtlnmi": "41",
        "ltyahh52ri7z5k01ap3gi7ldi": "41",
        "ohrzcohwqcfibgpi1j4mzehfr": "41",
        "rr2yg46awozkz264p7ej6ecdi": "41",
        "vigf2irhxuyjc143g0bo11yvi": "41",
        "vj10t7vk3baauq57t3q3hm2t9": "41",
        "xf3wsz3fu0qglfcmyemdq85mi": "41",
        "z84kxkcg8o30vmca71kinewmi": "41"
      },
      "General | Unit: Component – Color Edit Component: #changeColor should not set the last used color to the inputs' color if the color is invalid": {
        "0pomsnlnp8dqseiyqbyugzaor": "43"
      },
      "General | Library: User Agent Detector: Edge Detection": {
        "0pomsnlnp8dqseiyqbyugzaor": "50",
        "7tyuqe1k1o5nbe3xtp0c7919k9": "50",
        "7zh8mgesvsbj29q5qjd3oko6r": "50",
        "cxsy6mnvzkljrt4pzcgtlnmi": "50",
        "epzmjd3y3lbhl3k1kd4sfw29": "50",
        "m4mzkny7m9fir8127mnlgzaor": "50",
        "ohrzcohwqcfibgpi1j4mzehfr": "50",
        "rr2yg46awozkz264p7ej6ecdi": "50"
      },
      "General | Unit: Component - Admin About: model should be clean when editable attributes are restored": {
        "23oybqxov3zd1jt79no2lhxgvi": "41",
        "5l1l5ptouf32gloi3xlqziwwmi": "41",
        "7tyuqe1k1o5nbe3xtp0c7919k9": "41",
        "cxsy6mnvzkljrt4pzcgtlnmi": "41",
        "kxeatjy8pv72q01d2zqv3g14i": "41",
        "ltyahh52ri7z5k01ap3gi7ldi": "41",
        "ohrzcohwqcfibgpi1j4mzehfr": "41",
        "z84kxkcg8o30vmca71kinewmi": "41"
      },
      "General | Unit: Component - Admin About: model should be dirty when editable attributes are changed": {
        "23oybqxov3zd1jt79no2lhxgvi": "41",
        "3j9y9nh47kt5wh9oax4huayvi": "41",
        "5l1l5ptouf32gloi3xlqziwwmi": "41",
        "7tyuqe1k1o5nbe3xtp0c7919k9": "41",
        "7zh8mgesvsbj29q5qjd3oko6r": "41",
        "gb7hrmpsag7yigh8hjs8aor": "41",
        "klsh08xwy25co71omtfhia4i": "41",
        "ltyahh52ri7z5k01ap3gi7ldi": "41",
        "rr2yg46awozkz264p7ej6ecdi": "41",
        "z84kxkcg8o30vmca71kinewmi": "41"
      },
      "General | Unit: Component - Admin About: editableJobTitle should be set to model.jobTitle only if it is empty": {
        "23oybqxov3zd1jt79no2lhxgvi": "41",
        "3j9y9nh47kt5wh9oax4huayvi": "41",
        "7tyuqe1k1o5nbe3xtp0c7919k9": "41",
        "cxsy6mnvzkljrt4pzcgtlnmi": "41",
        "dcd7neidfjyjcd9lfm4ovquxr": "41",
        "gb7hrmpsag7yigh8hjs8aor": "41",
        "rr2yg46awozkz264p7ej6ecdi": "41",
        "xf3wsz3fu0qglfcmyemdq85mi": "41"
      },
      "General | Integration: Component - App Switcher: it should show the add a new app button": {
        "23oybqxov3zd1jt79no2lhxgvi": "53",
        "5l1l5ptouf32gloi3xlqziwwmi": "53",
        "dcd7neidfjyjcd9lfm4ovquxr": "53",
        "klsh08xwy25co71omtfhia4i": "53",
        "m4mzkny7m9fir8127mnlgzaor": "53",
        "mjyktigxpyh4p0l34x92akyb9": "53",
        "rr2yg46awozkz264p7ej6ecdi": "53",
        "rxlgcwyszod9437wy1b9h33di": "53",
        "vjapqn3tdd914agpfn4tjra4i": "53"
      },
      "General | Unit: Component – Color Edit Component: if input has invalid color, on input focus out it should be replaced with last used color": {
        "3j9y9nh47kt5wh9oax4huayvi": "43"
      },
      "General | Integration: Account - Conversation Preferences: Admins can change their conversation assignment settings successfully": {
        "3j9y9nh47kt5wh9oax4huayvi": "49",
        "7tyuqe1k1o5nbe3xtp0c7919k9": "49",
        "bpp66c40dvr8tvp487c2wewmi": "49",
        "cxsy6mnvzkljrt4pzcgtlnmi": "49",
        "epzmjd3y3lbhl3k1kd4sfw29": "49",
        "gb7hrmpsag7yigh8hjs8aor": "49",
        "vj10t7vk3baauq57t3q3hm2t9": "49",
        "vjapqn3tdd914agpfn4tjra4i": "49"
      },
      "General | Integration: Component - App Switcher: it should show the list of available apps": {
        "3j9y9nh47kt5wh9oax4huayvi": "53",
        "5l1l5ptouf32gloi3xlqziwwmi": "53",
        "bpp66c40dvr8tvp487c2wewmi": "53",
        "cxsy6mnvzkljrt4pzcgtlnmi": "53",
        "epzmjd3y3lbhl3k1kd4sfw29": "53",
        "rxlgcwyszod9437wy1b9h33di": "53",
        "vjapqn3tdd914agpfn4tjra4i": "53"
      },
      "General | Integration: Changes Pages: Loading the Changes page": {
        "3j9y9nh47kt5wh9oax4huayvi": "56",
        "5l1l5ptouf32gloi3xlqziwwmi": "56",
        "7tyuqe1k1o5nbe3xtp0c7919k9": "56",
        "bpp66c40dvr8tvp487c2wewmi": "56",
        "cxsy6mnvzkljrt4pzcgtlnmi": "56",
        "epzmjd3y3lbhl3k1kd4sfw29": "56",
        "gb7hrmpsag7yigh8hjs8aor": "56",
        "kxeatjy8pv72q01d2zqv3g14i": "56",
        "mw8j937k4mm35ddo2gvcayvi": "56",
        "vigf2irhxuyjc143g0bo11yvi": "56",
        "vj10t7vk3baauq57t3q3hm2t9": "56",
        "vjapqn3tdd914agpfn4tjra4i": "56",
        "z84kxkcg8o30vmca71kinewmi": "56"
      },
      "General | Unit: Component – Color Edit Component: #changeColor should set the last used color to the inputs' color if the color is valid": {
        "7tyuqe1k1o5nbe3xtp0c7919k9": "43",
        "vigf2irhxuyjc143g0bo11yvi": "43",
        "vj10t7vk3baauq57t3q3hm2t9": "43"
      },
      "General | Integration: Settings - Tags: Shows message counts": {
        "7zh8mgesvsbj29q5qjd3oko6r": "15",
        "bpp66c40dvr8tvp487c2wewmi": "15",
        "gb7hrmpsag7yigh8hjs8aor": "15",
        "ohrzcohwqcfibgpi1j4mzehfr": "15",
        "rr2yg46awozkz264p7ej6ecdi": "15",
        "vj10t7vk3baauq57t3q3hm2t9": "15",
        "z84kxkcg8o30vmca71kinewmi": "15"
      },
      "General | Unit: Model - Intercom Model: #_set does not mark the object as dirty": {
        "dcd7neidfjyjcd9lfm4ovquxr": "77",
        "mw8j937k4mm35ddo2gvcayvi": "77"
      },
      "General | Unit: Component – Color Edit Component: #invalidColor should return false for #aaa": {
        "kxeatjy8pv72q01d2zqv3g14i": "43"
      },
      "General | Unit: Model - Intercom Model: #_setAndNotifyChange notifies that the property changed when the value hasn't": {
        "kxeatjy8pv72q01d2zqv3g14i": "77"
      },
      "General | Unit: Component - Admin Avatar Upload: Upload and save avatar successfully": {
        "rr2yg46awozkz264p7ej6ecdi": "43"
      },
      "General | Unit: Model - Intercom Model: #copyDataFrom copies data from source object to destination object": {
        "vigf2irhxuyjc143g0bo11yvi": "77"
      },
      "General | Unit: Component – Color Edit Component: #invalidColor should return true for aaaaaa": {
        "xf3wsz3fu0qglfcmyemdq85mi": "43"
      }
    }
  },
  "observe": {
    "failingTests": [
      "Team Observe | Integration: Admin Profile: You can edit the admin intro",
      "Team Observe | Integration: Admin Profile: You can edit the admin job",
      "Team Observe | Integration: Admin Profile: You can edit the admin name",
      "Team Observe | Integration: Company List: The company list table should have a consistent number of columns",
      "Team Observe | Integration: Component - Segment Filter String Predicate: clicking multiple options should update the predicate comparison value and maintain the value",
      "Team Observe | Integration: Component - Segment Filter String Predicate: filling in the textbox should update the predicate value",
      "Team Observe | Integration: Component - Segment Filter String Predicate: selecting an option should reveal a textbox",
      "Team Observe | Integration: User List - List/Map View Selector: it should allow you to change back to the user list from the map",
      "Team Observe | Integration: User List - List/Map View Selector: it should allow you to change to the map",
      "Team Observe | Integration: User List - List/Map View Selector: it should change highlighting as appropriate",
      "Team Observe | Integration: User List - Selection: Pressing x on a highlighted user selects them",
      "Team Observe | Integration: User List - Selection: Selecting and deselecting a user changes the selected users counter",
      "Team Observe | Integration: User List - Selection: The user changes state when deselected",
      "Team Observe | Integration: User List - Selection: The user changes state when selected",
      "Team Observe | Integration: User List - Table Structure: The user list table should have a consistent number of columns",
      "Team Observe | Integration: User List - Table Structure: The user list table should have a consistent number of columns for ghost rows",
      "Team Observe | Integration: User Profile: Clicking add tag opens the modal",
      "Team Observe | Unit: Component Segment Search Component: the onDown functionality works as expected",
      "Team Observe | Unit: Component Segment Search Component: the onEnter functionality works as expected",
      "Team Observe | Unit: Component Segment Search Component: the onUp functionality works as expected",
      "model:selection-state - company selection state to user selection state: Converting company selection ids to user selection predicates",
      "model:selection-state - company selection state to user selection state: Converting company selection to user selection with a search term and deselected ids",
      "model:selection-state - company selection state to user selection state: Converting company selection to user selection with a select all and deselected ids",
      "segment-filter/tag-predicate-component | Integration | Component | Team Observe | Integration: Component - Segment Filter Tag Predicate: The \"All\" segment isnt displayed when isAudienceEditor=true",
      "segment-filter/tag-predicate-component | Integration | Component | Team Observe | Integration: Component - Segment Filter Tag Predicate: clicking \"is\" option shows a select",
      "segment-filter/tag-predicate-component | Integration | Component | Team Observe | Integration: Component - Segment Filter Tag Predicate: clicking \"is-not\" option shows a select"
    ],
    "testMeta": {
      "Team Observe | Integration: User Profile: Clicking add tag opens the modal": {
        "0pomsnlnp8dqseiyqbyugzaor": "24",
        "23oybqxov3zd1jt79no2lhxgvi": "24",
        "3j9y9nh47kt5wh9oax4huayvi": "24",
        "5l1l5ptouf32gloi3xlqziwwmi": "24",
        "7tyuqe1k1o5nbe3xtp0c7919k9": "24",
        "7zh8mgesvsbj29q5qjd3oko6r": "24",
        "9mswtjrkjfpjyi7v7lksp2e29": "24",
        "bpp66c40dvr8tvp487c2wewmi": "24",
        "cxsy6mnvzkljrt4pzcgtlnmi": "24",
        "dcd7neidfjyjcd9lfm4ovquxr": "24",
        "epzmjd3y3lbhl3k1kd4sfw29": "24",
        "gb7hrmpsag7yigh8hjs8aor": "24",
        "klsh08xwy25co71omtfhia4i": "24",
        "kxeatjy8pv72q01d2zqv3g14i": "24",
        "ltyahh52ri7z5k01ap3gi7ldi": "24",
        "m4mzkny7m9fir8127mnlgzaor": "24",
        "mjyktigxpyh4p0l34x92akyb9": "24",
        "mw8j937k4mm35ddo2gvcayvi": "24",
        "ohrzcohwqcfibgpi1j4mzehfr": "24",
        "rr2yg46awozkz264p7ej6ecdi": "24",
        "rxlgcwyszod9437wy1b9h33di": "24",
        "vigf2irhxuyjc143g0bo11yvi": "24",
        "vj10t7vk3baauq57t3q3hm2t9": "24",
        "vjapqn3tdd914agpfn4tjra4i": "24",
        "xf3wsz3fu0qglfcmyemdq85mi": "24",
        "z84kxkcg8o30vmca71kinewmi": "24"
      },
      "Team Observe | Integration: User List - Selection: Pressing x on a highlighted user selects them": {
        "0pomsnlnp8dqseiyqbyugzaor": "28",
        "23oybqxov3zd1jt79no2lhxgvi": "28",
        "3j9y9nh47kt5wh9oax4huayvi": "28",
        "5l1l5ptouf32gloi3xlqziwwmi": "28",
        "7tyuqe1k1o5nbe3xtp0c7919k9": "28",
        "7zh8mgesvsbj29q5qjd3oko6r": "28",
        "9mswtjrkjfpjyi7v7lksp2e29": "28",
        "bpp66c40dvr8tvp487c2wewmi": "28",
        "dcd7neidfjyjcd9lfm4ovquxr": "28",
        "epzmjd3y3lbhl3k1kd4sfw29": "28",
        "ltyahh52ri7z5k01ap3gi7ldi": "28",
        "mjyktigxpyh4p0l34x92akyb9": "28",
        "ohrzcohwqcfibgpi1j4mzehfr": "28",
        "vigf2irhxuyjc143g0bo11yvi": "28",
        "xf3wsz3fu0qglfcmyemdq85mi": "28"
      },
      "Team Observe | Integration: User List - Table Structure: The user list table should have a consistent number of columns": {
        "0pomsnlnp8dqseiyqbyugzaor": "29",
        "23oybqxov3zd1jt79no2lhxgvi": "29",
        "3j9y9nh47kt5wh9oax4huayvi": "29",
        "5l1l5ptouf32gloi3xlqziwwmi": "29",
        "7tyuqe1k1o5nbe3xtp0c7919k9": "29",
        "7zh8mgesvsbj29q5qjd3oko6r": "29",
        "9mswtjrkjfpjyi7v7lksp2e29": "29",
        "bpp66c40dvr8tvp487c2wewmi": "29",
        "cxsy6mnvzkljrt4pzcgtlnmi": "29",
        "dcd7neidfjyjcd9lfm4ovquxr": "29",
        "epzmjd3y3lbhl3k1kd4sfw29": "29",
        "gb7hrmpsag7yigh8hjs8aor": "29",
        "klsh08xwy25co71omtfhia4i": "29",
        "kxeatjy8pv72q01d2zqv3g14i": "29",
        "ltyahh52ri7z5k01ap3gi7ldi": "29",
        "m4mzkny7m9fir8127mnlgzaor": "29",
        "mjyktigxpyh4p0l34x92akyb9": "29",
        "mw8j937k4mm35ddo2gvcayvi": "29",
        "ohrzcohwqcfibgpi1j4mzehfr": "29",
        "rr2yg46awozkz264p7ej6ecdi": "29",
        "rxlgcwyszod9437wy1b9h33di": "29",
        "vigf2irhxuyjc143g0bo11yvi": "29",
        "vj10t7vk3baauq57t3q3hm2t9": "29",
        "vjapqn3tdd914agpfn4tjra4i": "29",
        "xf3wsz3fu0qglfcmyemdq85mi": "29",
        "z84kxkcg8o30vmca71kinewmi": "29"
      },
      "Team Observe | Integration: User List - Table Structure: The user list table should have a consistent number of columns for ghost rows": {
        "0pomsnlnp8dqseiyqbyugzaor": "29",
        "23oybqxov3zd1jt79no2lhxgvi": "29",
        "3j9y9nh47kt5wh9oax4huayvi": "29",
        "5l1l5ptouf32gloi3xlqziwwmi": "29",
        "7tyuqe1k1o5nbe3xtp0c7919k9": "29",
        "7zh8mgesvsbj29q5qjd3oko6r": "29",
        "9mswtjrkjfpjyi7v7lksp2e29": "29",
        "bpp66c40dvr8tvp487c2wewmi": "29",
        "cxsy6mnvzkljrt4pzcgtlnmi": "29",
        "dcd7neidfjyjcd9lfm4ovquxr": "29",
        "epzmjd3y3lbhl3k1kd4sfw29": "29",
        "gb7hrmpsag7yigh8hjs8aor": "29",
        "klsh08xwy25co71omtfhia4i": "29",
        "kxeatjy8pv72q01d2zqv3g14i": "29",
        "ltyahh52ri7z5k01ap3gi7ldi": "29",
        "m4mzkny7m9fir8127mnlgzaor": "29",
        "mjyktigxpyh4p0l34x92akyb9": "29",
        "mw8j937k4mm35ddo2gvcayvi": "29",
        "ohrzcohwqcfibgpi1j4mzehfr": "29",
        "rr2yg46awozkz264p7ej6ecdi": "29",
        "rxlgcwyszod9437wy1b9h33di": "29",
        "vigf2irhxuyjc143g0bo11yvi": "29",
        "vj10t7vk3baauq57t3q3hm2t9": "29",
        "vjapqn3tdd914agpfn4tjra4i": "29",
        "xf3wsz3fu0qglfcmyemdq85mi": "29",
        "z84kxkcg8o30vmca71kinewmi": "29"
      },
      "Team Observe | Integration: User List - List/Map View Selector: it should change highlighting as appropriate": {
        "0pomsnlnp8dqseiyqbyugzaor": "30",
        "23oybqxov3zd1jt79no2lhxgvi": "30",
        "3j9y9nh47kt5wh9oax4huayvi": "30",
        "5l1l5ptouf32gloi3xlqziwwmi": "30",
        "7tyuqe1k1o5nbe3xtp0c7919k9": "30",
        "7zh8mgesvsbj29q5qjd3oko6r": "30",
        "9mswtjrkjfpjyi7v7lksp2e29": "30",
        "bpp66c40dvr8tvp487c2wewmi": "30",
        "cxsy6mnvzkljrt4pzcgtlnmi": "30",
        "dcd7neidfjyjcd9lfm4ovquxr": "30",
        "epzmjd3y3lbhl3k1kd4sfw29": "30",
        "gb7hrmpsag7yigh8hjs8aor": "30",
        "klsh08xwy25co71omtfhia4i": "30",
        "kxeatjy8pv72q01d2zqv3g14i": "30",
        "ltyahh52ri7z5k01ap3gi7ldi": "30",
        "m4mzkny7m9fir8127mnlgzaor": "30",
        "mjyktigxpyh4p0l34x92akyb9": "30",
        "mw8j937k4mm35ddo2gvcayvi": "30",
        "ohrzcohwqcfibgpi1j4mzehfr": "30",
        "rr2yg46awozkz264p7ej6ecdi": "30",
        "rxlgcwyszod9437wy1b9h33di": "30",
        "vigf2irhxuyjc143g0bo11yvi": "30",
        "vj10t7vk3baauq57t3q3hm2t9": "30",
        "vjapqn3tdd914agpfn4tjra4i": "30",
        "xf3wsz3fu0qglfcmyemdq85mi": "30",
        "z84kxkcg8o30vmca71kinewmi": "30"
      },
      "Team Observe | Integration: User List - List/Map View Selector: it should allow you to change back to the user list from the map": {
        "0pomsnlnp8dqseiyqbyugzaor": "30",
        "23oybqxov3zd1jt79no2lhxgvi": "30",
        "3j9y9nh47kt5wh9oax4huayvi": "30",
        "5l1l5ptouf32gloi3xlqziwwmi": "30",
        "7tyuqe1k1o5nbe3xtp0c7919k9": "30",
        "7zh8mgesvsbj29q5qjd3oko6r": "30",
        "9mswtjrkjfpjyi7v7lksp2e29": "30",
        "bpp66c40dvr8tvp487c2wewmi": "30",
        "cxsy6mnvzkljrt4pzcgtlnmi": "30",
        "dcd7neidfjyjcd9lfm4ovquxr": "30",
        "epzmjd3y3lbhl3k1kd4sfw29": "30",
        "gb7hrmpsag7yigh8hjs8aor": "30",
        "klsh08xwy25co71omtfhia4i": "30",
        "kxeatjy8pv72q01d2zqv3g14i": "30",
        "ltyahh52ri7z5k01ap3gi7ldi": "30",
        "m4mzkny7m9fir8127mnlgzaor": "30",
        "mjyktigxpyh4p0l34x92akyb9": "30",
        "mw8j937k4mm35ddo2gvcayvi": "30",
        "ohrzcohwqcfibgpi1j4mzehfr": "30",
        "rr2yg46awozkz264p7ej6ecdi": "30",
        "rxlgcwyszod9437wy1b9h33di": "30",
        "vigf2irhxuyjc143g0bo11yvi": "30",
        "vj10t7vk3baauq57t3q3hm2t9": "30",
        "vjapqn3tdd914agpfn4tjra4i": "30",
        "xf3wsz3fu0qglfcmyemdq85mi": "30",
        "z84kxkcg8o30vmca71kinewmi": "30"
      },
      "Team Observe | Integration: User List - List/Map View Selector: it should allow you to change to the map": {
        "0pomsnlnp8dqseiyqbyugzaor": "30",
        "23oybqxov3zd1jt79no2lhxgvi": "30",
        "3j9y9nh47kt5wh9oax4huayvi": "30",
        "5l1l5ptouf32gloi3xlqziwwmi": "30",
        "7tyuqe1k1o5nbe3xtp0c7919k9": "30",
        "7zh8mgesvsbj29q5qjd3oko6r": "30",
        "9mswtjrkjfpjyi7v7lksp2e29": "30",
        "bpp66c40dvr8tvp487c2wewmi": "30",
        "cxsy6mnvzkljrt4pzcgtlnmi": "30",
        "dcd7neidfjyjcd9lfm4ovquxr": "30",
        "epzmjd3y3lbhl3k1kd4sfw29": "30",
        "gb7hrmpsag7yigh8hjs8aor": "30",
        "klsh08xwy25co71omtfhia4i": "30",
        "kxeatjy8pv72q01d2zqv3g14i": "30",
        "ltyahh52ri7z5k01ap3gi7ldi": "30",
        "m4mzkny7m9fir8127mnlgzaor": "30",
        "mjyktigxpyh4p0l34x92akyb9": "30",
        "mw8j937k4mm35ddo2gvcayvi": "30",
        "ohrzcohwqcfibgpi1j4mzehfr": "30",
        "rr2yg46awozkz264p7ej6ecdi": "30",
        "rxlgcwyszod9437wy1b9h33di": "30",
        "vigf2irhxuyjc143g0bo11yvi": "30",
        "vj10t7vk3baauq57t3q3hm2t9": "30",
        "vjapqn3tdd914agpfn4tjra4i": "30",
        "xf3wsz3fu0qglfcmyemdq85mi": "30",
        "z84kxkcg8o30vmca71kinewmi": "30"
      },
      "Team Observe | Unit: Component Segment Search Component: the onDown functionality works as expected": {
        "0pomsnlnp8dqseiyqbyugzaor": "41",
        "23oybqxov3zd1jt79no2lhxgvi": "41",
        "3j9y9nh47kt5wh9oax4huayvi": "41",
        "5l1l5ptouf32gloi3xlqziwwmi": "41",
        "7tyuqe1k1o5nbe3xtp0c7919k9": "41",
        "7zh8mgesvsbj29q5qjd3oko6r": "41",
        "9mswtjrkjfpjyi7v7lksp2e29": "41",
        "bpp66c40dvr8tvp487c2wewmi": "41",
        "cxsy6mnvzkljrt4pzcgtlnmi": "41",
        "dcd7neidfjyjcd9lfm4ovquxr": "41",
        "epzmjd3y3lbhl3k1kd4sfw29": "41",
        "gb7hrmpsag7yigh8hjs8aor": "41",
        "klsh08xwy25co71omtfhia4i": "41",
        "kxeatjy8pv72q01d2zqv3g14i": "41",
        "ltyahh52ri7z5k01ap3gi7ldi": "41",
        "m4mzkny7m9fir8127mnlgzaor": "41",
        "mjyktigxpyh4p0l34x92akyb9": "41",
        "mw8j937k4mm35ddo2gvcayvi": "41",
        "ohrzcohwqcfibgpi1j4mzehfr": "41",
        "rr2yg46awozkz264p7ej6ecdi": "41",
        "rxlgcwyszod9437wy1b9h33di": "41",
        "vigf2irhxuyjc143g0bo11yvi": "41",
        "vj10t7vk3baauq57t3q3hm2t9": "41",
        "xf3wsz3fu0qglfcmyemdq85mi": "41",
        "z84kxkcg8o30vmca71kinewmi": "41"
      },
      "Team Observe | Unit: Component Segment Search Component: the onUp functionality works as expected": {
        "0pomsnlnp8dqseiyqbyugzaor": "41",
        "23oybqxov3zd1jt79no2lhxgvi": "41",
        "3j9y9nh47kt5wh9oax4huayvi": "41",
        "5l1l5ptouf32gloi3xlqziwwmi": "41",
        "7tyuqe1k1o5nbe3xtp0c7919k9": "41",
        "7zh8mgesvsbj29q5qjd3oko6r": "41",
        "9mswtjrkjfpjyi7v7lksp2e29": "41",
        "bpp66c40dvr8tvp487c2wewmi": "41",
        "cxsy6mnvzkljrt4pzcgtlnmi": "41",
        "dcd7neidfjyjcd9lfm4ovquxr": "41",
        "epzmjd3y3lbhl3k1kd4sfw29": "41",
        "gb7hrmpsag7yigh8hjs8aor": "41",
        "klsh08xwy25co71omtfhia4i": "41",
        "kxeatjy8pv72q01d2zqv3g14i": "41",
        "ltyahh52ri7z5k01ap3gi7ldi": "41",
        "m4mzkny7m9fir8127mnlgzaor": "41",
        "mjyktigxpyh4p0l34x92akyb9": "41",
        "mw8j937k4mm35ddo2gvcayvi": "41",
        "ohrzcohwqcfibgpi1j4mzehfr": "41",
        "rr2yg46awozkz264p7ej6ecdi": "41",
        "rxlgcwyszod9437wy1b9h33di": "41",
        "vigf2irhxuyjc143g0bo11yvi": "41",
        "vj10t7vk3baauq57t3q3hm2t9": "41",
        "xf3wsz3fu0qglfcmyemdq85mi": "41",
        "z84kxkcg8o30vmca71kinewmi": "41"
      },
      "Team Observe | Integration: Admin Profile: You can edit the admin job": {
        "0pomsnlnp8dqseiyqbyugzaor": "51",
        "23oybqxov3zd1jt79no2lhxgvi": "51",
        "3j9y9nh47kt5wh9oax4huayvi": "51",
        "5l1l5ptouf32gloi3xlqziwwmi": "51",
        "7tyuqe1k1o5nbe3xtp0c7919k9": "51",
        "7zh8mgesvsbj29q5qjd3oko6r": "51",
        "9mswtjrkjfpjyi7v7lksp2e29": "51",
        "bpp66c40dvr8tvp487c2wewmi": "51",
        "cxsy6mnvzkljrt4pzcgtlnmi": "51",
        "dcd7neidfjyjcd9lfm4ovquxr": "51",
        "epzmjd3y3lbhl3k1kd4sfw29": "51",
        "gb7hrmpsag7yigh8hjs8aor": "51",
        "klsh08xwy25co71omtfhia4i": "51",
        "kxeatjy8pv72q01d2zqv3g14i": "51",
        "ltyahh52ri7z5k01ap3gi7ldi": "51",
        "m4mzkny7m9fir8127mnlgzaor": "51",
        "mjyktigxpyh4p0l34x92akyb9": "51",
        "mw8j937k4mm35ddo2gvcayvi": "51",
        "ohrzcohwqcfibgpi1j4mzehfr": "51",
        "rr2yg46awozkz264p7ej6ecdi": "51",
        "rxlgcwyszod9437wy1b9h33di": "51",
        "vigf2irhxuyjc143g0bo11yvi": "51",
        "vj10t7vk3baauq57t3q3hm2t9": "51",
        "vjapqn3tdd914agpfn4tjra4i": "51",
        "xf3wsz3fu0qglfcmyemdq85mi": "51",
        "z84kxkcg8o30vmca71kinewmi": "51"
      },
      "Team Observe | Integration: Admin Profile: You can edit the admin name": {
        "0pomsnlnp8dqseiyqbyugzaor": "51",
        "23oybqxov3zd1jt79no2lhxgvi": "51",
        "3j9y9nh47kt5wh9oax4huayvi": "51",
        "5l1l5ptouf32gloi3xlqziwwmi": "51",
        "7tyuqe1k1o5nbe3xtp0c7919k9": "51",
        "7zh8mgesvsbj29q5qjd3oko6r": "51",
        "9mswtjrkjfpjyi7v7lksp2e29": "51",
        "bpp66c40dvr8tvp487c2wewmi": "51",
        "cxsy6mnvzkljrt4pzcgtlnmi": "51",
        "dcd7neidfjyjcd9lfm4ovquxr": "51",
        "epzmjd3y3lbhl3k1kd4sfw29": "51",
        "gb7hrmpsag7yigh8hjs8aor": "51",
        "klsh08xwy25co71omtfhia4i": "51",
        "kxeatjy8pv72q01d2zqv3g14i": "51",
        "ltyahh52ri7z5k01ap3gi7ldi": "51",
        "m4mzkny7m9fir8127mnlgzaor": "51",
        "mjyktigxpyh4p0l34x92akyb9": "51",
        "mw8j937k4mm35ddo2gvcayvi": "51",
        "ohrzcohwqcfibgpi1j4mzehfr": "51",
        "rr2yg46awozkz264p7ej6ecdi": "51",
        "rxlgcwyszod9437wy1b9h33di": "51",
        "vigf2irhxuyjc143g0bo11yvi": "51",
        "vj10t7vk3baauq57t3q3hm2t9": "51",
        "vjapqn3tdd914agpfn4tjra4i": "51",
        "xf3wsz3fu0qglfcmyemdq85mi": "51",
        "z84kxkcg8o30vmca71kinewmi": "51"
      },
      "Team Observe | Integration: Admin Profile: You can edit the admin intro": {
        "0pomsnlnp8dqseiyqbyugzaor": "51",
        "23oybqxov3zd1jt79no2lhxgvi": "51",
        "3j9y9nh47kt5wh9oax4huayvi": "51",
        "5l1l5ptouf32gloi3xlqziwwmi": "51",
        "7tyuqe1k1o5nbe3xtp0c7919k9": "51",
        "7zh8mgesvsbj29q5qjd3oko6r": "51",
        "9mswtjrkjfpjyi7v7lksp2e29": "51",
        "bpp66c40dvr8tvp487c2wewmi": "51",
        "cxsy6mnvzkljrt4pzcgtlnmi": "51",
        "dcd7neidfjyjcd9lfm4ovquxr": "51",
        "epzmjd3y3lbhl3k1kd4sfw29": "51",
        "gb7hrmpsag7yigh8hjs8aor": "51",
        "klsh08xwy25co71omtfhia4i": "51",
        "kxeatjy8pv72q01d2zqv3g14i": "51",
        "ltyahh52ri7z5k01ap3gi7ldi": "51",
        "m4mzkny7m9fir8127mnlgzaor": "51",
        "mjyktigxpyh4p0l34x92akyb9": "51",
        "mw8j937k4mm35ddo2gvcayvi": "51",
        "ohrzcohwqcfibgpi1j4mzehfr": "51",
        "rr2yg46awozkz264p7ej6ecdi": "51",
        "rxlgcwyszod9437wy1b9h33di": "51",
        "vigf2irhxuyjc143g0bo11yvi": "51",
        "vj10t7vk3baauq57t3q3hm2t9": "51",
        "vjapqn3tdd914agpfn4tjra4i": "51",
        "xf3wsz3fu0qglfcmyemdq85mi": "51",
        "z84kxkcg8o30vmca71kinewmi": "51"
      },
      "Team Observe | Integration: Company List: The company list table should have a consistent number of columns": {
        "0pomsnlnp8dqseiyqbyugzaor": "57",
        "23oybqxov3zd1jt79no2lhxgvi": "57",
        "3j9y9nh47kt5wh9oax4huayvi": "57",
        "5l1l5ptouf32gloi3xlqziwwmi": "57",
        "7tyuqe1k1o5nbe3xtp0c7919k9": "57",
        "7zh8mgesvsbj29q5qjd3oko6r": "57",
        "9mswtjrkjfpjyi7v7lksp2e29": "57",
        "bpp66c40dvr8tvp487c2wewmi": "57",
        "cxsy6mnvzkljrt4pzcgtlnmi": "57",
        "dcd7neidfjyjcd9lfm4ovquxr": "57",
        "epzmjd3y3lbhl3k1kd4sfw29": "57",
        "gb7hrmpsag7yigh8hjs8aor": "57",
        "klsh08xwy25co71omtfhia4i": "57",
        "kxeatjy8pv72q01d2zqv3g14i": "57",
        "ltyahh52ri7z5k01ap3gi7ldi": "57",
        "m4mzkny7m9fir8127mnlgzaor": "57",
        "mjyktigxpyh4p0l34x92akyb9": "57",
        "mw8j937k4mm35ddo2gvcayvi": "57",
        "ohrzcohwqcfibgpi1j4mzehfr": "57",
        "rr2yg46awozkz264p7ej6ecdi": "57",
        "rxlgcwyszod9437wy1b9h33di": "57",
        "vigf2irhxuyjc143g0bo11yvi": "57",
        "vj10t7vk3baauq57t3q3hm2t9": "57",
        "vjapqn3tdd914agpfn4tjra4i": "57",
        "xf3wsz3fu0qglfcmyemdq85mi": "57",
        "z84kxkcg8o30vmca71kinewmi": "57"
      },
      "segment-filter/tag-predicate-component | Integration | Component | Team Observe | Integration: Component - Segment Filter Tag Predicate: clicking \"is-not\" option shows a select": {
        "0pomsnlnp8dqseiyqbyugzaor": "67",
        "23oybqxov3zd1jt79no2lhxgvi": "67",
        "3j9y9nh47kt5wh9oax4huayvi": "67",
        "5l1l5ptouf32gloi3xlqziwwmi": "67",
        "7tyuqe1k1o5nbe3xtp0c7919k9": "67",
        "7zh8mgesvsbj29q5qjd3oko6r": "67",
        "9mswtjrkjfpjyi7v7lksp2e29": "67",
        "cxsy6mnvzkljrt4pzcgtlnmi": "67",
        "dcd7neidfjyjcd9lfm4ovquxr": "67",
        "epzmjd3y3lbhl3k1kd4sfw29": "67",
        "gb7hrmpsag7yigh8hjs8aor": "67",
        "klsh08xwy25co71omtfhia4i": "67",
        "kxeatjy8pv72q01d2zqv3g14i": "67",
        "ltyahh52ri7z5k01ap3gi7ldi": "67",
        "m4mzkny7m9fir8127mnlgzaor": "67",
        "mjyktigxpyh4p0l34x92akyb9": "67",
        "mw8j937k4mm35ddo2gvcayvi": "67",
        "ohrzcohwqcfibgpi1j4mzehfr": "67",
        "rr2yg46awozkz264p7ej6ecdi": "67",
        "rxlgcwyszod9437wy1b9h33di": "67",
        "vj10t7vk3baauq57t3q3hm2t9": "67",
        "xf3wsz3fu0qglfcmyemdq85mi": "67",
        "z84kxkcg8o30vmca71kinewmi": "67"
      },
      "segment-filter/tag-predicate-component | Integration | Component | Team Observe | Integration: Component - Segment Filter Tag Predicate: clicking \"is\" option shows a select": {
        "0pomsnlnp8dqseiyqbyugzaor": "67",
        "23oybqxov3zd1jt79no2lhxgvi": "67",
        "3j9y9nh47kt5wh9oax4huayvi": "67",
        "5l1l5ptouf32gloi3xlqziwwmi": "67",
        "7tyuqe1k1o5nbe3xtp0c7919k9": "67",
        "7zh8mgesvsbj29q5qjd3oko6r": "67",
        "9mswtjrkjfpjyi7v7lksp2e29": "67",
        "bpp66c40dvr8tvp487c2wewmi": "67",
        "cxsy6mnvzkljrt4pzcgtlnmi": "67",
        "dcd7neidfjyjcd9lfm4ovquxr": "67",
        "epzmjd3y3lbhl3k1kd4sfw29": "67",
        "gb7hrmpsag7yigh8hjs8aor": "67",
        "klsh08xwy25co71omtfhia4i": "67",
        "kxeatjy8pv72q01d2zqv3g14i": "67",
        "ltyahh52ri7z5k01ap3gi7ldi": "67",
        "m4mzkny7m9fir8127mnlgzaor": "67",
        "mjyktigxpyh4p0l34x92akyb9": "67",
        "mw8j937k4mm35ddo2gvcayvi": "67",
        "ohrzcohwqcfibgpi1j4mzehfr": "67",
        "rr2yg46awozkz264p7ej6ecdi": "67",
        "rxlgcwyszod9437wy1b9h33di": "67",
        "vigf2irhxuyjc143g0bo11yvi": "67",
        "vj10t7vk3baauq57t3q3hm2t9": "67",
        "xf3wsz3fu0qglfcmyemdq85mi": "67",
        "z84kxkcg8o30vmca71kinewmi": "67"
      },
      "Team Observe | Integration: Component - Segment Filter String Predicate: selecting an option should reveal a textbox": {
        "0pomsnlnp8dqseiyqbyugzaor": "68",
        "23oybqxov3zd1jt79no2lhxgvi": "68",
        "3j9y9nh47kt5wh9oax4huayvi": "68",
        "5l1l5ptouf32gloi3xlqziwwmi": "68",
        "7zh8mgesvsbj29q5qjd3oko6r": "68",
        "9mswtjrkjfpjyi7v7lksp2e29": "68",
        "bpp66c40dvr8tvp487c2wewmi": "68",
        "cxsy6mnvzkljrt4pzcgtlnmi": "68",
        "dcd7neidfjyjcd9lfm4ovquxr": "68",
        "epzmjd3y3lbhl3k1kd4sfw29": "68",
        "gb7hrmpsag7yigh8hjs8aor": "68",
        "klsh08xwy25co71omtfhia4i": "68",
        "kxeatjy8pv72q01d2zqv3g14i": "68",
        "m4mzkny7m9fir8127mnlgzaor": "68",
        "mjyktigxpyh4p0l34x92akyb9": "68",
        "ohrzcohwqcfibgpi1j4mzehfr": "68",
        "rr2yg46awozkz264p7ej6ecdi": "68",
        "rxlgcwyszod9437wy1b9h33di": "68",
        "vigf2irhxuyjc143g0bo11yvi": "68",
        "vj10t7vk3baauq57t3q3hm2t9": "68",
        "xf3wsz3fu0qglfcmyemdq85mi": "68",
        "z84kxkcg8o30vmca71kinewmi": "68"
      },
      "Team Observe | Integration: Component - Segment Filter String Predicate: clicking multiple options should update the predicate comparison value and maintain the value": {
        "0pomsnlnp8dqseiyqbyugzaor": "68",
        "23oybqxov3zd1jt79no2lhxgvi": "68",
        "3j9y9nh47kt5wh9oax4huayvi": "68",
        "5l1l5ptouf32gloi3xlqziwwmi": "68",
        "7tyuqe1k1o5nbe3xtp0c7919k9": "68",
        "7zh8mgesvsbj29q5qjd3oko6r": "68",
        "bpp66c40dvr8tvp487c2wewmi": "68",
        "cxsy6mnvzkljrt4pzcgtlnmi": "68",
        "dcd7neidfjyjcd9lfm4ovquxr": "68",
        "epzmjd3y3lbhl3k1kd4sfw29": "68",
        "gb7hrmpsag7yigh8hjs8aor": "68",
        "kxeatjy8pv72q01d2zqv3g14i": "68",
        "ltyahh52ri7z5k01ap3gi7ldi": "68",
        "m4mzkny7m9fir8127mnlgzaor": "68",
        "mjyktigxpyh4p0l34x92akyb9": "68",
        "mw8j937k4mm35ddo2gvcayvi": "68",
        "ohrzcohwqcfibgpi1j4mzehfr": "68",
        "rr2yg46awozkz264p7ej6ecdi": "68",
        "rxlgcwyszod9437wy1b9h33di": "68",
        "vigf2irhxuyjc143g0bo11yvi": "68",
        "xf3wsz3fu0qglfcmyemdq85mi": "68",
        "z84kxkcg8o30vmca71kinewmi": "68"
      },
      "Team Observe | Integration: Component - Segment Filter String Predicate: filling in the textbox should update the predicate value": {
        "0pomsnlnp8dqseiyqbyugzaor": "68",
        "23oybqxov3zd1jt79no2lhxgvi": "68",
        "3j9y9nh47kt5wh9oax4huayvi": "68",
        "5l1l5ptouf32gloi3xlqziwwmi": "68",
        "7tyuqe1k1o5nbe3xtp0c7919k9": "68",
        "7zh8mgesvsbj29q5qjd3oko6r": "68",
        "epzmjd3y3lbhl3k1kd4sfw29": "68",
        "gb7hrmpsag7yigh8hjs8aor": "68",
        "klsh08xwy25co71omtfhia4i": "68",
        "kxeatjy8pv72q01d2zqv3g14i": "68",
        "m4mzkny7m9fir8127mnlgzaor": "68",
        "mjyktigxpyh4p0l34x92akyb9": "68",
        "mw8j937k4mm35ddo2gvcayvi": "68",
        "ohrzcohwqcfibgpi1j4mzehfr": "68",
        "rr2yg46awozkz264p7ej6ecdi": "68",
        "rxlgcwyszod9437wy1b9h33di": "68",
        "vj10t7vk3baauq57t3q3hm2t9": "68",
        "xf3wsz3fu0qglfcmyemdq85mi": "68",
        "z84kxkcg8o30vmca71kinewmi": "68"
      },
      "model:selection-state - company selection state to user selection state: Converting company selection to user selection with a search term and deselected ids": {
        "0pomsnlnp8dqseiyqbyugzaor": "98",
        "23oybqxov3zd1jt79no2lhxgvi": "98",
        "3j9y9nh47kt5wh9oax4huayvi": "98",
        "5l1l5ptouf32gloi3xlqziwwmi": "98",
        "7tyuqe1k1o5nbe3xtp0c7919k9": "98",
        "7zh8mgesvsbj29q5qjd3oko6r": "98",
        "9mswtjrkjfpjyi7v7lksp2e29": "98",
        "bpp66c40dvr8tvp487c2wewmi": "98",
        "cxsy6mnvzkljrt4pzcgtlnmi": "98",
        "dcd7neidfjyjcd9lfm4ovquxr": "98",
        "epzmjd3y3lbhl3k1kd4sfw29": "98",
        "gb7hrmpsag7yigh8hjs8aor": "98",
        "klsh08xwy25co71omtfhia4i": "98",
        "kxeatjy8pv72q01d2zqv3g14i": "98",
        "ltyahh52ri7z5k01ap3gi7ldi": "98",
        "m4mzkny7m9fir8127mnlgzaor": "98",
        "mjyktigxpyh4p0l34x92akyb9": "98",
        "mw8j937k4mm35ddo2gvcayvi": "98",
        "ohrzcohwqcfibgpi1j4mzehfr": "98",
        "rr2yg46awozkz264p7ej6ecdi": "98",
        "rxlgcwyszod9437wy1b9h33di": "98",
        "vigf2irhxuyjc143g0bo11yvi": "98",
        "vj10t7vk3baauq57t3q3hm2t9": "98",
        "xf3wsz3fu0qglfcmyemdq85mi": "98",
        "z84kxkcg8o30vmca71kinewmi": "98"
      },
      "model:selection-state - company selection state to user selection state: Converting company selection to user selection with a select all and deselected ids": {
        "0pomsnlnp8dqseiyqbyugzaor": "98",
        "23oybqxov3zd1jt79no2lhxgvi": "98",
        "3j9y9nh47kt5wh9oax4huayvi": "98",
        "5l1l5ptouf32gloi3xlqziwwmi": "98",
        "7tyuqe1k1o5nbe3xtp0c7919k9": "98",
        "7zh8mgesvsbj29q5qjd3oko6r": "98",
        "9mswtjrkjfpjyi7v7lksp2e29": "98",
        "bpp66c40dvr8tvp487c2wewmi": "98",
        "cxsy6mnvzkljrt4pzcgtlnmi": "98",
        "dcd7neidfjyjcd9lfm4ovquxr": "98",
        "epzmjd3y3lbhl3k1kd4sfw29": "98",
        "gb7hrmpsag7yigh8hjs8aor": "98",
        "klsh08xwy25co71omtfhia4i": "98",
        "kxeatjy8pv72q01d2zqv3g14i": "98",
        "ltyahh52ri7z5k01ap3gi7ldi": "98",
        "m4mzkny7m9fir8127mnlgzaor": "98",
        "mjyktigxpyh4p0l34x92akyb9": "98",
        "mw8j937k4mm35ddo2gvcayvi": "98",
        "ohrzcohwqcfibgpi1j4mzehfr": "98",
        "rr2yg46awozkz264p7ej6ecdi": "98",
        "rxlgcwyszod9437wy1b9h33di": "98",
        "vigf2irhxuyjc143g0bo11yvi": "98",
        "vj10t7vk3baauq57t3q3hm2t9": "98",
        "xf3wsz3fu0qglfcmyemdq85mi": "98",
        "z84kxkcg8o30vmca71kinewmi": "98"
      },
      "model:selection-state - company selection state to user selection state: Converting company selection ids to user selection predicates": {
        "0pomsnlnp8dqseiyqbyugzaor": "98",
        "23oybqxov3zd1jt79no2lhxgvi": "98",
        "3j9y9nh47kt5wh9oax4huayvi": "98",
        "5l1l5ptouf32gloi3xlqziwwmi": "98",
        "7tyuqe1k1o5nbe3xtp0c7919k9": "98",
        "7zh8mgesvsbj29q5qjd3oko6r": "98",
        "9mswtjrkjfpjyi7v7lksp2e29": "98",
        "bpp66c40dvr8tvp487c2wewmi": "98",
        "cxsy6mnvzkljrt4pzcgtlnmi": "98",
        "dcd7neidfjyjcd9lfm4ovquxr": "98",
        "epzmjd3y3lbhl3k1kd4sfw29": "98",
        "gb7hrmpsag7yigh8hjs8aor": "98",
        "klsh08xwy25co71omtfhia4i": "98",
        "kxeatjy8pv72q01d2zqv3g14i": "98",
        "ltyahh52ri7z5k01ap3gi7ldi": "98",
        "m4mzkny7m9fir8127mnlgzaor": "98",
        "mjyktigxpyh4p0l34x92akyb9": "98",
        "mw8j937k4mm35ddo2gvcayvi": "98",
        "ohrzcohwqcfibgpi1j4mzehfr": "98",
        "rr2yg46awozkz264p7ej6ecdi": "98",
        "rxlgcwyszod9437wy1b9h33di": "98",
        "vigf2irhxuyjc143g0bo11yvi": "98",
        "vj10t7vk3baauq57t3q3hm2t9": "98",
        "xf3wsz3fu0qglfcmyemdq85mi": "98",
        "z84kxkcg8o30vmca71kinewmi": "98"
      },
      "Team Observe | Unit: Component Segment Search Component: the onEnter functionality works as expected": {
        "23oybqxov3zd1jt79no2lhxgvi": "41",
        "5l1l5ptouf32gloi3xlqziwwmi": "41",
        "7tyuqe1k1o5nbe3xtp0c7919k9": "41",
        "7zh8mgesvsbj29q5qjd3oko6r": "41",
        "bpp66c40dvr8tvp487c2wewmi": "41",
        "rr2yg46awozkz264p7ej6ecdi": "41",
        "vigf2irhxuyjc143g0bo11yvi": "41",
        "vj10t7vk3baauq57t3q3hm2t9": "41"
      },
      "segment-filter/tag-predicate-component | Integration | Component | Team Observe | Integration: Component - Segment Filter Tag Predicate: The \"All\" segment isnt displayed when isAudienceEditor=true": {
        "23oybqxov3zd1jt79no2lhxgvi": "67",
        "3j9y9nh47kt5wh9oax4huayvi": "67",
        "7tyuqe1k1o5nbe3xtp0c7919k9": "67",
        "7zh8mgesvsbj29q5qjd3oko6r": "67",
        "9mswtjrkjfpjyi7v7lksp2e29": "67",
        "bpp66c40dvr8tvp487c2wewmi": "67",
        "cxsy6mnvzkljrt4pzcgtlnmi": "67",
        "dcd7neidfjyjcd9lfm4ovquxr": "67",
        "epzmjd3y3lbhl3k1kd4sfw29": "67",
        "gb7hrmpsag7yigh8hjs8aor": "67",
        "klsh08xwy25co71omtfhia4i": "67",
        "kxeatjy8pv72q01d2zqv3g14i": "67",
        "ltyahh52ri7z5k01ap3gi7ldi": "67",
        "m4mzkny7m9fir8127mnlgzaor": "67",
        "mw8j937k4mm35ddo2gvcayvi": "67",
        "ohrzcohwqcfibgpi1j4mzehfr": "67",
        "rr2yg46awozkz264p7ej6ecdi": "67",
        "rxlgcwyszod9437wy1b9h33di": "67",
        "vigf2irhxuyjc143g0bo11yvi": "67",
        "vj10t7vk3baauq57t3q3hm2t9": "67",
        "xf3wsz3fu0qglfcmyemdq85mi": "67",
        "z84kxkcg8o30vmca71kinewmi": "67"
      },
      "Team Observe | Integration: User List - Selection: Selecting and deselecting a user changes the selected users counter": {
        "3j9y9nh47kt5wh9oax4huayvi": "28",
        "5l1l5ptouf32gloi3xlqziwwmi": "28",
        "7tyuqe1k1o5nbe3xtp0c7919k9": "28",
        "7zh8mgesvsbj29q5qjd3oko6r": "28",
        "dcd7neidfjyjcd9lfm4ovquxr": "28",
        "epzmjd3y3lbhl3k1kd4sfw29": "28",
        "klsh08xwy25co71omtfhia4i": "28",
        "kxeatjy8pv72q01d2zqv3g14i": "28",
        "m4mzkny7m9fir8127mnlgzaor": "28",
        "ohrzcohwqcfibgpi1j4mzehfr": "28",
        "rxlgcwyszod9437wy1b9h33di": "28",
        "vigf2irhxuyjc143g0bo11yvi": "28",
        "vj10t7vk3baauq57t3q3hm2t9": "28",
        "xf3wsz3fu0qglfcmyemdq85mi": "28"
      },
      "Team Observe | Integration: User List - Selection: The user changes state when deselected": {
        "5l1l5ptouf32gloi3xlqziwwmi": "28",
        "7tyuqe1k1o5nbe3xtp0c7919k9": "28",
        "7zh8mgesvsbj29q5qjd3oko6r": "28",
        "9mswtjrkjfpjyi7v7lksp2e29": "28",
        "bpp66c40dvr8tvp487c2wewmi": "28",
        "cxsy6mnvzkljrt4pzcgtlnmi": "28",
        "dcd7neidfjyjcd9lfm4ovquxr": "28",
        "epzmjd3y3lbhl3k1kd4sfw29": "28",
        "gb7hrmpsag7yigh8hjs8aor": "28",
        "ltyahh52ri7z5k01ap3gi7ldi": "28",
        "mjyktigxpyh4p0l34x92akyb9": "28",
        "rxlgcwyszod9437wy1b9h33di": "28",
        "vigf2irhxuyjc143g0bo11yvi": "28",
        "vjapqn3tdd914agpfn4tjra4i": "28",
        "xf3wsz3fu0qglfcmyemdq85mi": "28"
      },
      "Team Observe | Integration: User List - Selection: The user changes state when selected": {
        "5l1l5ptouf32gloi3xlqziwwmi": "28",
        "7zh8mgesvsbj29q5qjd3oko6r": "28",
        "bpp66c40dvr8tvp487c2wewmi": "28",
        "epzmjd3y3lbhl3k1kd4sfw29": "28",
        "gb7hrmpsag7yigh8hjs8aor": "28",
        "kxeatjy8pv72q01d2zqv3g14i": "28",
        "ohrzcohwqcfibgpi1j4mzehfr": "28",
        "vigf2irhxuyjc143g0bo11yvi": "28",
        "vj10t7vk3baauq57t3q3hm2t9": "28",
        "xf3wsz3fu0qglfcmyemdq85mi": "28",
        "z84kxkcg8o30vmca71kinewmi": "28"
      }
    }
  },
  "dx": {
    "failingTests": [
      "Team DX | Acceptance | Integrations Hub: Visiting an unknown integration page",
      "Team DX | Acceptance | Integrations | Guide Step Test: You should be able to add a Segment integration",
      "Team DX | Acceptance | Integrations | Slack: You should be able to add a new webhook once slack is integrated",
      "Team DX | Acceptance | Integrations | Slack: You should be able to remove a webhook once slack is integrated",
      "Team DX | Acceptance | Integrations | Slack: You should be able to remove the last webhook and this should remove the integration",
      "Team DX | Acceptance | Integrations | Slack: this should remove the slack integration",
      "Team DX | Acceptance | Integrations | Twitter: You should be able to add a new Twitter account once twitter is integrated",
      "Team DX | Acceptance | Integrations | Twitter: You should be able to remove a Twitter account once twitter is integrated",
      "Team DX | Acceptance | Integrations | Twitter: You should be able to remove the integration",
      "Team DX | Acceptance | Integrations | Twitter: You should be able to remove the last Twitter account and this should remove the integration"
    ],
    "testMeta": {
      "Team DX | Acceptance | Integrations Hub: Visiting an unknown integration page": {
        "0pomsnlnp8dqseiyqbyugzaor": "27",
        "23oybqxov3zd1jt79no2lhxgvi": "27",
        "3j9y9nh47kt5wh9oax4huayvi": "27",
        "5l1l5ptouf32gloi3xlqziwwmi": "27",
        "7tyuqe1k1o5nbe3xtp0c7919k9": "27",
        "7zh8mgesvsbj29q5qjd3oko6r": "27",
        "9mswtjrkjfpjyi7v7lksp2e29": "27",
        "bpp66c40dvr8tvp487c2wewmi": "27",
        "cxsy6mnvzkljrt4pzcgtlnmi": "27",
        "dcd7neidfjyjcd9lfm4ovquxr": "27",
        "epzmjd3y3lbhl3k1kd4sfw29": "27",
        "gb7hrmpsag7yigh8hjs8aor": "27",
        "klsh08xwy25co71omtfhia4i": "27",
        "kxeatjy8pv72q01d2zqv3g14i": "27",
        "ltyahh52ri7z5k01ap3gi7ldi": "27",
        "m4mzkny7m9fir8127mnlgzaor": "27",
        "mjyktigxpyh4p0l34x92akyb9": "27",
        "mw8j937k4mm35ddo2gvcayvi": "27",
        "ohrzcohwqcfibgpi1j4mzehfr": "27",
        "rr2yg46awozkz264p7ej6ecdi": "27",
        "rxlgcwyszod9437wy1b9h33di": "27",
        "vigf2irhxuyjc143g0bo11yvi": "27",
        "vj10t7vk3baauq57t3q3hm2t9": "27",
        "vjapqn3tdd914agpfn4tjra4i": "27",
        "xf3wsz3fu0qglfcmyemdq85mi": "27",
        "z84kxkcg8o30vmca71kinewmi": "27"
      },
      "Team DX | Acceptance | Integrations | Slack: You should be able to remove the last webhook and this should remove the integration": {
        "23oybqxov3zd1jt79no2lhxgvi": "28",
        "3j9y9nh47kt5wh9oax4huayvi": "28",
        "5l1l5ptouf32gloi3xlqziwwmi": "28",
        "7zh8mgesvsbj29q5qjd3oko6r": "28",
        "9mswtjrkjfpjyi7v7lksp2e29": "28",
        "bpp66c40dvr8tvp487c2wewmi": "28",
        "dcd7neidfjyjcd9lfm4ovquxr": "28",
        "epzmjd3y3lbhl3k1kd4sfw29": "28",
        "kxeatjy8pv72q01d2zqv3g14i": "28",
        "mjyktigxpyh4p0l34x92akyb9": "28",
        "vjapqn3tdd914agpfn4tjra4i": "28",
        "xf3wsz3fu0qglfcmyemdq85mi": "28"
      },
      "Team DX | Acceptance | Integrations | Twitter: You should be able to add a new Twitter account once twitter is integrated": {
        "23oybqxov3zd1jt79no2lhxgvi": "29",
        "rxlgcwyszod9437wy1b9h33di": "29"
      },
      "Team DX | Acceptance | Integrations | Slack: You should be able to remove a webhook once slack is integrated": {
        "3j9y9nh47kt5wh9oax4huayvi": "28",
        "5l1l5ptouf32gloi3xlqziwwmi": "28",
        "7tyuqe1k1o5nbe3xtp0c7919k9": "28",
        "9mswtjrkjfpjyi7v7lksp2e29": "28",
        "bpp66c40dvr8tvp487c2wewmi": "28",
        "dcd7neidfjyjcd9lfm4ovquxr": "28",
        "epzmjd3y3lbhl3k1kd4sfw29": "28",
        "klsh08xwy25co71omtfhia4i": "28",
        "kxeatjy8pv72q01d2zqv3g14i": "28",
        "mjyktigxpyh4p0l34x92akyb9": "28",
        "mw8j937k4mm35ddo2gvcayvi": "28",
        "rr2yg46awozkz264p7ej6ecdi": "28",
        "vigf2irhxuyjc143g0bo11yvi": "28",
        "vjapqn3tdd914agpfn4tjra4i": "28",
        "xf3wsz3fu0qglfcmyemdq85mi": "28"
      },
      "Team DX | Acceptance | Integrations | Slack: You should be able to add a new webhook once slack is integrated": {
        "3j9y9nh47kt5wh9oax4huayvi": "28",
        "5l1l5ptouf32gloi3xlqziwwmi": "28",
        "7tyuqe1k1o5nbe3xtp0c7919k9": "28",
        "7zh8mgesvsbj29q5qjd3oko6r": "28",
        "9mswtjrkjfpjyi7v7lksp2e29": "28",
        "bpp66c40dvr8tvp487c2wewmi": "28",
        "dcd7neidfjyjcd9lfm4ovquxr": "28",
        "epzmjd3y3lbhl3k1kd4sfw29": "28",
        "kxeatjy8pv72q01d2zqv3g14i": "28",
        "ltyahh52ri7z5k01ap3gi7ldi": "28",
        "m4mzkny7m9fir8127mnlgzaor": "28",
        "mjyktigxpyh4p0l34x92akyb9": "28",
        "mw8j937k4mm35ddo2gvcayvi": "28",
        "rr2yg46awozkz264p7ej6ecdi": "28",
        "vigf2irhxuyjc143g0bo11yvi": "28",
        "vjapqn3tdd914agpfn4tjra4i": "28",
        "xf3wsz3fu0qglfcmyemdq85mi": "28",
        "z84kxkcg8o30vmca71kinewmi": "28"
      },
      "Team DX | Acceptance | Integrations | Twitter: You should be able to remove the last Twitter account and this should remove the integration": {
        "5l1l5ptouf32gloi3xlqziwwmi": "29"
      },
      "Team DX | Acceptance | Integrations | Guide Step Test: You should be able to add a Segment integration": {
        "7tyuqe1k1o5nbe3xtp0c7919k9": "25"
      },
      "Team DX | Acceptance | Integrations | Slack: this should remove the slack integration": {
        "7tyuqe1k1o5nbe3xtp0c7919k9": "28",
        "7zh8mgesvsbj29q5qjd3oko6r": "28",
        "9mswtjrkjfpjyi7v7lksp2e29": "28",
        "dcd7neidfjyjcd9lfm4ovquxr": "28",
        "epzmjd3y3lbhl3k1kd4sfw29": "28",
        "klsh08xwy25co71omtfhia4i": "28",
        "mjyktigxpyh4p0l34x92akyb9": "28",
        "rxlgcwyszod9437wy1b9h33di": "28",
        "vigf2irhxuyjc143g0bo11yvi": "28",
        "vjapqn3tdd914agpfn4tjra4i": "28",
        "xf3wsz3fu0qglfcmyemdq85mi": "28",
        "z84kxkcg8o30vmca71kinewmi": "28"
      },
      "Team DX | Acceptance | Integrations | Twitter: You should be able to remove the integration": {
        "epzmjd3y3lbhl3k1kd4sfw29": "29",
        "m4mzkny7m9fir8127mnlgzaor": "29"
      },
      "Team DX | Acceptance | Integrations | Twitter: You should be able to remove a Twitter account once twitter is integrated": {
        "ohrzcohwqcfibgpi1j4mzehfr": "29"
      }
    }
  },
  "support": {
    "failingTests": [
      "Team Support 1 | Acceptance: Inbox - Keyboard Shortcuts: when composer is focused, \"j\" and \"k\" do not move conversation",
      "Team Support 1 | Integration: Component - Draft Component | Integration | Component | conversation/controls/draft-component: saves are throttled and debounced",
      "Team Support 1 | Integration: Educate Insights: Loads article list",
      "Team Support 1 | Integration: Inbox - Assignee Selector Bar: Clicking team selector opens dropdown with list of team inboxes and all inbox",
      "Team Support 1 | Integration: Inbox - Assignee Selector Bar: It shows x other admins inboxes",
      "Team Support 1 | Integration: Inbox - Assignee Selector Bar: Selecting a team from the team selector updates the url and updates the others inboxes to dispaly the team members inboxes",
      "Team Support 1 | Integration: Inbox - Assignee Selector Bar: The team selector displays the correct team when you deeplink to a teams inbox and team members inboxes are shown",
      "Team Support 1 | Integration: Inbox - Assignee Selector Bar: The team selector displays the last selected group inbox when its set in local storage",
      "Team Support 1 | Integration: Inbox - Conversation Controls: Implicit assignment should show an auto-assign message",
      "Team Support 2 | Acceptance: Assignment Rules: Changing state shows notification",
      "Team Support 2 | Acceptance: Assignment Rules: Collapsing a rule card updates the URL",
      "Team Support 2 | Acceptance: Assignment Rules: Creating a rule adds a new rule card to the page which is removed when cancelled",
      "Team Support 2 | Acceptance: Assignment Rules: Deleting a rule shows a confirmation and removes the card when confirmed",
      "Team Support 2 | Acceptance: Assignment Rules: Editing a rule displays a confirmation modal on cancel whent the rule is dirty",
      "Team Support 2 | Acceptance: Assignment Rules: Expanding a rule card updates the URL",
      "Team Support 2 | Acceptance: Assignment Rules: Rules page displays the correct elements when there are rules",
      "Team Support 2 | Acceptance: Assignment Rules: Save and set live shows notification",
      "Team Support 2 | Integration: Component - Mentions Card Component | Integration | Component | conversation/mentions-card-component: A collapsed card with multiple mentions marks all unread mentions as read",
      "Team Support 2 | Integration: Component - Mentions Card Component | Integration | Component | conversation/mentions-card-component: Opening a conversation card with a read mention does not mark as read again",
      "Team Support 2 | Integration: Component - Mentions Card Component | Integration | Component | conversation/mentions-card-component: Opening, closing and re-opening a card",
      "Team Support 2 | Integration: Component - Mentions Card Component | Integration | Component | conversation/mentions-card-component: The unreadMentionCount for an app is decremented on read",
      "Team Support 2 | Integration: Component - Mentions Card Component | Integration | Component | conversation/mentions-card-component: Unread mentions are marked as read",
      "Team Support 2 | Integration: Inbox - Realtime Updates: When a conversation is seen by the user the last admin part should display the correct seen state",
      "Team Support 2 | Integration: Inbox - Realtime Updates: When a user is typing in the thread I am viewing it should show an indicator in the thread & in the list",
      "Team Support 2 | Integration: Inbox - Realtime Updates: When another admin is typing a comment there should be an indicator in the thread and the conversation is locked",
      "Team Support 2 | Integration: Inbox - Realtime Updates: When another admin is typing a note there should be an indicator in the thread and the conversation is locked",
      "Team Support 2 | Integration: Inbox - Saved Replies Modal: Editing an existing saved reply",
      "Team Support 2 | Integration: Inbox - Saved Replies Modal: Saving a reply validates that name and body are not empty",
      "Team Support 2 | Integration: Inbox - Saved Replies Modal: Saving a reply validates that name doesnt exceed maximum length",
      "Team Support 2 | Integration: Inbox - Saved Replies Modal: Saving a reply with an attribute that has REPLACE_THIS in the fallback",
      "Team Support 2 | Integration: Inbox - Single Conversation View: A part is added when we recieve a thread_assigned event",
      "Team Support 2 | Integration: Inbox - Single Conversation View: A part is added when we recieve a thread_closed event",
      "Team Support 2 | Integration: Inbox - Single Conversation View: A part is added when we recieve a thread_reopened event",
      "Team Support 2 | Integration: Inbox - Single Conversation View: A part is added when we recieve a thread_updated event",
      "Team Support 2 | Unit: Component - Camera Popover: It should request a MediaStream on open",
      "Team Support 2 | Unit: Component - Conversation Card: Refetching conversation parts",
      "Team Support 2 | Unit: Component - Conversation Card: When the conversation changes article insertion stats are hidden",
      "Team Support 2 | Unit: Component - Conversation Summary: Admin comment in card",
      "Team Support 2 | Unit: Component - Conversation Summary: Admin comment with name",
      "Team Support 2 | Unit: Mixin - Rules - Predicate Common: comparisonOptions returns options for app attribute from predicate filter map"
    ],
    "testMeta": {
      "Team Support 2 | Unit: Component - Camera Popover: It should request a MediaStream on open": {
        "0pomsnlnp8dqseiyqbyugzaor": "53",
        "23oybqxov3zd1jt79no2lhxgvi": "53",
        "3j9y9nh47kt5wh9oax4huayvi": "53",
        "5l1l5ptouf32gloi3xlqziwwmi": "53",
        "9mswtjrkjfpjyi7v7lksp2e29": "53",
        "bpp66c40dvr8tvp487c2wewmi": "53",
        "cxsy6mnvzkljrt4pzcgtlnmi": "53",
        "dcd7neidfjyjcd9lfm4ovquxr": "53",
        "epzmjd3y3lbhl3k1kd4sfw29": "53",
        "klsh08xwy25co71omtfhia4i": "53",
        "ltyahh52ri7z5k01ap3gi7ldi": "53",
        "m4mzkny7m9fir8127mnlgzaor": "53",
        "mjyktigxpyh4p0l34x92akyb9": "53",
        "mw8j937k4mm35ddo2gvcayvi": "53",
        "ohrzcohwqcfibgpi1j4mzehfr": "53",
        "rr2yg46awozkz264p7ej6ecdi": "53",
        "rxlgcwyszod9437wy1b9h33di": "53",
        "vjapqn3tdd914agpfn4tjra4i": "53"
      },
      "Team Support 1 | Integration: Educate Insights: Loads article list": {
        "0pomsnlnp8dqseiyqbyugzaor": "71",
        "23oybqxov3zd1jt79no2lhxgvi": "71",
        "3j9y9nh47kt5wh9oax4huayvi": "71",
        "5l1l5ptouf32gloi3xlqziwwmi": "71",
        "7tyuqe1k1o5nbe3xtp0c7919k9": "71",
        "7zh8mgesvsbj29q5qjd3oko6r": "71",
        "9mswtjrkjfpjyi7v7lksp2e29": "71",
        "bpp66c40dvr8tvp487c2wewmi": "71",
        "cxsy6mnvzkljrt4pzcgtlnmi": "71",
        "dcd7neidfjyjcd9lfm4ovquxr": "71",
        "epzmjd3y3lbhl3k1kd4sfw29": "71",
        "gb7hrmpsag7yigh8hjs8aor": "71",
        "klsh08xwy25co71omtfhia4i": "71",
        "kxeatjy8pv72q01d2zqv3g14i": "71",
        "ltyahh52ri7z5k01ap3gi7ldi": "71",
        "m4mzkny7m9fir8127mnlgzaor": "71",
        "mjyktigxpyh4p0l34x92akyb9": "71",
        "mw8j937k4mm35ddo2gvcayvi": "71",
        "ohrzcohwqcfibgpi1j4mzehfr": "71",
        "rr2yg46awozkz264p7ej6ecdi": "71",
        "rxlgcwyszod9437wy1b9h33di": "71",
        "vigf2irhxuyjc143g0bo11yvi": "71",
        "vj10t7vk3baauq57t3q3hm2t9": "71",
        "xf3wsz3fu0qglfcmyemdq85mi": "71",
        "z84kxkcg8o30vmca71kinewmi": "71"
      },
      "Team Support 1 | Integration: Inbox - Assignee Selector Bar: The team selector displays the last selected group inbox when its set in local storage": {
        "0pomsnlnp8dqseiyqbyugzaor": "72",
        "23oybqxov3zd1jt79no2lhxgvi": "72",
        "3j9y9nh47kt5wh9oax4huayvi": "72",
        "5l1l5ptouf32gloi3xlqziwwmi": "72",
        "7tyuqe1k1o5nbe3xtp0c7919k9": "72",
        "7zh8mgesvsbj29q5qjd3oko6r": "72",
        "9mswtjrkjfpjyi7v7lksp2e29": "72",
        "bpp66c40dvr8tvp487c2wewmi": "72",
        "cxsy6mnvzkljrt4pzcgtlnmi": "72",
        "dcd7neidfjyjcd9lfm4ovquxr": "72",
        "epzmjd3y3lbhl3k1kd4sfw29": "72",
        "gb7hrmpsag7yigh8hjs8aor": "72",
        "klsh08xwy25co71omtfhia4i": "72",
        "kxeatjy8pv72q01d2zqv3g14i": "72",
        "ltyahh52ri7z5k01ap3gi7ldi": "72",
        "m4mzkny7m9fir8127mnlgzaor": "72",
        "mjyktigxpyh4p0l34x92akyb9": "72",
        "mw8j937k4mm35ddo2gvcayvi": "72",
        "ohrzcohwqcfibgpi1j4mzehfr": "72",
        "rr2yg46awozkz264p7ej6ecdi": "72",
        "rxlgcwyszod9437wy1b9h33di": "72",
        "vigf2irhxuyjc143g0bo11yvi": "72",
        "vj10t7vk3baauq57t3q3hm2t9": "72",
        "xf3wsz3fu0qglfcmyemdq85mi": "72",
        "z84kxkcg8o30vmca71kinewmi": "72"
      },
      "Team Support 1 | Integration: Inbox - Assignee Selector Bar: It shows x other admins inboxes": {
        "0pomsnlnp8dqseiyqbyugzaor": "72",
        "23oybqxov3zd1jt79no2lhxgvi": "72",
        "3j9y9nh47kt5wh9oax4huayvi": "72",
        "5l1l5ptouf32gloi3xlqziwwmi": "72",
        "7tyuqe1k1o5nbe3xtp0c7919k9": "72",
        "7zh8mgesvsbj29q5qjd3oko6r": "72",
        "9mswtjrkjfpjyi7v7lksp2e29": "72",
        "bpp66c40dvr8tvp487c2wewmi": "72",
        "cxsy6mnvzkljrt4pzcgtlnmi": "72",
        "dcd7neidfjyjcd9lfm4ovquxr": "72",
        "epzmjd3y3lbhl3k1kd4sfw29": "72",
        "gb7hrmpsag7yigh8hjs8aor": "72",
        "klsh08xwy25co71omtfhia4i": "72",
        "kxeatjy8pv72q01d2zqv3g14i": "72",
        "ltyahh52ri7z5k01ap3gi7ldi": "72",
        "m4mzkny7m9fir8127mnlgzaor": "72",
        "mjyktigxpyh4p0l34x92akyb9": "72",
        "mw8j937k4mm35ddo2gvcayvi": "72",
        "ohrzcohwqcfibgpi1j4mzehfr": "72",
        "rr2yg46awozkz264p7ej6ecdi": "72",
        "rxlgcwyszod9437wy1b9h33di": "72",
        "vigf2irhxuyjc143g0bo11yvi": "72",
        "vj10t7vk3baauq57t3q3hm2t9": "72",
        "xf3wsz3fu0qglfcmyemdq85mi": "72",
        "z84kxkcg8o30vmca71kinewmi": "72"
      },
      "Team Support 1 | Integration: Inbox - Assignee Selector Bar: The team selector displays the correct team when you deeplink to a teams inbox and team members inboxes are shown": {
        "0pomsnlnp8dqseiyqbyugzaor": "72",
        "23oybqxov3zd1jt79no2lhxgvi": "72",
        "3j9y9nh47kt5wh9oax4huayvi": "72",
        "5l1l5ptouf32gloi3xlqziwwmi": "72",
        "7tyuqe1k1o5nbe3xtp0c7919k9": "72",
        "7zh8mgesvsbj29q5qjd3oko6r": "72",
        "9mswtjrkjfpjyi7v7lksp2e29": "72",
        "bpp66c40dvr8tvp487c2wewmi": "72",
        "cxsy6mnvzkljrt4pzcgtlnmi": "72",
        "dcd7neidfjyjcd9lfm4ovquxr": "72",
        "epzmjd3y3lbhl3k1kd4sfw29": "72",
        "gb7hrmpsag7yigh8hjs8aor": "72",
        "klsh08xwy25co71omtfhia4i": "72",
        "kxeatjy8pv72q01d2zqv3g14i": "72",
        "ltyahh52ri7z5k01ap3gi7ldi": "72",
        "m4mzkny7m9fir8127mnlgzaor": "72",
        "mjyktigxpyh4p0l34x92akyb9": "72",
        "mw8j937k4mm35ddo2gvcayvi": "72",
        "ohrzcohwqcfibgpi1j4mzehfr": "72",
        "rr2yg46awozkz264p7ej6ecdi": "72",
        "rxlgcwyszod9437wy1b9h33di": "72",
        "vigf2irhxuyjc143g0bo11yvi": "72",
        "vj10t7vk3baauq57t3q3hm2t9": "72",
        "xf3wsz3fu0qglfcmyemdq85mi": "72",
        "z84kxkcg8o30vmca71kinewmi": "72"
      },
      "Team Support 1 | Integration: Inbox - Assignee Selector Bar: Selecting a team from the team selector updates the url and updates the others inboxes to dispaly the team members inboxes": {
        "0pomsnlnp8dqseiyqbyugzaor": "72",
        "23oybqxov3zd1jt79no2lhxgvi": "72",
        "3j9y9nh47kt5wh9oax4huayvi": "72",
        "5l1l5ptouf32gloi3xlqziwwmi": "72",
        "7tyuqe1k1o5nbe3xtp0c7919k9": "72",
        "7zh8mgesvsbj29q5qjd3oko6r": "72",
        "9mswtjrkjfpjyi7v7lksp2e29": "72",
        "bpp66c40dvr8tvp487c2wewmi": "72",
        "cxsy6mnvzkljrt4pzcgtlnmi": "72",
        "dcd7neidfjyjcd9lfm4ovquxr": "72",
        "epzmjd3y3lbhl3k1kd4sfw29": "72",
        "gb7hrmpsag7yigh8hjs8aor": "72",
        "klsh08xwy25co71omtfhia4i": "72",
        "kxeatjy8pv72q01d2zqv3g14i": "72",
        "ltyahh52ri7z5k01ap3gi7ldi": "72",
        "m4mzkny7m9fir8127mnlgzaor": "72",
        "mjyktigxpyh4p0l34x92akyb9": "72",
        "mw8j937k4mm35ddo2gvcayvi": "72",
        "ohrzcohwqcfibgpi1j4mzehfr": "72",
        "rr2yg46awozkz264p7ej6ecdi": "72",
        "rxlgcwyszod9437wy1b9h33di": "72",
        "vigf2irhxuyjc143g0bo11yvi": "72",
        "vj10t7vk3baauq57t3q3hm2t9": "72",
        "xf3wsz3fu0qglfcmyemdq85mi": "72",
        "z84kxkcg8o30vmca71kinewmi": "72"
      },
      "Team Support 1 | Integration: Inbox - Assignee Selector Bar: Clicking team selector opens dropdown with list of team inboxes and all inbox": {
        "0pomsnlnp8dqseiyqbyugzaor": "72",
        "23oybqxov3zd1jt79no2lhxgvi": "72",
        "3j9y9nh47kt5wh9oax4huayvi": "72",
        "5l1l5ptouf32gloi3xlqziwwmi": "72",
        "7tyuqe1k1o5nbe3xtp0c7919k9": "72",
        "7zh8mgesvsbj29q5qjd3oko6r": "72",
        "9mswtjrkjfpjyi7v7lksp2e29": "72",
        "bpp66c40dvr8tvp487c2wewmi": "72",
        "cxsy6mnvzkljrt4pzcgtlnmi": "72",
        "dcd7neidfjyjcd9lfm4ovquxr": "72",
        "epzmjd3y3lbhl3k1kd4sfw29": "72",
        "gb7hrmpsag7yigh8hjs8aor": "72",
        "klsh08xwy25co71omtfhia4i": "72",
        "kxeatjy8pv72q01d2zqv3g14i": "72",
        "ltyahh52ri7z5k01ap3gi7ldi": "72",
        "m4mzkny7m9fir8127mnlgzaor": "72",
        "mjyktigxpyh4p0l34x92akyb9": "72",
        "mw8j937k4mm35ddo2gvcayvi": "72",
        "ohrzcohwqcfibgpi1j4mzehfr": "72",
        "rr2yg46awozkz264p7ej6ecdi": "72",
        "rxlgcwyszod9437wy1b9h33di": "72",
        "vigf2irhxuyjc143g0bo11yvi": "72",
        "vj10t7vk3baauq57t3q3hm2t9": "72",
        "xf3wsz3fu0qglfcmyemdq85mi": "72",
        "z84kxkcg8o30vmca71kinewmi": "72"
      },
      "Team Support 1 | Integration: Inbox - Conversation Controls: Implicit assignment should show an auto-assign message": {
        "0pomsnlnp8dqseiyqbyugzaor": "74",
        "23oybqxov3zd1jt79no2lhxgvi": "74",
        "3j9y9nh47kt5wh9oax4huayvi": "74",
        "5l1l5ptouf32gloi3xlqziwwmi": "74",
        "7tyuqe1k1o5nbe3xtp0c7919k9": "74",
        "7zh8mgesvsbj29q5qjd3oko6r": "74",
        "9mswtjrkjfpjyi7v7lksp2e29": "74",
        "bpp66c40dvr8tvp487c2wewmi": "74",
        "cxsy6mnvzkljrt4pzcgtlnmi": "74",
        "dcd7neidfjyjcd9lfm4ovquxr": "74",
        "epzmjd3y3lbhl3k1kd4sfw29": "74",
        "gb7hrmpsag7yigh8hjs8aor": "74",
        "klsh08xwy25co71omtfhia4i": "74",
        "kxeatjy8pv72q01d2zqv3g14i": "74",
        "ltyahh52ri7z5k01ap3gi7ldi": "74",
        "m4mzkny7m9fir8127mnlgzaor": "74",
        "mjyktigxpyh4p0l34x92akyb9": "74",
        "mw8j937k4mm35ddo2gvcayvi": "74",
        "ohrzcohwqcfibgpi1j4mzehfr": "74",
        "rr2yg46awozkz264p7ej6ecdi": "74",
        "rxlgcwyszod9437wy1b9h33di": "74",
        "vigf2irhxuyjc143g0bo11yvi": "74",
        "vj10t7vk3baauq57t3q3hm2t9": "74",
        "xf3wsz3fu0qglfcmyemdq85mi": "74",
        "z84kxkcg8o30vmca71kinewmi": "74"
      },
      "Team Support 2 | Integration: Inbox - Saved Replies Modal: Saving a reply validates that name doesnt exceed maximum length": {
        "0pomsnlnp8dqseiyqbyugzaor": "78",
        "23oybqxov3zd1jt79no2lhxgvi": "78",
        "3j9y9nh47kt5wh9oax4huayvi": "78",
        "5l1l5ptouf32gloi3xlqziwwmi": "78",
        "7tyuqe1k1o5nbe3xtp0c7919k9": "78",
        "7zh8mgesvsbj29q5qjd3oko6r": "78",
        "9mswtjrkjfpjyi7v7lksp2e29": "78",
        "bpp66c40dvr8tvp487c2wewmi": "78",
        "cxsy6mnvzkljrt4pzcgtlnmi": "78",
        "dcd7neidfjyjcd9lfm4ovquxr": "78",
        "epzmjd3y3lbhl3k1kd4sfw29": "78",
        "gb7hrmpsag7yigh8hjs8aor": "78",
        "klsh08xwy25co71omtfhia4i": "78",
        "kxeatjy8pv72q01d2zqv3g14i": "78",
        "ltyahh52ri7z5k01ap3gi7ldi": "78",
        "m4mzkny7m9fir8127mnlgzaor": "78",
        "mjyktigxpyh4p0l34x92akyb9": "78",
        "mw8j937k4mm35ddo2gvcayvi": "78",
        "ohrzcohwqcfibgpi1j4mzehfr": "78",
        "rr2yg46awozkz264p7ej6ecdi": "78",
        "rxlgcwyszod9437wy1b9h33di": "78",
        "vigf2irhxuyjc143g0bo11yvi": "78",
        "vj10t7vk3baauq57t3q3hm2t9": "78",
        "xf3wsz3fu0qglfcmyemdq85mi": "78",
        "z84kxkcg8o30vmca71kinewmi": "78"
      },
      "Team Support 2 | Integration: Inbox - Saved Replies Modal: Saving a reply validates that name and body are not empty": {
        "0pomsnlnp8dqseiyqbyugzaor": "78",
        "23oybqxov3zd1jt79no2lhxgvi": "78",
        "3j9y9nh47kt5wh9oax4huayvi": "78",
        "5l1l5ptouf32gloi3xlqziwwmi": "78",
        "7tyuqe1k1o5nbe3xtp0c7919k9": "78",
        "7zh8mgesvsbj29q5qjd3oko6r": "78",
        "9mswtjrkjfpjyi7v7lksp2e29": "78",
        "bpp66c40dvr8tvp487c2wewmi": "78",
        "cxsy6mnvzkljrt4pzcgtlnmi": "78",
        "dcd7neidfjyjcd9lfm4ovquxr": "78",
        "epzmjd3y3lbhl3k1kd4sfw29": "78",
        "gb7hrmpsag7yigh8hjs8aor": "78",
        "klsh08xwy25co71omtfhia4i": "78",
        "kxeatjy8pv72q01d2zqv3g14i": "78",
        "ltyahh52ri7z5k01ap3gi7ldi": "78",
        "m4mzkny7m9fir8127mnlgzaor": "78",
        "mjyktigxpyh4p0l34x92akyb9": "78",
        "mw8j937k4mm35ddo2gvcayvi": "78",
        "ohrzcohwqcfibgpi1j4mzehfr": "78",
        "rr2yg46awozkz264p7ej6ecdi": "78",
        "rxlgcwyszod9437wy1b9h33di": "78",
        "vigf2irhxuyjc143g0bo11yvi": "78",
        "vj10t7vk3baauq57t3q3hm2t9": "78",
        "xf3wsz3fu0qglfcmyemdq85mi": "78",
        "z84kxkcg8o30vmca71kinewmi": "78"
      },
      "Team Support 2 | Integration: Inbox - Saved Replies Modal: Saving a reply with an attribute that has REPLACE_THIS in the fallback": {
        "0pomsnlnp8dqseiyqbyugzaor": "78",
        "23oybqxov3zd1jt79no2lhxgvi": "78",
        "3j9y9nh47kt5wh9oax4huayvi": "78",
        "5l1l5ptouf32gloi3xlqziwwmi": "78",
        "7tyuqe1k1o5nbe3xtp0c7919k9": "78",
        "7zh8mgesvsbj29q5qjd3oko6r": "78",
        "9mswtjrkjfpjyi7v7lksp2e29": "78",
        "bpp66c40dvr8tvp487c2wewmi": "78",
        "cxsy6mnvzkljrt4pzcgtlnmi": "78",
        "dcd7neidfjyjcd9lfm4ovquxr": "78",
        "epzmjd3y3lbhl3k1kd4sfw29": "78",
        "gb7hrmpsag7yigh8hjs8aor": "78",
        "klsh08xwy25co71omtfhia4i": "78",
        "kxeatjy8pv72q01d2zqv3g14i": "78",
        "ltyahh52ri7z5k01ap3gi7ldi": "78",
        "m4mzkny7m9fir8127mnlgzaor": "78",
        "mjyktigxpyh4p0l34x92akyb9": "78",
        "mw8j937k4mm35ddo2gvcayvi": "78",
        "ohrzcohwqcfibgpi1j4mzehfr": "78",
        "rr2yg46awozkz264p7ej6ecdi": "78",
        "rxlgcwyszod9437wy1b9h33di": "78",
        "vigf2irhxuyjc143g0bo11yvi": "78",
        "vj10t7vk3baauq57t3q3hm2t9": "78",
        "xf3wsz3fu0qglfcmyemdq85mi": "78",
        "z84kxkcg8o30vmca71kinewmi": "78"
      },
      "Team Support 2 | Integration: Inbox - Single Conversation View: A part is added when we recieve a thread_reopened event": {
        "0pomsnlnp8dqseiyqbyugzaor": "80",
        "23oybqxov3zd1jt79no2lhxgvi": "80",
        "3j9y9nh47kt5wh9oax4huayvi": "80",
        "5l1l5ptouf32gloi3xlqziwwmi": "80",
        "7tyuqe1k1o5nbe3xtp0c7919k9": "80",
        "7zh8mgesvsbj29q5qjd3oko6r": "80",
        "9mswtjrkjfpjyi7v7lksp2e29": "80",
        "bpp66c40dvr8tvp487c2wewmi": "80",
        "cxsy6mnvzkljrt4pzcgtlnmi": "80",
        "dcd7neidfjyjcd9lfm4ovquxr": "80",
        "epzmjd3y3lbhl3k1kd4sfw29": "80",
        "gb7hrmpsag7yigh8hjs8aor": "80",
        "klsh08xwy25co71omtfhia4i": "80",
        "kxeatjy8pv72q01d2zqv3g14i": "80",
        "ltyahh52ri7z5k01ap3gi7ldi": "80",
        "m4mzkny7m9fir8127mnlgzaor": "80",
        "mjyktigxpyh4p0l34x92akyb9": "80",
        "mw8j937k4mm35ddo2gvcayvi": "80",
        "ohrzcohwqcfibgpi1j4mzehfr": "80",
        "rr2yg46awozkz264p7ej6ecdi": "80",
        "rxlgcwyszod9437wy1b9h33di": "80",
        "vigf2irhxuyjc143g0bo11yvi": "80",
        "vj10t7vk3baauq57t3q3hm2t9": "80",
        "xf3wsz3fu0qglfcmyemdq85mi": "80",
        "z84kxkcg8o30vmca71kinewmi": "80"
      },
      "Team Support 2 | Integration: Inbox - Single Conversation View: A part is added when we recieve a thread_assigned event": {
        "0pomsnlnp8dqseiyqbyugzaor": "80",
        "23oybqxov3zd1jt79no2lhxgvi": "80",
        "3j9y9nh47kt5wh9oax4huayvi": "80",
        "5l1l5ptouf32gloi3xlqziwwmi": "80",
        "7tyuqe1k1o5nbe3xtp0c7919k9": "80",
        "7zh8mgesvsbj29q5qjd3oko6r": "80",
        "9mswtjrkjfpjyi7v7lksp2e29": "80",
        "bpp66c40dvr8tvp487c2wewmi": "80",
        "cxsy6mnvzkljrt4pzcgtlnmi": "80",
        "dcd7neidfjyjcd9lfm4ovquxr": "80",
        "epzmjd3y3lbhl3k1kd4sfw29": "80",
        "gb7hrmpsag7yigh8hjs8aor": "80",
        "klsh08xwy25co71omtfhia4i": "80",
        "kxeatjy8pv72q01d2zqv3g14i": "80",
        "ltyahh52ri7z5k01ap3gi7ldi": "80",
        "m4mzkny7m9fir8127mnlgzaor": "80",
        "mjyktigxpyh4p0l34x92akyb9": "80",
        "mw8j937k4mm35ddo2gvcayvi": "80",
        "ohrzcohwqcfibgpi1j4mzehfr": "80",
        "rr2yg46awozkz264p7ej6ecdi": "80",
        "rxlgcwyszod9437wy1b9h33di": "80",
        "vigf2irhxuyjc143g0bo11yvi": "80",
        "vj10t7vk3baauq57t3q3hm2t9": "80",
        "xf3wsz3fu0qglfcmyemdq85mi": "80",
        "z84kxkcg8o30vmca71kinewmi": "80"
      },
      "Team Support 2 | Integration: Inbox - Single Conversation View: A part is added when we recieve a thread_updated event": {
        "0pomsnlnp8dqseiyqbyugzaor": "80",
        "23oybqxov3zd1jt79no2lhxgvi": "80",
        "3j9y9nh47kt5wh9oax4huayvi": "80",
        "5l1l5ptouf32gloi3xlqziwwmi": "80",
        "7tyuqe1k1o5nbe3xtp0c7919k9": "80",
        "7zh8mgesvsbj29q5qjd3oko6r": "80",
        "9mswtjrkjfpjyi7v7lksp2e29": "80",
        "bpp66c40dvr8tvp487c2wewmi": "80",
        "cxsy6mnvzkljrt4pzcgtlnmi": "80",
        "dcd7neidfjyjcd9lfm4ovquxr": "80",
        "epzmjd3y3lbhl3k1kd4sfw29": "80",
        "gb7hrmpsag7yigh8hjs8aor": "80",
        "klsh08xwy25co71omtfhia4i": "80",
        "kxeatjy8pv72q01d2zqv3g14i": "80",
        "ltyahh52ri7z5k01ap3gi7ldi": "80",
        "m4mzkny7m9fir8127mnlgzaor": "80",
        "mjyktigxpyh4p0l34x92akyb9": "80",
        "mw8j937k4mm35ddo2gvcayvi": "80",
        "ohrzcohwqcfibgpi1j4mzehfr": "80",
        "rr2yg46awozkz264p7ej6ecdi": "80",
        "rxlgcwyszod9437wy1b9h33di": "80",
        "vigf2irhxuyjc143g0bo11yvi": "80",
        "vj10t7vk3baauq57t3q3hm2t9": "80",
        "xf3wsz3fu0qglfcmyemdq85mi": "80",
        "z84kxkcg8o30vmca71kinewmi": "80"
      },
      "Team Support 2 | Integration: Inbox - Single Conversation View: A part is added when we recieve a thread_closed event": {
        "0pomsnlnp8dqseiyqbyugzaor": "80",
        "23oybqxov3zd1jt79no2lhxgvi": "80",
        "3j9y9nh47kt5wh9oax4huayvi": "80",
        "5l1l5ptouf32gloi3xlqziwwmi": "80",
        "7tyuqe1k1o5nbe3xtp0c7919k9": "80",
        "7zh8mgesvsbj29q5qjd3oko6r": "80",
        "9mswtjrkjfpjyi7v7lksp2e29": "80",
        "bpp66c40dvr8tvp487c2wewmi": "80",
        "cxsy6mnvzkljrt4pzcgtlnmi": "80",
        "dcd7neidfjyjcd9lfm4ovquxr": "80",
        "epzmjd3y3lbhl3k1kd4sfw29": "80",
        "gb7hrmpsag7yigh8hjs8aor": "80",
        "klsh08xwy25co71omtfhia4i": "80",
        "kxeatjy8pv72q01d2zqv3g14i": "80",
        "ltyahh52ri7z5k01ap3gi7ldi": "80",
        "m4mzkny7m9fir8127mnlgzaor": "80",
        "mjyktigxpyh4p0l34x92akyb9": "80",
        "mw8j937k4mm35ddo2gvcayvi": "80",
        "ohrzcohwqcfibgpi1j4mzehfr": "80",
        "rr2yg46awozkz264p7ej6ecdi": "80",
        "rxlgcwyszod9437wy1b9h33di": "80",
        "vigf2irhxuyjc143g0bo11yvi": "80",
        "vj10t7vk3baauq57t3q3hm2t9": "80",
        "xf3wsz3fu0qglfcmyemdq85mi": "80",
        "z84kxkcg8o30vmca71kinewmi": "80"
      },
      "Team Support 2 | Acceptance: Assignment Rules: Collapsing a rule card updates the URL": {
        "23oybqxov3zd1jt79no2lhxgvi": "21",
        "7tyuqe1k1o5nbe3xtp0c7919k9": "21",
        "dcd7neidfjyjcd9lfm4ovquxr": "21",
        "epzmjd3y3lbhl3k1kd4sfw29": "21",
        "gb7hrmpsag7yigh8hjs8aor": "21",
        "klsh08xwy25co71omtfhia4i": "21",
        "mjyktigxpyh4p0l34x92akyb9": "21",
        "mw8j937k4mm35ddo2gvcayvi": "21",
        "ohrzcohwqcfibgpi1j4mzehfr": "21",
        "rr2yg46awozkz264p7ej6ecdi": "21",
        "rxlgcwyszod9437wy1b9h33di": "21",
        "vj10t7vk3baauq57t3q3hm2t9": "21",
        "vjapqn3tdd914agpfn4tjra4i": "21",
        "xf3wsz3fu0qglfcmyemdq85mi": "21"
      },
      "Team Support 2 | Acceptance: Assignment Rules: Creating a rule adds a new rule card to the page which is removed when cancelled": {
        "23oybqxov3zd1jt79no2lhxgvi": "21",
        "5l1l5ptouf32gloi3xlqziwwmi": "21",
        "7tyuqe1k1o5nbe3xtp0c7919k9": "21",
        "bpp66c40dvr8tvp487c2wewmi": "21",
        "dcd7neidfjyjcd9lfm4ovquxr": "21",
        "epzmjd3y3lbhl3k1kd4sfw29": "21",
        "gb7hrmpsag7yigh8hjs8aor": "21",
        "mjyktigxpyh4p0l34x92akyb9": "21",
        "mw8j937k4mm35ddo2gvcayvi": "21",
        "ohrzcohwqcfibgpi1j4mzehfr": "21",
        "rxlgcwyszod9437wy1b9h33di": "21",
        "vjapqn3tdd914agpfn4tjra4i": "21"
      },
      "Team Support 2 | Unit: Mixin - Rules - Predicate Common: comparisonOptions returns options for app attribute from predicate filter map": {
        "23oybqxov3zd1jt79no2lhxgvi": "25"
      },
      "Team Support 2 | Acceptance: Assignment Rules: Rules page displays the correct elements when there are rules": {
        "3j9y9nh47kt5wh9oax4huayvi": "21",
        "5l1l5ptouf32gloi3xlqziwwmi": "21",
        "7tyuqe1k1o5nbe3xtp0c7919k9": "21",
        "9mswtjrkjfpjyi7v7lksp2e29": "21",
        "bpp66c40dvr8tvp487c2wewmi": "21",
        "dcd7neidfjyjcd9lfm4ovquxr": "21",
        "epzmjd3y3lbhl3k1kd4sfw29": "21",
        "klsh08xwy25co71omtfhia4i": "21",
        "ltyahh52ri7z5k01ap3gi7ldi": "21",
        "mjyktigxpyh4p0l34x92akyb9": "21",
        "mw8j937k4mm35ddo2gvcayvi": "21",
        "rxlgcwyszod9437wy1b9h33di": "21",
        "vigf2irhxuyjc143g0bo11yvi": "21",
        "vjapqn3tdd914agpfn4tjra4i": "21"
      },
      "Team Support 2 | Acceptance: Assignment Rules: Save and set live shows notification": {
        "3j9y9nh47kt5wh9oax4huayvi": "21",
        "5l1l5ptouf32gloi3xlqziwwmi": "21",
        "7tyuqe1k1o5nbe3xtp0c7919k9": "21",
        "9mswtjrkjfpjyi7v7lksp2e29": "21",
        "bpp66c40dvr8tvp487c2wewmi": "21",
        "cxsy6mnvzkljrt4pzcgtlnmi": "21",
        "epzmjd3y3lbhl3k1kd4sfw29": "21",
        "ltyahh52ri7z5k01ap3gi7ldi": "21",
        "m4mzkny7m9fir8127mnlgzaor": "21",
        "mjyktigxpyh4p0l34x92akyb9": "21",
        "mw8j937k4mm35ddo2gvcayvi": "21",
        "ohrzcohwqcfibgpi1j4mzehfr": "21",
        "rxlgcwyszod9437wy1b9h33di": "21",
        "vigf2irhxuyjc143g0bo11yvi": "21",
        "vjapqn3tdd914agpfn4tjra4i": "21",
        "z84kxkcg8o30vmca71kinewmi": "21"
      },
      "Team Support 2 | Acceptance: Assignment Rules: Editing a rule displays a confirmation modal on cancel whent the rule is dirty": {
        "3j9y9nh47kt5wh9oax4huayvi": "21",
        "5l1l5ptouf32gloi3xlqziwwmi": "21",
        "7tyuqe1k1o5nbe3xtp0c7919k9": "21",
        "dcd7neidfjyjcd9lfm4ovquxr": "21",
        "epzmjd3y3lbhl3k1kd4sfw29": "21",
        "gb7hrmpsag7yigh8hjs8aor": "21",
        "klsh08xwy25co71omtfhia4i": "21",
        "ohrzcohwqcfibgpi1j4mzehfr": "21",
        "rxlgcwyszod9437wy1b9h33di": "21",
        "vigf2irhxuyjc143g0bo11yvi": "21",
        "z84kxkcg8o30vmca71kinewmi": "21"
      },
      "Team Support 2 | Unit: Component - Conversation Summary: Admin comment in card": {
        "3j9y9nh47kt5wh9oax4huayvi": "64",
        "5l1l5ptouf32gloi3xlqziwwmi": "64",
        "7tyuqe1k1o5nbe3xtp0c7919k9": "64",
        "7zh8mgesvsbj29q5qjd3oko6r": "64",
        "bpp66c40dvr8tvp487c2wewmi": "64",
        "epzmjd3y3lbhl3k1kd4sfw29": "64",
        "gb7hrmpsag7yigh8hjs8aor": "64",
        "mjyktigxpyh4p0l34x92akyb9": "64",
        "rxlgcwyszod9437wy1b9h33di": "64",
        "vigf2irhxuyjc143g0bo11yvi": "64",
        "xf3wsz3fu0qglfcmyemdq85mi": "64",
        "z84kxkcg8o30vmca71kinewmi": "64"
      },
      "Team Support 2 | Integration: Inbox - Realtime Updates: When a conversation is seen by the user the last admin part should display the correct seen state": {
        "3j9y9nh47kt5wh9oax4huayvi": "77"
      },
      "Team Support 2 | Integration: Inbox - Realtime Updates: When another admin is typing a comment there should be an indicator in the thread and the conversation is locked": {
        "3j9y9nh47kt5wh9oax4huayvi": "77",
        "epzmjd3y3lbhl3k1kd4sfw29": "77",
        "klsh08xwy25co71omtfhia4i": "77",
        "m4mzkny7m9fir8127mnlgzaor": "77"
      },
      "Team Support 2 | Unit: Component - Conversation Summary: Admin comment with name": {
        "5l1l5ptouf32gloi3xlqziwwmi": "64",
        "7tyuqe1k1o5nbe3xtp0c7919k9": "64",
        "7zh8mgesvsbj29q5qjd3oko6r": "64",
        "9mswtjrkjfpjyi7v7lksp2e29": "64",
        "epzmjd3y3lbhl3k1kd4sfw29": "64",
        "klsh08xwy25co71omtfhia4i": "64",
        "ohrzcohwqcfibgpi1j4mzehfr": "64",
        "vigf2irhxuyjc143g0bo11yvi": "64",
        "xf3wsz3fu0qglfcmyemdq85mi": "64",
        "z84kxkcg8o30vmca71kinewmi": "64"
      },
      "Team Support 2 | Acceptance: Assignment Rules: Changing state shows notification": {
        "7tyuqe1k1o5nbe3xtp0c7919k9": "21",
        "bpp66c40dvr8tvp487c2wewmi": "21",
        "dcd7neidfjyjcd9lfm4ovquxr": "21",
        "epzmjd3y3lbhl3k1kd4sfw29": "21",
        "klsh08xwy25co71omtfhia4i": "21",
        "m4mzkny7m9fir8127mnlgzaor": "21",
        "mjyktigxpyh4p0l34x92akyb9": "21",
        "ohrzcohwqcfibgpi1j4mzehfr": "21",
        "rxlgcwyszod9437wy1b9h33di": "21",
        "vigf2irhxuyjc143g0bo11yvi": "21",
        "vjapqn3tdd914agpfn4tjra4i": "21",
        "z84kxkcg8o30vmca71kinewmi": "21"
      },
      "Team Support 2 | Acceptance: Assignment Rules: Expanding a rule card updates the URL": {
        "7tyuqe1k1o5nbe3xtp0c7919k9": "21",
        "9mswtjrkjfpjyi7v7lksp2e29": "21",
        "dcd7neidfjyjcd9lfm4ovquxr": "21",
        "epzmjd3y3lbhl3k1kd4sfw29": "21",
        "klsh08xwy25co71omtfhia4i": "21",
        "mjyktigxpyh4p0l34x92akyb9": "21",
        "ohrzcohwqcfibgpi1j4mzehfr": "21",
        "rxlgcwyszod9437wy1b9h33di": "21",
        "vigf2irhxuyjc143g0bo11yvi": "21",
        "vjapqn3tdd914agpfn4tjra4i": "21"
      },
      "Team Support 2 | Integration: Component - Mentions Card Component | Integration | Component | conversation/mentions-card-component: Opening a conversation card with a read mention does not mark as read again": {
        "7tyuqe1k1o5nbe3xtp0c7919k9": "77",
        "gb7hrmpsag7yigh8hjs8aor": "77"
      },
      "Team Support 2 | Integration: Component - Mentions Card Component | Integration | Component | conversation/mentions-card-component: The unreadMentionCount for an app is decremented on read": {
        "7tyuqe1k1o5nbe3xtp0c7919k9": "77",
        "9mswtjrkjfpjyi7v7lksp2e29": "77",
        "mw8j937k4mm35ddo2gvcayvi": "77"
      },
      "Team Support 2 | Integration: Inbox - Saved Replies Modal: Editing an existing saved reply": {
        "7tyuqe1k1o5nbe3xtp0c7919k9": "78",
        "7zh8mgesvsbj29q5qjd3oko6r": "78",
        "9mswtjrkjfpjyi7v7lksp2e29": "78",
        "dcd7neidfjyjcd9lfm4ovquxr": "78",
        "kxeatjy8pv72q01d2zqv3g14i": "78",
        "ltyahh52ri7z5k01ap3gi7ldi": "78",
        "mjyktigxpyh4p0l34x92akyb9": "78",
        "vj10t7vk3baauq57t3q3hm2t9": "78",
        "xf3wsz3fu0qglfcmyemdq85mi": "78",
        "z84kxkcg8o30vmca71kinewmi": "78"
      },
      "Team Support 1 | Integration: Component - Draft Component | Integration | Component | conversation/controls/draft-component: saves are throttled and debounced": {
        "7zh8mgesvsbj29q5qjd3oko6r": "76",
        "9mswtjrkjfpjyi7v7lksp2e29": "76",
        "dcd7neidfjyjcd9lfm4ovquxr": "76",
        "ltyahh52ri7z5k01ap3gi7ldi": "76",
        "m4mzkny7m9fir8127mnlgzaor": "76",
        "mw8j937k4mm35ddo2gvcayvi": "76",
        "ohrzcohwqcfibgpi1j4mzehfr": "76"
      },
      "Team Support 2 | Integration: Component - Mentions Card Component | Integration | Component | conversation/mentions-card-component: Opening, closing and re-opening a card": {
        "7zh8mgesvsbj29q5qjd3oko6r": "77",
        "9mswtjrkjfpjyi7v7lksp2e29": "77",
        "bpp66c40dvr8tvp487c2wewmi": "77",
        "klsh08xwy25co71omtfhia4i": "77",
        "rr2yg46awozkz264p7ej6ecdi": "77",
        "vj10t7vk3baauq57t3q3hm2t9": "77"
      },
      "Team Support 2 | Integration: Component - Mentions Card Component | Integration | Component | conversation/mentions-card-component: Unread mentions are marked as read": {
        "9mswtjrkjfpjyi7v7lksp2e29": "77",
        "ltyahh52ri7z5k01ap3gi7ldi": "77",
        "mw8j937k4mm35ddo2gvcayvi": "77"
      },
      "Team Support 2 | Integration: Component - Mentions Card Component | Integration | Component | conversation/mentions-card-component: A collapsed card with multiple mentions marks all unread mentions as read": {
        "9mswtjrkjfpjyi7v7lksp2e29": "77",
        "bpp66c40dvr8tvp487c2wewmi": "77",
        "dcd7neidfjyjcd9lfm4ovquxr": "77",
        "epzmjd3y3lbhl3k1kd4sfw29": "77"
      },
      "Team Support 2 | Integration: Inbox - Realtime Updates: When a user is typing in the thread I am viewing it should show an indicator in the thread & in the list": {
        "cxsy6mnvzkljrt4pzcgtlnmi": "77"
      },
      "Team Support 2 | Acceptance: Assignment Rules: Deleting a rule shows a confirmation and removes the card when confirmed": {
        "epzmjd3y3lbhl3k1kd4sfw29": "21",
        "mw8j937k4mm35ddo2gvcayvi": "21",
        "vjapqn3tdd914agpfn4tjra4i": "21"
      },
      "Team Support 2 | Unit: Component - Conversation Card: Refetching conversation parts": {
        "gb7hrmpsag7yigh8hjs8aor": "56",
        "kxeatjy8pv72q01d2zqv3g14i": "56",
        "z84kxkcg8o30vmca71kinewmi": "56"
      },
      "Team Support 2 | Integration: Inbox - Realtime Updates: When another admin is typing a note there should be an indicator in the thread and the conversation is locked": {
        "klsh08xwy25co71omtfhia4i": "77",
        "m4mzkny7m9fir8127mnlgzaor": "77",
        "mjyktigxpyh4p0l34x92akyb9": "77"
      },
      "Team Support 2 | Unit: Component - Conversation Card: When the conversation changes article insertion stats are hidden": {
        "ltyahh52ri7z5k01ap3gi7ldi": "56",
        "rr2yg46awozkz264p7ej6ecdi": "56"
      },
      "Team Support 1 | Acceptance: Inbox - Keyboard Shortcuts: when composer is focused, \"j\" and \"k\" do not move conversation": {
        "vj10t7vk3baauq57t3q3hm2t9": "22"
      }
    }
  }
}